<?xml version="1.0" encoding="ISO-8859-1" ?>
<link_info>
   <banner>TI ARM Linker PC v20.2.5.LTS</banner>
   <copyright>Copyright (c) 1996-2018 Texas Instruments Incorporated</copyright>
   <link_time>0x623d9139</link_time>
   <link_errors>0x0</link_errors>
   <output_file>grlib_demo.out</output_file>
   <entry_point>
      <name>_c_int00_noargs</name>
      <address>0xa929</address>
   </entry_point>
   <input_file_list>
      <input_file id="fl-2">
         <path>.\</path>
         <kind>object</kind>
         <file>grlib_demo.obj</file>
         <name>grlib_demo.obj</name>
      </input_file>
      <input_file id="fl-3">
         <path>.\</path>
         <kind>object</kind>
         <file>images.obj</file>
         <name>images.obj</name>
      </input_file>
      <input_file id="fl-4">
         <path>.\</path>
         <kind>object</kind>
         <file>startup_ccs.obj</file>
         <name>startup_ccs.obj</name>
      </input_file>
      <input_file id="fl-5">
         <path>.\drivers\</path>
         <kind>object</kind>
         <file>Kentec320x240x16_ssd2119_spi.obj</file>
         <name>Kentec320x240x16_ssd2119_spi.obj</name>
      </input_file>
      <input_file id="fl-6">
         <path>.\drivers\</path>
         <kind>object</kind>
         <file>touch.obj</file>
         <name>touch.obj</name>
      </input_file>
      <input_file id="fl-7">
         <path>.\utils\</path>
         <kind>object</kind>
         <file>ustdlib.obj</file>
         <name>ustdlib.obj</name>
      </input_file>
      <input_file id="fl-d">
         <kind>object</kind>
         <file>&lt;internal&gt;</file>
         <name>&lt;internal&gt;</name>
      </input_file>
      <input_file id="fl-c3">
         <path>C:\ti\ccs1110\ccs\tools\compiler\ti-cgt-arm_20.2.5.LTS\lib\</path>
         <kind>archive</kind>
         <file>rtsv7M4_T_le_v4SPD16_eabi.lib</file>
         <name>u_divt2.asm.obj</name>
      </input_file>
      <input_file id="fl-c4">
         <path>C:\ti\ccs1110\ccs\tools\compiler\ti-cgt-arm_20.2.5.LTS\lib\</path>
         <kind>archive</kind>
         <file>rtsv7M4_T_le_v4SPD16_eabi.lib</file>
         <name>copy_zero_init.c.obj</name>
      </input_file>
      <input_file id="fl-c5">
         <path>C:\ti\ccs1110\ccs\tools\compiler\ti-cgt-arm_20.2.5.LTS\lib\</path>
         <kind>archive</kind>
         <file>rtsv7M4_T_le_v4SPD16_eabi.lib</file>
         <name>copy_decompress_none.c.obj</name>
      </input_file>
      <input_file id="fl-c6">
         <path>C:\ti\ccs1110\ccs\tools\compiler\ti-cgt-arm_20.2.5.LTS\lib\</path>
         <kind>archive</kind>
         <file>rtsv7M4_T_le_v4SPD16_eabi.lib</file>
         <name>copy_decompress_lzss.c.obj</name>
      </input_file>
      <input_file id="fl-c7">
         <path>C:\ti\ccs1110\ccs\tools\compiler\ti-cgt-arm_20.2.5.LTS\lib\</path>
         <kind>archive</kind>
         <file>rtsv7M4_T_le_v4SPD16_eabi.lib</file>
         <name>boot_cortex_m.c.obj</name>
      </input_file>
      <input_file id="fl-c8">
         <path>C:\ti\ccs1110\ccs\tools\compiler\ti-cgt-arm_20.2.5.LTS\lib\</path>
         <kind>archive</kind>
         <file>rtsv7M4_T_le_v4SPD16_eabi.lib</file>
         <name>div0.asm.obj</name>
      </input_file>
      <input_file id="fl-c9">
         <path>C:\ti\ccs1110\ccs\tools\compiler\ti-cgt-arm_20.2.5.LTS\lib\</path>
         <kind>archive</kind>
         <file>rtsv7M4_T_le_v4SPD16_eabi.lib</file>
         <name>memcpy_t2.asm.obj</name>
      </input_file>
      <input_file id="fl-ca">
         <path>C:\ti\ccs1110\ccs\tools\compiler\ti-cgt-arm_20.2.5.LTS\lib\</path>
         <kind>archive</kind>
         <file>rtsv7M4_T_le_v4SPD16_eabi.lib</file>
         <name>memset_t2.asm.obj</name>
      </input_file>
      <input_file id="fl-cb">
         <path>C:\ti\ccs1110\ccs\tools\compiler\ti-cgt-arm_20.2.5.LTS\lib\</path>
         <kind>archive</kind>
         <file>rtsv7M4_T_le_v4SPD16_eabi.lib</file>
         <name>autoinit.c.obj</name>
      </input_file>
      <input_file id="fl-cc">
         <path>C:\ti\ccs1110\ccs\tools\compiler\ti-cgt-arm_20.2.5.LTS\lib\</path>
         <kind>archive</kind>
         <file>rtsv7M4_T_le_v4SPD16_eabi.lib</file>
         <name>pre_init.c.obj</name>
      </input_file>
      <input_file id="fl-cd">
         <path>C:\ti\ccs1110\ccs\tools\compiler\ti-cgt-arm_20.2.5.LTS\lib\</path>
         <kind>archive</kind>
         <file>rtsv7M4_T_le_v4SPD16_eabi.lib</file>
         <name>cpy_tbl.c.obj</name>
      </input_file>
      <input_file id="fl-ce">
         <path>C:\ti\ccs1110\ccs\tools\compiler\ti-cgt-arm_20.2.5.LTS\lib\</path>
         <kind>archive</kind>
         <file>rtsv7M4_T_le_v4SPD16_eabi.lib</file>
         <name>exit.c.obj</name>
      </input_file>
      <input_file id="fl-cf">
         <path>C:\ti\ccs1110\ccs\tools\compiler\ti-cgt-arm_20.2.5.LTS\lib\</path>
         <kind>archive</kind>
         <file>rtsv7M4_T_le_v4SPD16_eabi.lib</file>
         <name>_lock.c.obj</name>
      </input_file>
      <input_file id="fl-d0">
         <path>C:\ti\ccs1110\ccs\tools\compiler\ti-cgt-arm_20.2.5.LTS\lib\</path>
         <kind>archive</kind>
         <file>rtsv7M4_T_le_v4SPD16_eabi.lib</file>
         <name>args_main.c.obj</name>
      </input_file>
      <input_file id="fl-d1">
         <path>C:\ti\tivaware_c_series_2_1_4_178\driverlib\ccs\Debug\</path>
         <kind>archive</kind>
         <file>driverlib.lib</file>
         <name>adc.obj</name>
      </input_file>
      <input_file id="fl-d2">
         <path>C:\ti\tivaware_c_series_2_1_4_178\driverlib\ccs\Debug\</path>
         <kind>archive</kind>
         <file>driverlib.lib</file>
         <name>fpu.obj</name>
      </input_file>
      <input_file id="fl-d3">
         <path>C:\ti\tivaware_c_series_2_1_4_178\driverlib\ccs\Debug\</path>
         <kind>archive</kind>
         <file>driverlib.lib</file>
         <name>gpio.obj</name>
      </input_file>
      <input_file id="fl-d4">
         <path>C:\ti\tivaware_c_series_2_1_4_178\driverlib\ccs\Debug\</path>
         <kind>archive</kind>
         <file>driverlib.lib</file>
         <name>interrupt.obj</name>
      </input_file>
      <input_file id="fl-d5">
         <path>C:\ti\tivaware_c_series_2_1_4_178\driverlib\ccs\Debug\</path>
         <kind>archive</kind>
         <file>driverlib.lib</file>
         <name>ssi.obj</name>
      </input_file>
      <input_file id="fl-d6">
         <path>C:\ti\tivaware_c_series_2_1_4_178\driverlib\ccs\Debug\</path>
         <kind>archive</kind>
         <file>driverlib.lib</file>
         <name>sysctl.obj</name>
      </input_file>
      <input_file id="fl-d7">
         <path>C:\ti\tivaware_c_series_2_1_4_178\driverlib\ccs\Debug\</path>
         <kind>archive</kind>
         <file>driverlib.lib</file>
         <name>timer.obj</name>
      </input_file>
      <input_file id="fl-d8">
         <path>C:\ti\tivaware_c_series_2_1_4_178\driverlib\ccs\Debug\</path>
         <kind>archive</kind>
         <file>driverlib.lib</file>
         <name>udma.obj</name>
      </input_file>
      <input_file id="fl-d9">
         <path>C:\ti\tivaware_c_series_2_1_4_178\driverlib\ccs\Debug\</path>
         <kind>archive</kind>
         <file>driverlib.lib</file>
         <name>cpu.obj</name>
      </input_file>
      <input_file id="fl-da">
         <path>C:\ti\tivaware_c_series_2_1_4_178\grlib\ccs\Debug\</path>
         <kind>archive</kind>
         <file>grlib.lib</file>
         <name>canvas.obj</name>
      </input_file>
      <input_file id="fl-db">
         <path>C:\ti\tivaware_c_series_2_1_4_178\grlib\ccs\Debug\</path>
         <kind>archive</kind>
         <file>grlib.lib</file>
         <name>checkbox.obj</name>
      </input_file>
      <input_file id="fl-dc">
         <path>C:\ti\tivaware_c_series_2_1_4_178\grlib\ccs\Debug\</path>
         <kind>archive</kind>
         <file>grlib.lib</file>
         <name>circle.obj</name>
      </input_file>
      <input_file id="fl-dd">
         <path>C:\ti\tivaware_c_series_2_1_4_178\grlib\ccs\Debug\</path>
         <kind>archive</kind>
         <file>grlib.lib</file>
         <name>container.obj</name>
      </input_file>
      <input_file id="fl-de">
         <path>C:\ti\tivaware_c_series_2_1_4_178\grlib\ccs\Debug\</path>
         <kind>archive</kind>
         <file>grlib.lib</file>
         <name>context.obj</name>
      </input_file>
      <input_file id="fl-df">
         <path>C:\ti\tivaware_c_series_2_1_4_178\grlib\ccs\Debug\</path>
         <kind>archive</kind>
         <file>grlib.lib</file>
         <name>image.obj</name>
      </input_file>
      <input_file id="fl-e0">
         <path>C:\ti\tivaware_c_series_2_1_4_178\grlib\ccs\Debug\</path>
         <kind>archive</kind>
         <file>grlib.lib</file>
         <name>line.obj</name>
      </input_file>
      <input_file id="fl-e1">
         <path>C:\ti\tivaware_c_series_2_1_4_178\grlib\ccs\Debug\</path>
         <kind>archive</kind>
         <file>grlib.lib</file>
         <name>pushbutton.obj</name>
      </input_file>
      <input_file id="fl-e2">
         <path>C:\ti\tivaware_c_series_2_1_4_178\grlib\ccs\Debug\</path>
         <kind>archive</kind>
         <file>grlib.lib</file>
         <name>radiobutton.obj</name>
      </input_file>
      <input_file id="fl-e3">
         <path>C:\ti\tivaware_c_series_2_1_4_178\grlib\ccs\Debug\</path>
         <kind>archive</kind>
         <file>grlib.lib</file>
         <name>rectangle.obj</name>
      </input_file>
      <input_file id="fl-e4">
         <path>C:\ti\tivaware_c_series_2_1_4_178\grlib\ccs\Debug\</path>
         <kind>archive</kind>
         <file>grlib.lib</file>
         <name>slider.obj</name>
      </input_file>
      <input_file id="fl-e5">
         <path>C:\ti\tivaware_c_series_2_1_4_178\grlib\ccs\Debug\</path>
         <kind>archive</kind>
         <file>grlib.lib</file>
         <name>string.obj</name>
      </input_file>
      <input_file id="fl-e6">
         <path>C:\ti\tivaware_c_series_2_1_4_178\grlib\ccs\Debug\</path>
         <kind>archive</kind>
         <file>grlib.lib</file>
         <name>widget.obj</name>
      </input_file>
      <input_file id="fl-e7">
         <path>C:\ti\tivaware_c_series_2_1_4_178\grlib\ccs\Debug\</path>
         <kind>archive</kind>
         <file>grlib.lib</file>
         <name>fontcm12.obj</name>
      </input_file>
      <input_file id="fl-e8">
         <path>C:\ti\tivaware_c_series_2_1_4_178\grlib\ccs\Debug\</path>
         <kind>archive</kind>
         <file>grlib.lib</file>
         <name>fontcm14.obj</name>
      </input_file>
      <input_file id="fl-e9">
         <path>C:\ti\tivaware_c_series_2_1_4_178\grlib\ccs\Debug\</path>
         <kind>archive</kind>
         <file>grlib.lib</file>
         <name>fontcm18.obj</name>
      </input_file>
      <input_file id="fl-ea">
         <path>C:\ti\tivaware_c_series_2_1_4_178\grlib\ccs\Debug\</path>
         <kind>archive</kind>
         <file>grlib.lib</file>
         <name>fontcm20.obj</name>
      </input_file>
      <input_file id="fl-eb">
         <path>C:\ti\tivaware_c_series_2_1_4_178\grlib\ccs\Debug\</path>
         <kind>archive</kind>
         <file>grlib.lib</file>
         <name>fontcm22.obj</name>
      </input_file>
      <input_file id="fl-ec">
         <path>C:\ti\tivaware_c_series_2_1_4_178\grlib\ccs\Debug\</path>
         <kind>archive</kind>
         <file>grlib.lib</file>
         <name>fontcm24.obj</name>
      </input_file>
      <input_file id="fl-ed">
         <path>C:\ti\tivaware_c_series_2_1_4_178\grlib\ccs\Debug\</path>
         <kind>archive</kind>
         <file>grlib.lib</file>
         <name>charmap.obj</name>
      </input_file>
   </input_file_list>
   <object_component_list>
      <object_component id="oc-12">
         <name>.intvecs</name>
         <load_address>0x0</load_address>
         <run_address>0x0</run_address>
         <size>0x200</size>
         <input_file_ref idref="fl-4"/>
      </object_component>
      <object_component id="oc-11c">
         <name>.text:Kentec320x240x16_SSD2119Init</name>
         <load_address>0x6058</load_address>
         <run_address>0x6058</run_address>
         <size>0x53a</size>
         <input_file_ref idref="fl-5"/>
      </object_component>
      <object_component id="oc-33">
         <name>.text:FaultISR</name>
         <load_address>0x6592</load_address>
         <run_address>0x6592</run_address>
         <size>0x2</size>
         <input_file_ref idref="fl-4"/>
      </object_component>
      <object_component id="oc-5dd">
         <name>.text:InternalImageDraw</name>
         <load_address>0x6594</load_address>
         <run_address>0x6594</run_address>
         <size>0x374</size>
         <input_file_ref idref="fl-df"/>
      </object_component>
      <object_component id="oc-65f">
         <name>.text:PixelTransparentDraw</name>
         <load_address>0x6908</load_address>
         <run_address>0x6908</run_address>
         <size>0x2f8</size>
         <input_file_ref idref="fl-df"/>
      </object_component>
      <object_component id="oc-5a2">
         <name>.text:SliderPaint</name>
         <load_address>0x6c00</load_address>
         <run_address>0x6c00</run_address>
         <size>0x2c6</size>
         <input_file_ref idref="fl-e4"/>
      </object_component>
      <object_component id="oc-3c8">
         <name>.text:GrFontGlyphRender</name>
         <load_address>0x6ec6</load_address>
         <run_address>0x6ec6</run_address>
         <size>0x254</size>
         <input_file_ref idref="fl-e5"/>
      </object_component>
      <object_component id="oc-39">
         <name>.text:IntDefaultHandler</name>
         <load_address>0x711a</load_address>
         <run_address>0x711a</run_address>
         <size>0x2</size>
         <input_file_ref idref="fl-4"/>
      </object_component>
      <object_component id="oc-64e">
         <name>.text:uvsnprintf</name>
         <load_address>0x711c</load_address>
         <run_address>0x711c</run_address>
         <size>0x251</size>
         <input_file_ref idref="fl-7"/>
      </object_component>
      <object_component id="oc-558">
         <name>.text:CheckBoxPaint</name>
         <load_address>0x736e</load_address>
         <run_address>0x736e</run_address>
         <size>0x20e</size>
         <input_file_ref idref="fl-db"/>
      </object_component>
      <object_component id="oc-540">
         <name>.text:GrCircleDraw</name>
         <load_address>0x757c</load_address>
         <run_address>0x757c</run_address>
         <size>0x208</size>
         <input_file_ref idref="fl-dc"/>
      </object_component>
      <object_component id="oc-45b">
         <name>.text:OnIntroPaint</name>
         <load_address>0x7784</load_address>
         <run_address>0x7784</run_address>
         <size>0x208</size>
         <input_file_ref idref="fl-2"/>
      </object_component>
      <object_component id="oc-463">
         <name>.text:OnPrimitivePaint</name>
         <load_address>0x798c</load_address>
         <run_address>0x798c</run_address>
         <size>0x200</size>
         <input_file_ref idref="fl-2"/>
      </object_component>
      <object_component id="oc-116">
         <name>.text:SysCtlClockFreqSet</name>
         <load_address>0x7b8c</load_address>
         <run_address>0x7b8c</run_address>
         <size>0x200</size>
         <input_file_ref idref="fl-d6"/>
      </object_component>
      <object_component id="oc-622">
         <name>.text:RadioButtonPaint</name>
         <load_address>0x7d8c</load_address>
         <run_address>0x7d8c</run_address>
         <size>0x1b6</size>
         <input_file_ref idref="fl-e2"/>
      </object_component>
      <object_component id="oc-453">
         <name>.text:CanvasPaint</name>
         <load_address>0x7f42</load_address>
         <run_address>0x7f42</run_address>
         <size>0x190</size>
         <input_file_ref idref="fl-da"/>
      </object_component>
      <object_component id="oc-311">
         <name>.text:Kentec320x240x16_SSD2119Flush</name>
         <load_address>0x80d2</load_address>
         <run_address>0x80d2</run_address>
         <size>0x2</size>
         <input_file_ref idref="fl-5"/>
      </object_component>
      <object_component id="oc-89">
         <name>.text:TouchScreenDebouncer</name>
         <load_address>0x80d4</load_address>
         <run_address>0x80d4</run_address>
         <size>0x180</size>
         <input_file_ref idref="fl-6"/>
      </object_component>
      <object_component id="oc-439">
         <name>.text:RectangularButtonPaint</name>
         <load_address>0x8254</load_address>
         <run_address>0x8254</run_address>
         <size>0x17e</size>
         <input_file_ref idref="fl-e1"/>
      </object_component>
      <object_component id="oc-580">
         <name>.text:CircularButtonPaint</name>
         <load_address>0x83d2</load_address>
         <run_address>0x83d2</run_address>
         <size>0x16e</size>
         <input_file_ref idref="fl-e1"/>
      </object_component>
      <object_component id="oc-c4">
         <name>.text:main</name>
         <load_address>0x8540</load_address>
         <run_address>0x8540</run_address>
         <size>0x164</size>
         <input_file_ref idref="fl-2"/>
      </object_component>
      <object_component id="oc-576">
         <name>.text:ContainerPaint</name>
         <load_address>0x86a4</load_address>
         <run_address>0x86a4</run_address>
         <size>0x154</size>
         <input_file_ref idref="fl-dd"/>
      </object_component>
      <object_component id="oc-2f3">
         <name>.text:Kentec320x240x16_SSD2119PixelDrawMultiple</name>
         <load_address>0x87f8</load_address>
         <run_address>0x87f8</run_address>
         <size>0x14a</size>
         <input_file_ref idref="fl-5"/>
      </object_component>
      <object_component id="oc-53a">
         <name>.text:GrCircleFill</name>
         <load_address>0x8942</load_address>
         <run_address>0x8942</run_address>
         <size>0x144</size>
         <input_file_ref idref="fl-dc"/>
      </object_component>
      <object_component id="oc-409">
         <name>.text:GPIOPadConfigSet</name>
         <load_address>0x8a86</load_address>
         <run_address>0x8a86</run_address>
         <size>0x132</size>
         <input_file_ref idref="fl-d3"/>
      </object_component>
      <object_component id="oc-3f">
         <name>.text:TouchScreenIntHandler</name>
         <load_address>0x8bb8</load_address>
         <run_address>0x8bb8</run_address>
         <size>0x130</size>
         <input_file_ref idref="fl-6"/>
      </object_component>
      <object_component id="oc-305">
         <name>.text:Kentec320x240x16_SSD2119RectFill</name>
         <load_address>0x8ce8</load_address>
         <run_address>0x8ce8</run_address>
         <size>0x124</size>
         <input_file_ref idref="fl-5"/>
      </object_component>
      <object_component id="oc-15f">
         <name>.text:TouchScreenInit</name>
         <load_address>0x8e0c</load_address>
         <run_address>0x8e0c</run_address>
         <size>0x114</size>
         <input_file_ref idref="fl-6"/>
      </object_component>
      <object_component id="oc-534">
         <name>.text:GrLineDraw</name>
         <load_address>0x8f20</load_address>
         <run_address>0x8f20</run_address>
         <size>0x106</size>
         <input_file_ref idref="fl-e0"/>
      </object_component>
      <object_component id="oc-43f">
         <name>.text:RectangularButtonClick</name>
         <load_address>0x9026</load_address>
         <run_address>0x9026</run_address>
         <size>0xf2</size>
         <input_file_ref idref="fl-e1"/>
      </object_component>
      <object_component id="oc-171">
         <name>.text:WidgetMessageQueueAdd</name>
         <load_address>0x9118</load_address>
         <run_address>0x9118</run_address>
         <size>0xe8</size>
         <input_file_ref idref="fl-e6"/>
      </object_component>
      <object_component id="oc-2f9">
         <name>.text:Kentec320x240x16_SSD2119LineDrawH</name>
         <load_address>0x9200</load_address>
         <run_address>0x9200</run_address>
         <size>0xd8</size>
         <input_file_ref idref="fl-5"/>
      </object_component>
      <object_component id="oc-5a8">
         <name>.text:SliderClick</name>
         <load_address>0x92d8</load_address>
         <run_address>0x92d8</run_address>
         <size>0xd6</size>
         <input_file_ref idref="fl-e4"/>
      </object_component>
      <object_component id="oc-586">
         <name>.text:CircularButtonClick</name>
         <load_address>0x93ae</load_address>
         <run_address>0x93ae</run_address>
         <size>0xd4</size>
         <input_file_ref idref="fl-e1"/>
      </object_component>
      <object_component id="oc-251">
         <name>.text:GrDefaultStringRenderer</name>
         <load_address>0x9482</load_address>
         <run_address>0x9482</run_address>
         <size>0xc0</size>
         <input_file_ref idref="fl-e5"/>
      </object_component>
      <object_component id="oc-2d">
         <name>.text:NmiSR</name>
         <load_address>0x9542</load_address>
         <run_address>0x9542</run_address>
         <size>0x2</size>
         <input_file_ref idref="fl-4"/>
      </object_component>
      <object_component id="oc-33a">
         <name>.text:OnPrevious</name>
         <load_address>0x9544</load_address>
         <run_address>0x9544</run_address>
         <size>0xbc</size>
         <input_file_ref idref="fl-2"/>
      </object_component>
      <object_component id="oc-5e7">
         <name>.text:GrLineClip</name>
         <load_address>0x9600</load_address>
         <run_address>0x9600</run_address>
         <size>0xb8</size>
         <input_file_ref idref="fl-e0"/>
      </object_component>
      <object_component id="oc-22b">
         <name>.text:InitSPILCDInterface</name>
         <load_address>0x96b8</load_address>
         <run_address>0x96b8</run_address>
         <size>0xb8</size>
         <input_file_ref idref="fl-5"/>
      </object_component>
      <object_component id="oc-34a">
         <name>.text:OnNext</name>
         <load_address>0x9770</load_address>
         <run_address>0x9770</run_address>
         <size>0xb8</size>
         <input_file_ref idref="fl-2"/>
      </object_component>
      <object_component id="oc-2e6">
         <name>.text:WidgetMessageSendPostOrder</name>
         <load_address>0x9828</load_address>
         <run_address>0x9828</run_address>
         <size>0xb4</size>
         <input_file_ref idref="fl-e6"/>
      </object_component>
      <object_component id="oc-639">
         <name>.text:SliderValueToPosition</name>
         <load_address>0x98dc</load_address>
         <run_address>0x98dc</run_address>
         <size>0xb0</size>
         <input_file_ref idref="fl-e4"/>
      </object_component>
      <object_component id="oc-2ff">
         <name>.text:Kentec320x240x16_SSD2119LineDrawV</name>
         <load_address>0x998c</load_address>
         <run_address>0x998c</run_address>
         <size>0xa4</size>
         <input_file_ref idref="fl-5"/>
      </object_component>
      <object_component id="oc-53">
         <name>.text</name>
         <load_address>0x9a30</load_address>
         <run_address>0x9a30</run_address>
         <size>0x9c</size>
         <input_file_ref idref="fl-c9"/>
      </object_component>
      <object_component id="oc-628">
         <name>.text:RadioButtonClick</name>
         <load_address>0x9acc</load_address>
         <run_address>0x9acc</run_address>
         <size>0x90</size>
         <input_file_ref idref="fl-e2"/>
      </object_component>
      <object_component id="oc-4b1">
         <name>.text:OnSliderChange</name>
         <load_address>0x9b5c</load_address>
         <run_address>0x9b5c</run_address>
         <size>0x8c</size>
         <input_file_ref idref="fl-2"/>
      </object_component>
      <object_component id="oc-5fd">
         <name>.text:OnCanvasPaint</name>
         <load_address>0x9be8</load_address>
         <run_address>0x9be8</run_address>
         <size>0x88</size>
         <input_file_ref idref="fl-2"/>
      </object_component>
      <object_component id="oc-128">
         <name>.text:GrRectFill</name>
         <load_address>0x9c70</load_address>
         <run_address>0x9c70</run_address>
         <size>0x86</size>
         <input_file_ref idref="fl-e3"/>
      </object_component>
      <object_component id="oc-633">
         <name>.text:GrRectIntersectGet</name>
         <load_address>0x9cf6</load_address>
         <run_address>0x9cf6</run_address>
         <size>0x80</size>
         <input_file_ref idref="fl-e3"/>
      </object_component>
      <object_component id="oc-6ad">
         <name>.text</name>
         <load_address>0x9d76</load_address>
         <run_address>0x9d76</run_address>
         <size>0x2</size>
         <input_file_ref idref="fl-c8"/>
      </object_component>
      <object_component id="oc-2ed">
         <name>.text:Kentec320x240x16_SSD2119PixelDraw</name>
         <load_address>0x9d78</load_address>
         <run_address>0x9d78</run_address>
         <size>0x7c</size>
         <input_file_ref idref="fl-5"/>
      </object_component>
      <object_component id="oc-29a">
         <name>.text:ADCSequenceStepConfigure</name>
         <load_address>0x9df4</load_address>
         <run_address>0x9df4</run_address>
         <size>0x7a</size>
         <input_file_ref idref="fl-d1"/>
      </object_component>
      <object_component id="oc-b8">
         <name>.text</name>
         <load_address>0x9e6e</load_address>
         <run_address>0x9e6e</run_address>
         <size>0x7a</size>
         <input_file_ref idref="fl-ca"/>
      </object_component>
      <object_component id="oc-595">
         <name>.text:OnRadioChange</name>
         <load_address>0x9ee8</load_address>
         <run_address>0x9ee8</run_address>
         <size>0x6c</size>
         <input_file_ref idref="fl-2"/>
      </object_component>
      <object_component id="oc-122">
         <name>.text:GrContextInit</name>
         <load_address>0x9f54</load_address>
         <run_address>0x9f54</run_address>
         <size>0x68</size>
         <input_file_ref idref="fl-de"/>
      </object_component>
      <object_component id="oc-13a">
         <name>.text:GrStringWidthGet</name>
         <load_address>0x9fbc</load_address>
         <run_address>0x9fbc</run_address>
         <size>0x68</size>
         <input_file_ref idref="fl-e5"/>
      </object_component>
      <object_component id="oc-2ac">
         <name>.text:IntEnable</name>
         <load_address>0xa024</load_address>
         <run_address>0xa024</run_address>
         <size>0x68</size>
         <input_file_ref idref="fl-d4"/>
      </object_component>
      <object_component id="oc-15">
         <name>.text:decompress:lzss:__TI_decompress_lzss</name>
         <load_address>0xa08c</load_address>
         <run_address>0xa08c</run_address>
         <size>0x68</size>
         <input_file_ref idref="fl-c6"/>
      </object_component>
      <object_component id="oc-514">
         <name>.text:GrContextClipRegionSet</name>
         <load_address>0xa0f4</load_address>
         <run_address>0xa0f4</run_address>
         <size>0x66</size>
         <input_file_ref idref="fl-de"/>
      </object_component>
      <object_component id="oc-12e">
         <name>.text:GrRectDraw</name>
         <load_address>0xa15a</load_address>
         <run_address>0xa15a</run_address>
         <size>0x66</size>
         <input_file_ref idref="fl-e3"/>
      </object_component>
      <object_component id="oc-492">
         <name>.text:OnButtonPress</name>
         <load_address>0xa1c0</load_address>
         <run_address>0xa1c0</run_address>
         <size>0x64</size>
         <input_file_ref idref="fl-2"/>
      </object_component>
      <object_component id="oc-177">
         <name>.text:WidgetMessageQueueProcess</name>
         <load_address>0xa224</load_address>
         <run_address>0xa224</run_address>
         <size>0x64</size>
         <input_file_ref idref="fl-e6"/>
      </object_component>
      <object_component id="oc-2b8">
         <name>.text:TimerConfigure</name>
         <load_address>0xa288</load_address>
         <run_address>0xa288</run_address>
         <size>0x60</size>
         <input_file_ref idref="fl-d7"/>
      </object_component>
      <object_component id="oc-2e0">
         <name>.text:WidgetMessageSendPreOrder</name>
         <load_address>0xa2e8</load_address>
         <run_address>0xa2e8</run_address>
         <size>0x5e</size>
         <input_file_ref idref="fl-e6"/>
      </object_component>
      <object_component id="oc-3e9">
         <name>.text:FontWideGlyphDataGet</name>
         <load_address>0xa346</load_address>
         <run_address>0xa346</run_address>
         <size>0x5a</size>
         <input_file_ref idref="fl-e5"/>
      </object_component>
      <object_component id="oc-640">
         <name>.text:SliderPositionToValue</name>
         <load_address>0xa3a0</load_address>
         <run_address>0xa3a0</run_address>
         <size>0x58</size>
         <input_file_ref idref="fl-e4"/>
      </object_component>
      <object_component id="oc-2c4">
         <name>.text:TimerControlTrigger</name>
         <load_address>0xa3f8</load_address>
         <run_address>0xa3f8</run_address>
         <size>0x58</size>
         <input_file_ref idref="fl-d7"/>
      </object_component>
      <object_component id="oc-294">
         <name>.text:ADCSequenceConfigure</name>
         <load_address>0xa450</load_address>
         <run_address>0xa450</run_address>
         <size>0x50</size>
         <input_file_ref idref="fl-d1"/>
      </object_component>
      <object_component id="oc-55e">
         <name>.text:CheckBoxClick</name>
         <load_address>0xa4a0</load_address>
         <run_address>0xa4a0</run_address>
         <size>0x50</size>
         <input_file_ref idref="fl-db"/>
      </object_component>
      <object_component id="oc-479">
         <name>.text:OnCheckChange</name>
         <load_address>0xa4f0</load_address>
         <run_address>0xa4f0</run_address>
         <size>0x50</size>
         <input_file_ref idref="fl-2"/>
      </object_component>
      <object_component id="oc-44c">
         <name>.text:WidgetRemove</name>
         <load_address>0xa540</load_address>
         <run_address>0xa540</run_address>
         <size>0x4c</size>
         <input_file_ref idref="fl-e6"/>
      </object_component>
      <object_component id="oc-237">
         <name>.text:WriteCommandSPI</name>
         <load_address>0xa58c</load_address>
         <run_address>0xa58c</run_address>
         <size>0x4c</size>
         <input_file_ref idref="fl-5"/>
      </object_component>
      <object_component id="oc-23d">
         <name>.text:WriteDataSPI</name>
         <load_address>0xa5d8</load_address>
         <run_address>0xa5d8</run_address>
         <size>0x4c</size>
         <input_file_ref idref="fl-5"/>
      </object_component>
      <object_component id="oc-272">
         <name>.text:UpdateContextCharMapping</name>
         <load_address>0xa624</load_address>
         <run_address>0xa624</run_address>
         <size>0x4a</size>
         <input_file_ref idref="fl-e5"/>
      </object_component>
      <object_component id="oc-3a0">
         <name>.text:GPIOPinConfigure</name>
         <load_address>0xa670</load_address>
         <run_address>0xa670</run_address>
         <size>0x48</size>
         <input_file_ref idref="fl-d3"/>
      </object_component>
      <object_component id="oc-215">
         <name>.text:_SysCtlFrequencyGet</name>
         <load_address>0xa6b8</load_address>
         <run_address>0xa6b8</run_address>
         <size>0x48</size>
         <input_file_ref idref="fl-d6"/>
      </object_component>
      <object_component id="oc-265">
         <name>.text:GrLineDrawH</name>
         <load_address>0xa700</load_address>
         <run_address>0xa700</run_address>
         <size>0x46</size>
         <input_file_ref idref="fl-e0"/>
      </object_component>
      <object_component id="oc-26b">
         <name>.text:GrLineDrawV</name>
         <load_address>0xa746</load_address>
         <run_address>0xa746</run_address>
         <size>0x46</size>
         <input_file_ref idref="fl-e0"/>
      </object_component>
      <object_component id="oc-1ab">
         <name>.text:__TI_auto_init_nobinit_nopinit:__TI_auto_init_nobinit_nopinit</name>
         <load_address>0xa78c</load_address>
         <run_address>0xa78c</run_address>
         <size>0x44</size>
         <input_file_ref idref="fl-cb"/>
      </object_component>
      <object_component id="oc-696">
         <name>.text</name>
         <load_address>0xa7d0</load_address>
         <run_address>0xa7d0</run_address>
         <size>0x40</size>
         <input_file_ref idref="fl-c3"/>
      </object_component>
      <object_component id="oc-3ac">
         <name>.text:SSIConfigSetExpClk</name>
         <load_address>0xa810</load_address>
         <run_address>0xa810</run_address>
         <size>0x3c</size>
         <input_file_ref idref="fl-d5"/>
      </object_component>
      <object_component id="oc-3ef">
         <name>.text:FontGlyphDataGet</name>
         <load_address>0xa84c</load_address>
         <run_address>0xa84c</run_address>
         <size>0x3a</size>
         <input_file_ref idref="fl-e5"/>
      </object_component>
      <object_component id="oc-687">
         <name>.text:GrRectOverlapCheck</name>
         <load_address>0xa886</load_address>
         <run_address>0xa886</run_address>
         <size>0x38</size>
         <input_file_ref idref="fl-e3"/>
      </object_component>
      <object_component id="oc-669">
         <name>.text:GrClipCodeGet</name>
         <load_address>0xa8be</load_address>
         <run_address>0xa8be</run_address>
         <size>0x36</size>
         <input_file_ref idref="fl-e0"/>
      </object_component>
      <object_component id="oc-14c">
         <name>.text:SysCtlPeripheralEnable</name>
         <load_address>0xa8f4</load_address>
         <run_address>0xa8f4</run_address>
         <size>0x34</size>
         <input_file_ref idref="fl-d6"/>
      </object_component>
      <object_component id="oc-71">
         <name>.text:_c_int00_noargs:_c_int00_noargs</name>
         <load_address>0xa928</load_address>
         <run_address>0xa928</run_address>
         <size>0x34</size>
         <input_file_ref idref="fl-c7"/>
      </object_component>
      <object_component id="oc-473">
         <name>.text:CheckBoxMsgProc</name>
         <load_address>0xa95c</load_address>
         <run_address>0xa95c</run_address>
         <size>0x2e</size>
         <input_file_ref idref="fl-db"/>
      </object_component>
      <object_component id="oc-27b">
         <name>.text:GrStringNextCharGet</name>
         <load_address>0xa98a</load_address>
         <run_address>0xa98a</run_address>
         <size>0x2e</size>
         <input_file_ref idref="fl-e5"/>
      </object_component>
      <object_component id="oc-58f">
         <name>.text:RadioButtonMsgProc</name>
         <load_address>0xa9b8</load_address>
         <run_address>0xa9b8</run_address>
         <size>0x2e</size>
         <input_file_ref idref="fl-e2"/>
      </object_component>
      <object_component id="oc-498">
         <name>.text:CircularButtonMsgProc</name>
         <load_address>0xa9e6</load_address>
         <run_address>0xa9e6</run_address>
         <size>0x2c</size>
         <input_file_ref idref="fl-e1"/>
      </object_component>
      <object_component id="oc-140">
         <name>.text:GrFontBaselineGet</name>
         <load_address>0xaa12</load_address>
         <run_address>0xaa12</run_address>
         <size>0x2c</size>
         <input_file_ref idref="fl-e5"/>
      </object_component>
      <object_component id="oc-52c">
         <name>.text:GrFontHeightGet</name>
         <load_address>0xaa3e</load_address>
         <run_address>0xaa3e</run_address>
         <size>0x2c</size>
         <input_file_ref idref="fl-e5"/>
      </object_component>
      <object_component id="oc-32d">
         <name>.text:RectangularButtonMsgProc</name>
         <load_address>0xaa6a</load_address>
         <run_address>0xaa6a</run_address>
         <size>0x2c</size>
         <input_file_ref idref="fl-e1"/>
      </object_component>
      <object_component id="oc-4ab">
         <name>.text:SliderMsgProc</name>
         <load_address>0xaa96</load_address>
         <run_address>0xaa96</run_address>
         <size>0x2c</size>
         <input_file_ref idref="fl-e4"/>
      </object_component>
      <object_component id="oc-426">
         <name>.text:WidgetIsInTree</name>
         <load_address>0xaac2</load_address>
         <run_address>0xaac2</run_address>
         <size>0x2c</size>
         <input_file_ref idref="fl-e6"/>
      </object_component>
      <object_component id="oc-40f">
         <name>.text:GPIODirModeSet</name>
         <load_address>0xaaee</load_address>
         <run_address>0xaaee</run_address>
         <size>0x2a</size>
         <input_file_ref idref="fl-d3"/>
      </object_component>
      <object_component id="oc-690">
         <name>.text:ustrncpy</name>
         <load_address>0xab18</load_address>
         <run_address>0xab18</run_address>
         <size>0x2a</size>
         <input_file_ref idref="fl-7"/>
      </object_component>
      <object_component id="oc-287">
         <name>.text:GrFontInfoGet</name>
         <load_address>0xab42</load_address>
         <run_address>0xab42</run_address>
         <size>0x26</size>
         <input_file_ref idref="fl-e5"/>
      </object_component>
      <object_component id="oc-281">
         <name>.text:GrFontGlyphDataGet</name>
         <load_address>0xab68</load_address>
         <run_address>0xab68</run_address>
         <size>0x22</size>
         <input_file_ref idref="fl-e5"/>
      </object_component>
      <object_component id="oc-20f">
         <name>.text:_SysCtlMemTimingGet</name>
         <load_address>0xab8c</load_address>
         <run_address>0xab8c</run_address>
         <size>0x20</size>
         <input_file_ref idref="fl-d6"/>
      </object_component>
      <object_component id="oc-5b0">
         <name>.text:usprintf</name>
         <load_address>0xabac</load_address>
         <run_address>0xabac</run_address>
         <size>0x20</size>
         <input_file_ref idref="fl-7"/>
      </object_component>
      <object_component id="oc-3df">
         <name>.text:GrFontCodepageGet</name>
         <load_address>0xabcc</load_address>
         <run_address>0xabcc</run_address>
         <size>0x1e</size>
         <input_file_ref idref="fl-e5"/>
      </object_component>
      <object_component id="oc-16b">
         <name>.text:WidgetAdd</name>
         <load_address>0xabea</load_address>
         <run_address>0xabea</run_address>
         <size>0x1e</size>
         <input_file_ref idref="fl-e6"/>
      </object_component>
      <object_component id="oc-185">
         <name>.text:WidgetPointerMessage</name>
         <load_address>0xac08</load_address>
         <run_address>0xac08</run_address>
         <size>0x1c</size>
         <input_file_ref idref="fl-e6"/>
      </object_component>
      <object_component id="oc-2b2">
         <name>.text:GPIOPinTypeGPIOOutput</name>
         <load_address>0xac24</load_address>
         <run_address>0xac24</run_address>
         <size>0x18</size>
         <input_file_ref idref="fl-d3"/>
      </object_component>
      <object_component id="oc-146">
         <name>.text:GrStringDraw</name>
         <load_address>0xac3c</load_address>
         <run_address>0xac3c</run_address>
         <size>0x16</size>
         <input_file_ref idref="fl-e5"/>
      </object_component>
      <object_component id="oc-30b">
         <name>.text:Kentec320x240x16_SSD2119ColorTranslate</name>
         <load_address>0xac52</load_address>
         <run_address>0xac52</run_address>
         <size>0x16</size>
         <input_file_ref idref="fl-5"/>
      </object_component>
      <object_component id="oc-342">
         <name>.text:CanvasMsgProc</name>
         <load_address>0xac68</load_address>
         <run_address>0xac68</run_address>
         <size>0x14</size>
         <input_file_ref idref="fl-da"/>
      </object_component>
      <object_component id="oc-48a">
         <name>.text:ContainerMsgProc</name>
         <load_address>0xac7c</load_address>
         <run_address>0xac7c</run_address>
         <size>0x14</size>
         <input_file_ref idref="fl-dd"/>
      </object_component>
      <object_component id="oc-2d5">
         <name>.text:WidgetMutexGet</name>
         <load_address>0xac90</load_address>
         <run_address>0xac90</run_address>
         <size>0x14</size>
         <input_file_ref idref="fl-e6"/>
      </object_component>
      <object_component id="oc-3a6">
         <name>.text:GPIOPinTypeSSI</name>
         <load_address>0xaca4</load_address>
         <run_address>0xaca4</run_address>
         <size>0x12</size>
         <input_file_ref idref="fl-d3"/>
      </object_component>
      <object_component id="oc-3b8">
         <name>.text:SSIDataGetNonBlocking</name>
         <load_address>0xacb6</load_address>
         <run_address>0xacb6</run_address>
         <size>0x12</size>
         <input_file_ref idref="fl-d5"/>
      </object_component>
      <object_component id="oc-2be">
         <name>.text:TimerLoadSet</name>
         <load_address>0xacc8</load_address>
         <run_address>0xacc8</run_address>
         <size>0x12</size>
         <input_file_ref idref="fl-d7"/>
      </object_component>
      <object_component id="oc-2a6">
         <name>.text:ADCIntEnable</name>
         <load_address>0xacda</load_address>
         <run_address>0xacda</run_address>
         <size>0x10</size>
         <input_file_ref idref="fl-d1"/>
      </object_component>
      <object_component id="oc-10a">
         <name>.text:FPUEnable</name>
         <load_address>0xacec</load_address>
         <run_address>0xacec</run_address>
         <size>0x10</size>
         <input_file_ref idref="fl-d2"/>
      </object_component>
      <object_component id="oc-110">
         <name>.text:FPULazyStackingEnable</name>
         <load_address>0xacfc</load_address>
         <run_address>0xacfc</run_address>
         <size>0x10</size>
         <input_file_ref idref="fl-d2"/>
      </object_component>
      <object_component id="oc-159">
         <name>.text:uDMAEnable</name>
         <load_address>0xad0c</load_address>
         <run_address>0xad0c</run_address>
         <size>0x10</size>
         <input_file_ref idref="fl-d8"/>
      </object_component>
      <object_component id="oc-2a0">
         <name>.text:ADCSequenceEnable</name>
         <load_address>0xad1c</load_address>
         <run_address>0xad1c</run_address>
         <size>0xe</size>
         <input_file_ref idref="fl-d1"/>
      </object_component>
      <object_component id="oc-51a">
         <name>.text:GrImageDraw</name>
         <load_address>0xad2a</load_address>
         <run_address>0xad2a</run_address>
         <size>0xe</size>
         <input_file_ref idref="fl-df"/>
      </object_component>
      <object_component id="oc-2ca">
         <name>.text:TimerEnable</name>
         <load_address>0xad38</load_address>
         <run_address>0xad38</run_address>
         <size>0xe</size>
         <input_file_ref idref="fl-d7"/>
      </object_component>
      <object_component id="oc-1b">
         <name>.text:decompress:none:__TI_decompress_none</name>
         <load_address>0xad46</load_address>
         <run_address>0xad46</run_address>
         <size>0xe</size>
         <input_file_ref idref="fl-c5"/>
      </object_component>
      <object_component id="oc-165">
         <name>.text:TouchScreenCallbackSet</name>
         <load_address>0xad54</load_address>
         <run_address>0xad54</run_address>
         <size>0xc</size>
         <input_file_ref idref="fl-6"/>
      </object_component>
      <object_component id="oc-65">
         <name>.text:decompress:ZI:__TI_zero_init</name>
         <load_address>0xad60</load_address>
         <run_address>0xad60</run_address>
         <size>0xc</size>
         <input_file_ref idref="fl-c4"/>
      </object_component>
      <object_component id="oc-153">
         <name>.text:uDMAControlBaseSet</name>
         <load_address>0xad6c</load_address>
         <run_address>0xad6c</run_address>
         <size>0xc</size>
         <input_file_ref idref="fl-d8"/>
      </object_component>
      <object_component id="oc-243">
         <name>.text:SSIDataPut</name>
         <load_address>0xad78</load_address>
         <run_address>0xad78</run_address>
         <size>0xa</size>
         <input_file_ref idref="fl-d5"/>
      </object_component>
      <object_component id="oc-3b2">
         <name>.text:SSIEnable</name>
         <load_address>0xad82</load_address>
         <run_address>0xad82</run_address>
         <size>0xa</size>
         <input_file_ref idref="fl-d5"/>
      </object_component>
      <object_component id="oc-3cf">
         <name>.text:GrMapISO8859_1_Unicode</name>
         <load_address>0xad8c</load_address>
         <run_address>0xad8c</run_address>
         <size>0x8</size>
         <input_file_ref idref="fl-ed"/>
      </object_component>
      <object_component id="oc-249">
         <name>.text:SSIBusy</name>
         <load_address>0xad94</load_address>
         <run_address>0xad94</run_address>
         <size>0x8</size>
         <input_file_ref idref="fl-d5"/>
      </object_component>
      <object_component id="oc-231">
         <name>.text:GPIOPinWrite</name>
         <load_address>0xad9c</load_address>
         <run_address>0xad9c</run_address>
         <size>0x6</size>
         <input_file_ref idref="fl-d3"/>
      </object_component>
      <object_component id="oc-134">
         <name>.text:GrContextFontSet</name>
         <load_address>0xada2</load_address>
         <run_address>0xada2</run_address>
         <size>0x6</size>
         <input_file_ref idref="fl-e5"/>
      </object_component>
      <object_component id="oc-27">
         <name>.text:ResetISR</name>
         <load_address>0xada8</load_address>
         <run_address>0xada8</run_address>
         <size>0x6</size>
         <input_file_ref idref="fl-4"/>
      </object_component>
      <object_component id="oc-152">
         <name>.text:SysCtlDelay</name>
         <load_address>0xadae</load_address>
         <run_address>0xadae</run_address>
         <size>0x6</size>
         <input_file_ref idref="fl-d6"/>
      </object_component>
      <object_component id="oc-2d6">
         <name>.text:WidgetMutexPut</name>
         <load_address>0xadb4</load_address>
         <run_address>0xadb4</run_address>
         <size>0x6</size>
         <input_file_ref idref="fl-e6"/>
      </object_component>
      <object_component id="oc-320">
         <name>.text:WidgetDefaultMsgProc</name>
         <load_address>0xadba</load_address>
         <run_address>0xadba</run_address>
         <size>0x4</size>
         <input_file_ref idref="fl-e6"/>
      </object_component>
      <object_component id="oc-be">
         <name>.text:_system_pre_init</name>
         <load_address>0xadbe</load_address>
         <run_address>0xadbe</run_address>
         <size>0x4</size>
         <input_file_ref idref="fl-cc"/>
      </object_component>
      <object_component id="oc-19f">
         <name>.text:abort:abort</name>
         <load_address>0xadc2</load_address>
         <run_address>0xadc2</run_address>
         <size>0x4</size>
         <input_file_ref idref="fl-ce"/>
      </object_component>
      <object_component id="oc-5f7">
         <name>.const:.string:g_pui8Cm24Data</name>
         <load_address>0x200</load_address>
         <run_address>0x200</run_address>
         <size>0xa60</size>
         <input_file_ref idref="fl-ec"/>
      </object_component>
      <object_component id="oc-552">
         <name>.const:.string:g_pui8Cm22Data</name>
         <load_address>0xc60</load_address>
         <run_address>0xc60</run_address>
         <size>0x960</size>
         <input_file_ref idref="fl-eb"/>
      </object_component>
      <object_component id="oc-319">
         <name>.const:.string:g_pui8Cm20Data</name>
         <load_address>0x15c0</load_address>
         <run_address>0x15c0</run_address>
         <size>0x95e</size>
         <input_file_ref idref="fl-ea"/>
      </object_component>
      <object_component id="oc-5b9">
         <name>.const:.string:g_pui8Cm18Data</name>
         <load_address>0x1f1e</load_address>
         <run_address>0x1f1e</run_address>
         <size>0x86e</size>
         <input_file_ref idref="fl-e9"/>
      </object_component>
      <object_component id="oc-4c3">
         <name>.const:.string:g_pui8RedSlider195x37</name>
         <load_address>0x278c</load_address>
         <run_address>0x278c</run_address>
         <size>0x83d</size>
         <input_file_ref idref="fl-3"/>
      </object_component>
      <object_component id="oc-4c0">
         <name>.const:.string:g_pui8GreenSlider195x37</name>
         <load_address>0x2fc9</load_address>
         <run_address>0x2fc9</run_address>
         <size>0x826</size>
         <input_file_ref idref="fl-3"/>
      </object_component>
      <object_component id="oc-4ba">
         <name>.const:.string:g_pui8GettingHotter28x148</name>
         <load_address>0x37ef</load_address>
         <run_address>0x37ef</run_address>
         <size>0x705</size>
         <input_file_ref idref="fl-3"/>
      </object_component>
      <object_component id="oc-5f1">
         <name>.const:.string:g_pui8Cm14Data</name>
         <load_address>0x3ef4</load_address>
         <run_address>0x3ef4</run_address>
         <size>0x65a</size>
         <input_file_ref idref="fl-e8"/>
      </object_component>
      <object_component id="oc-6a5">
         <name>.const:.string:g_pui8Cm12Data</name>
         <load_address>0x454e</load_address>
         <run_address>0x454e</run_address>
         <size>0x55f</size>
         <input_file_ref idref="fl-e7"/>
      </object_component>
      <object_component id="oc-4bd">
         <name>.const:.string:g_pui8GettingHotter28x148Mono</name>
         <load_address>0x4aad</load_address>
         <run_address>0x4aad</run_address>
         <size>0x3ad</size>
         <input_file_ref idref="fl-3"/>
      </object_component>
      <object_component id="oc-47f">
         <name>.const:.string:g_pui8Logo</name>
         <load_address>0x4e5a</load_address>
         <run_address>0x4e5a</run_address>
         <size>0x230</size>
         <input_file_ref idref="fl-3"/>
      </object_component>
      <object_component id="oc-334">
         <name>.const:.string:g_pui8Blue50x50</name>
         <load_address>0x508a</load_address>
         <run_address>0x508a</run_address>
         <size>0x210</size>
         <input_file_ref idref="fl-3"/>
      </object_component>
      <object_component id="oc-337">
         <name>.const:.string:g_pui8Blue50x50Press</name>
         <load_address>0x529a</load_address>
         <run_address>0x529a</run_address>
         <size>0x20e</size>
         <input_file_ref idref="fl-3"/>
      </object_component>
      <object_component id="oc-21e">
         <name>.const:g_pppui32XTALtoVCO</name>
         <load_address>0x54a8</load_address>
         <run_address>0x54a8</run_address>
         <size>0x1b0</size>
         <input_file_ref idref="fl-d6"/>
      </object_component>
      <object_component id="oc-333">
         <name>.const:.string</name>
         <load_address>0x5658</load_address>
         <run_address>0x5658</run_address>
         <size>0x17a</size>
         <input_file_ref idref="fl-2"/>
      </object_component>
      <object_component id="oc-569">
         <name>.const:.string:g_pui8LightOff</name>
         <load_address>0x57d2</load_address>
         <run_address>0x57d2</run_address>
         <size>0xf5</size>
         <input_file_ref idref="fl-3"/>
      </object_component>
      <object_component id="oc-566">
         <name>.const:.string:g_pui8LightOn</name>
         <load_address>0x58c7</load_address>
         <run_address>0x58c7</run_address>
         <size>0xe6</size>
         <input_file_ref idref="fl-3"/>
      </object_component>
      <object_component id="oc-67a">
         <name>.const:g_sFontCm12</name>
         <load_address>0x59b0</load_address>
         <run_address>0x59b0</run_address>
         <size>0xc8</size>
         <input_file_ref idref="fl-e7"/>
      </object_component>
      <object_component id="oc-546">
         <name>.const:g_sFontCm14</name>
         <load_address>0x5a78</load_address>
         <run_address>0x5a78</run_address>
         <size>0xc8</size>
         <input_file_ref idref="fl-e8"/>
      </object_component>
      <object_component id="oc-4b7">
         <name>.const:g_sFontCm18</name>
         <load_address>0x5b40</load_address>
         <run_address>0x5b40</run_address>
         <size>0xc8</size>
         <input_file_ref idref="fl-e9"/>
      </object_component>
      <object_component id="oc-181">
         <name>.const:g_sFontCm20</name>
         <load_address>0x5c08</load_address>
         <run_address>0x5c08</run_address>
         <size>0xc8</size>
         <input_file_ref idref="fl-ea"/>
      </object_component>
      <object_component id="oc-46e">
         <name>.const:g_sFontCm22</name>
         <load_address>0x5cd0</load_address>
         <run_address>0x5cd0</run_address>
         <size>0xc8</size>
         <input_file_ref idref="fl-eb"/>
      </object_component>
      <object_component id="oc-549">
         <name>.const:g_sFontCm24</name>
         <load_address>0x5d98</load_address>
         <run_address>0x5d98</run_address>
         <size>0xc8</size>
         <input_file_ref idref="fl-ec"/>
      </object_component>
      <object_component id="oc-4ee">
         <name>.const:g_pui32GPIOBaseAddrs</name>
         <load_address>0x5e60</load_address>
         <run_address>0x5e60</run_address>
         <size>0x90</size>
         <input_file_ref idref="fl-d3"/>
      </object_component>
      <object_component id="oc-404">
         <name>.const</name>
         <load_address>0x5ef0</load_address>
         <run_address>0x5ef0</run_address>
         <size>0x70</size>
         <input_file_ref idref="fl-d4"/>
      </object_component>
      <object_component id="oc-21b">
         <name>.const:g_pui32Xtals</name>
         <load_address>0x5f60</load_address>
         <run_address>0x5f60</run_address>
         <size>0x6c</size>
         <input_file_ref idref="fl-d6"/>
      </object_component>
      <object_component id="oc-38e">
         <name>.const:g_sXTALtoMEMTIM</name>
         <load_address>0x5fcc</load_address>
         <run_address>0x5fcc</run_address>
         <size>0x30</size>
         <input_file_ref idref="fl-d6"/>
      </object_component>
      <object_component id="oc-17e">
         <name>.const:g_sKentec320x240x16_SSD2119</name>
         <load_address>0x5ffc</load_address>
         <run_address>0x5ffc</run_address>
         <size>0x28</size>
         <input_file_ref idref="fl-5"/>
      </object_component>
      <object_component id="oc-d6">
         <name>.const:g_pi32TouchParameters</name>
         <load_address>0x6024</load_address>
         <run_address>0x6024</run_address>
         <size>0x1c</size>
         <input_file_ref idref="fl-6"/>
      </object_component>
      <object_component id="oc-257">
         <name>.const</name>
         <load_address>0x6040</load_address>
         <run_address>0x6040</run_address>
         <size>0x10</size>
         <input_file_ref idref="fl-de"/>
      </object_component>
      <object_component id="oc-221">
         <name>.const</name>
         <load_address>0x6050</load_address>
         <run_address>0x6050</run_address>
         <size>0x8</size>
         <input_file_ref idref="fl-d6"/>
      </object_component>
      <object_component id="oc-6e3">
         <name>.cinit..data.load</name>
         <load_address>0xadc8</load_address>
         <run_address>0xadc8</run_address>
         <size>0x4d0</size>
      </object_component>
      <object_component id="oc-6e1">
         <name>__TI_handler_table</name>
         <load_address>0xb298</load_address>
         <run_address>0xb298</run_address>
         <size>0xc</size>
      </object_component>
      <object_component id="oc-6e4">
         <name>.cinit..bss.load</name>
         <load_address>0xb2a8</load_address>
         <run_address>0xb2a8</run_address>
         <size>0x8</size>
      </object_component>
      <object_component id="oc-6e2">
         <name>__TI_cinit_table</name>
         <load_address>0xb2b0</load_address>
         <run_address>0xb2b0</run_address>
         <size>0x10</size>
      </object_component>
      <object_component id="oc-352">
         <name>.data:g_sIntroduction</name>
         <load_address>0x20000ed8</load_address>
         <run_address>0x20000ed8</run_address>
         <size>0x40</size>
         <input_file_ref idref="fl-2"/>
      </object_component>
      <object_component id="oc-355">
         <name>.data:g_sPrimitives</name>
         <load_address>0x20000f18</load_address>
         <run_address>0x20000f18</run_address>
         <size>0x40</size>
         <input_file_ref idref="fl-2"/>
      </object_component>
      <object_component id="oc-54d">
         <name>.data:g_sCanvas3</name>
         <load_address>0x20000e98</load_address>
         <run_address>0x20000e98</run_address>
         <size>0x40</size>
         <input_file_ref idref="fl-2"/>
      </object_component>
      <object_component id="oc-46b">
         <name>.data:g_sCanvas2</name>
         <load_address>0x20000e58</load_address>
         <run_address>0x20000e58</run_address>
         <size>0x40</size>
         <input_file_ref idref="fl-2"/>
      </object_component>
      <object_component id="oc-358">
         <name>.data:g_sCanvas1</name>
         <load_address>0x20000e18</load_address>
         <run_address>0x20000e18</run_address>
         <size>0x40</size>
         <input_file_ref idref="fl-2"/>
      </object_component>
      <object_component id="oc-482">
         <name>.data:g_psCheckBoxIndicators</name>
         <load_address>0x20000a08</load_address>
         <run_address>0x20000a08</run_address>
         <size>0xc0</size>
         <input_file_ref idref="fl-2"/>
      </object_component>
      <object_component id="oc-35b">
         <name>.data:g_psCheckBoxes</name>
         <load_address>0x20000ac8</load_address>
         <run_address>0x20000ac8</run_address>
         <size>0xc0</size>
         <input_file_ref idref="fl-2"/>
      </object_component>
      <object_component id="oc-571">
         <name>.data:g_sContainer3</name>
         <load_address>0x20001048</load_address>
         <run_address>0x20001048</run_address>
         <size>0x38</size>
         <input_file_ref idref="fl-2"/>
      </object_component>
      <object_component id="oc-487">
         <name>.data:g_sContainer2</name>
         <load_address>0x20001010</load_address>
         <run_address>0x20001010</run_address>
         <size>0x38</size>
         <input_file_ref idref="fl-2"/>
      </object_component>
      <object_component id="oc-35e">
         <name>.data:g_sContainer1</name>
         <load_address>0x20000fd8</load_address>
         <run_address>0x20000fd8</run_address>
         <size>0x38</size>
         <input_file_ref idref="fl-2"/>
      </object_component>
      <object_component id="oc-49e">
         <name>.data:g_psPushButtonIndicators</name>
         <load_address>0x20000000</load_address>
         <run_address>0x20000000</run_address>
         <size>0x280</size>
         <input_file_ref idref="fl-2"/>
      </object_component>
      <object_component id="oc-361">
         <name>.data:g_psPushButtons</name>
         <load_address>0x200006a8</load_address>
         <run_address>0x200006a8</run_address>
         <size>0x1e0</size>
         <input_file_ref idref="fl-2"/>
      </object_component>
      <object_component id="oc-59b">
         <name>.data:g_psRadioButtonIndicators</name>
         <load_address>0x20000888</load_address>
         <run_address>0x20000888</run_address>
         <size>0x180</size>
         <input_file_ref idref="fl-2"/>
      </object_component>
      <object_component id="oc-4a3">
         <name>.data:g_psRadioButtons1</name>
         <load_address>0x20000b88</load_address>
         <run_address>0x20000b88</run_address>
         <size>0xc0</size>
         <input_file_ref idref="fl-2"/>
      </object_component>
      <object_component id="oc-4a6">
         <name>.data:g_psRadioButtons2</name>
         <load_address>0x20000c48</load_address>
         <run_address>0x20000c48</run_address>
         <size>0xc0</size>
         <input_file_ref idref="fl-2"/>
      </object_component>
      <object_component id="oc-364">
         <name>.data:g_psRadioContainers</name>
         <load_address>0x20000d08</load_address>
         <run_address>0x20000d08</run_address>
         <size>0x70</size>
         <input_file_ref idref="fl-2"/>
      </object_component>
      <object_component id="oc-4c6">
         <name>.data:g_sSliderValueCanvas</name>
         <load_address>0x20000f58</load_address>
         <run_address>0x20000f58</run_address>
         <size>0x40</size>
         <input_file_ref idref="fl-2"/>
      </object_component>
      <object_component id="oc-367">
         <name>.data:g_psSliders</name>
         <load_address>0x20000280</load_address>
         <run_address>0x20000280</run_address>
         <size>0x228</size>
         <input_file_ref idref="fl-2"/>
      </object_component>
      <object_component id="oc-198">
         <name>.data:g_psPanels</name>
         <load_address>0x200004a8</load_address>
         <run_address>0x200004a8</run_address>
         <size>0x200</size>
         <input_file_ref idref="fl-2"/>
      </object_component>
      <object_component id="oc-19b">
         <name>.data:g_pcPanei32Names</name>
         <load_address>0x200010b0</load_address>
         <run_address>0x200010b0</run_address>
         <size>0x24</size>
         <input_file_ref idref="fl-2"/>
      </object_component>
      <object_component id="oc-18e">
         <name>.data:g_sPrevious</name>
         <load_address>0x20000dc8</load_address>
         <run_address>0x20000dc8</run_address>
         <size>0x50</size>
         <input_file_ref idref="fl-2"/>
      </object_component>
      <object_component id="oc-191">
         <name>.data:g_sTitle</name>
         <load_address>0x20000f98</load_address>
         <run_address>0x20000f98</run_address>
         <size>0x40</size>
         <input_file_ref idref="fl-2"/>
      </object_component>
      <object_component id="oc-194">
         <name>.data:g_sNext</name>
         <load_address>0x20000d78</load_address>
         <run_address>0x20000d78</run_address>
         <size>0x50</size>
         <input_file_ref idref="fl-2"/>
      </object_component>
      <object_component id="oc-d9">
         <name>.data</name>
         <load_address>0x200010d4</load_address>
         <run_address>0x200010d4</run_address>
         <size>0x4</size>
         <input_file_ref idref="fl-6"/>
      </object_component>
      <object_component id="oc-18b">
         <name>.data</name>
         <load_address>0x20001080</load_address>
         <run_address>0x20001080</run_address>
         <size>0x2d</size>
         <input_file_ref idref="fl-e6"/>
      </object_component>
      <object_component id="oc-5b6">
         <name>.bss:pcCanvasText$1</name>
         <uninitialized>true</uninitialized>
         <run_address>0x20001970</run_address>
         <size>0x8</size>
         <input_file_ref idref="fl-2"/>
      </object_component>
      <object_component id="oc-5b7">
         <name>.bss:pcSliderText$2</name>
         <uninitialized>true</uninitialized>
         <run_address>0x20001978</run_address>
         <size>0x8</size>
         <input_file_ref idref="fl-2"/>
      </object_component>
      <object_component id="oc-8f">
         <name>.bss</name>
         <uninitialized>true</uninitialized>
         <run_address>0x20001980</run_address>
         <size>0x8</size>
         <input_file_ref idref="fl-6"/>
      </object_component>
      <object_component id="oc-dc">
         <name>.bss:g_pi16Samples</name>
         <uninitialized>true</uninitialized>
         <run_address>0x20001960</run_address>
         <size>0x10</size>
         <input_file_ref idref="fl-6"/>
      </object_component>
      <object_component id="oc-2dc">
         <name>.bss:g_psMQ</name>
         <uninitialized>true</uninitialized>
         <run_address>0x20001800</run_address>
         <size>0x140</size>
         <input_file_ref idref="fl-e6"/>
      </object_component>
      <object_component id="oc-17d">
         <name>.common:g_ui32SysClock</name>
         <uninitialized>true</uninitialized>
         <run_address>0x20001998</run_address>
         <size>0x4</size>
      </object_component>
      <object_component id="oc-184">
         <name>.common:psDMAControlTable</name>
         <uninitialized>true</uninitialized>
         <run_address>0x20001400</run_address>
         <size>0x400</size>
      </object_component>
      <object_component id="oc-57e">
         <name>.common:g_ui32ButtonState</name>
         <uninitialized>true</uninitialized>
         <run_address>0x20001990</run_address>
         <size>0x4</size>
      </object_component>
      <object_component id="oc-197">
         <name>.common:g_ui32Panel</name>
         <uninitialized>true</uninitialized>
         <run_address>0x20001994</run_address>
         <size>0x4</size>
      </object_component>
      <object_component id="oc-2d0">
         <name>.common:g_pi32ParmSet</name>
         <uninitialized>true</uninitialized>
         <run_address>0x20001988</run_address>
         <size>0x4</size>
      </object_component>
      <object_component id="oc-95">
         <name>.common:g_i16TouchX</name>
         <uninitialized>true</uninitialized>
         <run_address>0x2000199c</run_address>
         <size>0x2</size>
      </object_component>
      <object_component id="oc-92">
         <name>.common:g_i16TouchY</name>
         <uninitialized>true</uninitialized>
         <run_address>0x2000199e</run_address>
         <size>0x2</size>
      </object_component>
      <object_component id="oc-25a">
         <name>.common:g_psGrLibDefaults</name>
         <uninitialized>true</uninitialized>
         <run_address>0x2000198c</run_address>
         <size>0x4</size>
      </object_component>
      <object_component id="oc-665">
         <name>.common:g_pui8Dictionary</name>
         <uninitialized>true</uninitialized>
         <run_address>0x20001940</run_address>
         <size>0x20</size>
      </object_component>
      <object_component id="oc-24">
         <name>.stack</name>
         <uninitialized>true</uninitialized>
         <run_address>0x200019a0</run_address>
         <size>0x4</size>
         <input_file_ref idref="fl-c7"/>
      </object_component>
      <object_component id="oc-6e6">
         <name>.stack</name>
         <uninitialized>true</uninitialized>
         <run_address>0x200019a0</run_address>
         <size>0x0</size>
      </object_component>
      <object_component id="oc-f8">
         <name>.debug_info</name>
         <load_address>0x0</load_address>
         <run_address>0x0</run_address>
         <size>0x11a1</size>
         <input_file_ref idref="fl-2"/>
      </object_component>
      <object_component id="oc-353">
         <name>.debug_info</name>
         <load_address>0x11a1</load_address>
         <run_address>0x11a1</run_address>
         <size>0xe1</size>
         <input_file_ref idref="fl-2"/>
      </object_component>
      <object_component id="oc-356">
         <name>.debug_info</name>
         <load_address>0x1282</load_address>
         <run_address>0x1282</run_address>
         <size>0xdd</size>
         <input_file_ref idref="fl-2"/>
      </object_component>
      <object_component id="oc-54e">
         <name>.debug_info</name>
         <load_address>0x135f</load_address>
         <run_address>0x135f</run_address>
         <size>0xd7</size>
         <input_file_ref idref="fl-2"/>
      </object_component>
      <object_component id="oc-46c">
         <name>.debug_info</name>
         <load_address>0x1436</load_address>
         <run_address>0x1436</run_address>
         <size>0xd7</size>
         <input_file_ref idref="fl-2"/>
      </object_component>
      <object_component id="oc-359">
         <name>.debug_info</name>
         <load_address>0x150d</load_address>
         <run_address>0x150d</run_address>
         <size>0xd7</size>
         <input_file_ref idref="fl-2"/>
      </object_component>
      <object_component id="oc-483">
         <name>.debug_info</name>
         <load_address>0x15e4</load_address>
         <run_address>0x15e4</run_address>
         <size>0xef</size>
         <input_file_ref idref="fl-2"/>
      </object_component>
      <object_component id="oc-35c">
         <name>.debug_info</name>
         <load_address>0x16d3</load_address>
         <run_address>0x16d3</run_address>
         <size>0xdf</size>
         <input_file_ref idref="fl-2"/>
      </object_component>
      <object_component id="oc-572">
         <name>.debug_info</name>
         <load_address>0x17b2</load_address>
         <run_address>0x17b2</run_address>
         <size>0xdd</size>
         <input_file_ref idref="fl-2"/>
      </object_component>
      <object_component id="oc-488">
         <name>.debug_info</name>
         <load_address>0x188f</load_address>
         <run_address>0x188f</run_address>
         <size>0xdd</size>
         <input_file_ref idref="fl-2"/>
      </object_component>
      <object_component id="oc-35f">
         <name>.debug_info</name>
         <load_address>0x196c</load_address>
         <run_address>0x196c</run_address>
         <size>0xdd</size>
         <input_file_ref idref="fl-2"/>
      </object_component>
      <object_component id="oc-49f">
         <name>.debug_info</name>
         <load_address>0x1a49</load_address>
         <run_address>0x1a49</run_address>
         <size>0xf4</size>
         <input_file_ref idref="fl-2"/>
      </object_component>
      <object_component id="oc-362">
         <name>.debug_info</name>
         <load_address>0x1b3d</load_address>
         <run_address>0x1b3d</run_address>
         <size>0xe2</size>
         <input_file_ref idref="fl-2"/>
      </object_component>
      <object_component id="oc-59c">
         <name>.debug_info</name>
         <load_address>0x1c1f</load_address>
         <run_address>0x1c1f</run_address>
         <size>0xf6</size>
         <input_file_ref idref="fl-2"/>
      </object_component>
      <object_component id="oc-4a4">
         <name>.debug_info</name>
         <load_address>0x1d15</load_address>
         <run_address>0x1d15</run_address>
         <size>0xe6</size>
         <input_file_ref idref="fl-2"/>
      </object_component>
      <object_component id="oc-4a7">
         <name>.debug_info</name>
         <load_address>0x1dfb</load_address>
         <run_address>0x1dfb</run_address>
         <size>0xe6</size>
         <input_file_ref idref="fl-2"/>
      </object_component>
      <object_component id="oc-365">
         <name>.debug_info</name>
         <load_address>0x1ee1</load_address>
         <run_address>0x1ee1</run_address>
         <size>0xea</size>
         <input_file_ref idref="fl-2"/>
      </object_component>
      <object_component id="oc-4c7">
         <name>.debug_info</name>
         <load_address>0x1fcb</load_address>
         <run_address>0x1fcb</run_address>
         <size>0xec</size>
         <input_file_ref idref="fl-2"/>
      </object_component>
      <object_component id="oc-368">
         <name>.debug_info</name>
         <load_address>0x20b7</load_address>
         <run_address>0x20b7</run_address>
         <size>0xda</size>
         <input_file_ref idref="fl-2"/>
      </object_component>
      <object_component id="oc-199">
         <name>.debug_info</name>
         <load_address>0x2191</load_address>
         <run_address>0x2191</run_address>
         <size>0xd8</size>
         <input_file_ref idref="fl-2"/>
      </object_component>
      <object_component id="oc-19c">
         <name>.debug_info</name>
         <load_address>0x2269</load_address>
         <run_address>0x2269</run_address>
         <size>0xe4</size>
         <input_file_ref idref="fl-2"/>
      </object_component>
      <object_component id="oc-18f">
         <name>.debug_info</name>
         <load_address>0x234d</load_address>
         <run_address>0x234d</run_address>
         <size>0xda</size>
         <input_file_ref idref="fl-2"/>
      </object_component>
      <object_component id="oc-192">
         <name>.debug_info</name>
         <load_address>0x2427</load_address>
         <run_address>0x2427</run_address>
         <size>0xd4</size>
         <input_file_ref idref="fl-2"/>
      </object_component>
      <object_component id="oc-195">
         <name>.debug_info</name>
         <load_address>0x24fb</load_address>
         <run_address>0x24fb</run_address>
         <size>0xd2</size>
         <input_file_ref idref="fl-2"/>
      </object_component>
      <object_component id="oc-34b">
         <name>.debug_info</name>
         <load_address>0x25cd</load_address>
         <run_address>0x25cd</run_address>
         <size>0x1b4</size>
         <input_file_ref idref="fl-2"/>
      </object_component>
      <object_component id="oc-33b">
         <name>.debug_info</name>
         <load_address>0x2781</load_address>
         <run_address>0x2781</run_address>
         <size>0x1bc</size>
         <input_file_ref idref="fl-2"/>
      </object_component>
      <object_component id="oc-4b2">
         <name>.debug_info</name>
         <load_address>0x293d</load_address>
         <run_address>0x293d</run_address>
         <size>0x23c</size>
         <input_file_ref idref="fl-2"/>
      </object_component>
      <object_component id="oc-596">
         <name>.debug_info</name>
         <load_address>0x2b79</load_address>
         <run_address>0x2b79</run_address>
         <size>0x1cb</size>
         <input_file_ref idref="fl-2"/>
      </object_component>
      <object_component id="oc-493">
         <name>.debug_info</name>
         <load_address>0x2d44</load_address>
         <run_address>0x2d44</run_address>
         <size>0x195</size>
         <input_file_ref idref="fl-2"/>
      </object_component>
      <object_component id="oc-47a">
         <name>.debug_info</name>
         <load_address>0x2ed9</load_address>
         <run_address>0x2ed9</run_address>
         <size>0x1cb</size>
         <input_file_ref idref="fl-2"/>
      </object_component>
      <object_component id="oc-45c">
         <name>.debug_info</name>
         <load_address>0x30a4</load_address>
         <run_address>0x30a4</run_address>
         <size>0x219</size>
         <input_file_ref idref="fl-2"/>
      </object_component>
      <object_component id="oc-464">
         <name>.debug_info</name>
         <load_address>0x32bd</load_address>
         <run_address>0x32bd</run_address>
         <size>0x302</size>
         <input_file_ref idref="fl-2"/>
      </object_component>
      <object_component id="oc-5fe">
         <name>.debug_info</name>
         <load_address>0x35bf</load_address>
         <run_address>0x35bf</run_address>
         <size>0x1ed</size>
         <input_file_ref idref="fl-2"/>
      </object_component>
      <object_component id="oc-c5">
         <name>.debug_info</name>
         <load_address>0x37ac</load_address>
         <run_address>0x37ac</run_address>
         <size>0x33d</size>
         <input_file_ref idref="fl-2"/>
      </object_component>
      <object_component id="oc-e9">
         <name>.debug_info</name>
         <load_address>0x3ae9</load_address>
         <run_address>0x3ae9</run_address>
         <size>0x6bd</size>
         <input_file_ref idref="fl-2"/>
      </object_component>
      <object_component id="oc-1e5">
         <name>.debug_info</name>
         <load_address>0x41a6</load_address>
         <run_address>0x41a6</run_address>
         <size>0x86</size>
         <input_file_ref idref="fl-2"/>
      </object_component>
      <object_component id="oc-1ea">
         <name>.debug_info</name>
         <load_address>0x422c</load_address>
         <run_address>0x422c</run_address>
         <size>0xea</size>
         <input_file_ref idref="fl-2"/>
      </object_component>
      <object_component id="oc-1ef">
         <name>.debug_info</name>
         <load_address>0x4316</load_address>
         <run_address>0x4316</run_address>
         <size>0xfe</size>
         <input_file_ref idref="fl-2"/>
      </object_component>
      <object_component id="oc-1f4">
         <name>.debug_info</name>
         <load_address>0x4414</load_address>
         <run_address>0x4414</run_address>
         <size>0xc2</size>
         <input_file_ref idref="fl-2"/>
      </object_component>
      <object_component id="oc-1f9">
         <name>.debug_info</name>
         <load_address>0x44d6</load_address>
         <run_address>0x44d6</run_address>
         <size>0x14e</size>
         <input_file_ref idref="fl-2"/>
      </object_component>
      <object_component id="oc-1fe">
         <name>.debug_info</name>
         <load_address>0x4624</load_address>
         <run_address>0x4624</run_address>
         <size>0xfe</size>
         <input_file_ref idref="fl-2"/>
      </object_component>
      <object_component id="oc-203">
         <name>.debug_info</name>
         <load_address>0x4722</load_address>
         <run_address>0x4722</run_address>
         <size>0x176</size>
         <input_file_ref idref="fl-2"/>
      </object_component>
      <object_component id="oc-99">
         <name>.debug_info</name>
         <load_address>0x4898</load_address>
         <run_address>0x4898</run_address>
         <size>0x26b</size>
         <input_file_ref idref="fl-2"/>
      </object_component>
      <object_component id="oc-69c">
         <name>.debug_info</name>
         <load_address>0x4b03</load_address>
         <run_address>0x4b03</run_address>
         <size>0x196</size>
         <input_file_ref idref="fl-2"/>
      </object_component>
      <object_component id="oc-ee">
         <name>.debug_info</name>
         <load_address>0x4c99</load_address>
         <run_address>0x4c99</run_address>
         <size>0xc6</size>
         <input_file_ref idref="fl-2"/>
      </object_component>
      <object_component id="oc-e4">
         <name>.debug_info</name>
         <load_address>0x4d5f</load_address>
         <run_address>0x4d5f</run_address>
         <size>0x8b</size>
         <input_file_ref idref="fl-2"/>
      </object_component>
      <object_component id="oc-f3">
         <name>.debug_info</name>
         <load_address>0x4dea</load_address>
         <run_address>0x4dea</run_address>
         <size>0x2a4</size>
         <input_file_ref idref="fl-2"/>
      </object_component>
      <object_component id="oc-9e">
         <name>.debug_info</name>
         <load_address>0x508e</load_address>
         <run_address>0x508e</run_address>
         <size>0xbb</size>
         <input_file_ref idref="fl-2"/>
      </object_component>
      <object_component id="oc-656">
         <name>.debug_info</name>
         <load_address>0x5149</load_address>
         <run_address>0x5149</run_address>
         <size>0x2c</size>
         <input_file_ref idref="fl-2"/>
      </object_component>
      <object_component id="oc-208">
         <name>.debug_info</name>
         <load_address>0x5175</load_address>
         <run_address>0x5175</run_address>
         <size>0x35</size>
         <input_file_ref idref="fl-2"/>
      </object_component>
      <object_component id="oc-449">
         <name>.debug_info</name>
         <load_address>0x51aa</load_address>
[...]
      </symbol>
      <symbol id="sm-24b">
         <name>g_pui8GreenSlider195x37</name>
         <value>0x2fc9</value>
         <object_component_ref idref="oc-4c0"/>
      </symbol>
      <symbol id="sm-24c">
         <name>g_pui8GettingHotter28x148</name>
         <value>0x37ef</value>
         <object_component_ref idref="oc-4ba"/>
      </symbol>
      <symbol id="sm-24d">
         <name>g_pui8LightOn</name>
         <value>0x58c7</value>
         <object_component_ref idref="oc-566"/>
      </symbol>
      <symbol id="sm-24e">
         <name>g_pui8Logo</name>
         <value>0x4e5a</value>
         <object_component_ref idref="oc-47f"/>
      </symbol>
      <symbol id="sm-24f">
         <name>g_pui8RedSlider195x37</name>
         <value>0x278c</value>
         <object_component_ref idref="oc-4c3"/>
      </symbol>
      <symbol id="sm-250">
         <name>g_pui8LightOff</name>
         <value>0x57d2</value>
         <object_component_ref idref="oc-569"/>
      </symbol>
      <symbol id="sm-251">
         <name>g_pui8Blue50x50Press</name>
         <value>0x529a</value>
         <object_component_ref idref="oc-337"/>
      </symbol>
      <symbol id="sm-252">
         <name>g_pui8GettingHotter28x148Mono</name>
         <value>0x4aad</value>
         <object_component_ref idref="oc-4bd"/>
      </symbol>
      <symbol id="sm-288">
         <name>ResetISR</name>
         <value>0xada9</value>
         <object_component_ref idref="oc-27"/>
      </symbol>
      <symbol id="sm-289">
         <name>g_pfnVectors</name>
         <value>0x0</value>
         <object_component_ref idref="oc-12"/>
      </symbol>
      <symbol id="sm-344">
         <name>Kentec320x240x16_SSD2119Init</name>
         <value>0x6059</value>
         <object_component_ref idref="oc-11c"/>
      </symbol>
      <symbol id="sm-345">
         <name>g_sKentec320x240x16_SSD2119</name>
         <value>0x5ffc</value>
         <object_component_ref idref="oc-17e"/>
      </symbol>
      <symbol id="sm-3bf">
         <name>g_pi32ParmSet</name>
         <value>0x20001988</value>
      </symbol>
      <symbol id="sm-3c0">
         <name>g_i16TouchX</name>
         <value>0x2000199c</value>
      </symbol>
      <symbol id="sm-3c1">
         <name>g_i16TouchY</name>
         <value>0x2000199e</value>
      </symbol>
      <symbol id="sm-3c2">
         <name>TouchScreenInit</name>
         <value>0x8e0d</value>
         <object_component_ref idref="oc-15f"/>
      </symbol>
      <symbol id="sm-3c3">
         <name>TouchScreenCallbackSet</name>
         <value>0xad55</value>
         <object_component_ref idref="oc-165"/>
      </symbol>
      <symbol id="sm-3c4">
         <name>g_pi32TouchParameters</name>
         <value>0x6024</value>
         <object_component_ref idref="oc-d6"/>
      </symbol>
      <symbol id="sm-3c5">
         <name>g_i16TouchMin</name>
         <value>0x200010d4</value>
         <object_component_ref idref="oc-d9"/>
      </symbol>
      <symbol id="sm-3c6">
         <name>TouchScreenIntHandler</name>
         <value>0x8bb9</value>
         <object_component_ref idref="oc-3f"/>
      </symbol>
      <symbol id="sm-40e">
         <name>uvsnprintf</name>
         <value>0x711d</value>
         <object_component_ref idref="oc-64e"/>
      </symbol>
      <symbol id="sm-40f">
         <name>ustrncpy</name>
         <value>0xab19</value>
         <object_component_ref idref="oc-690"/>
      </symbol>
      <symbol id="sm-410">
         <name>usprintf</name>
         <value>0xabad</value>
         <object_component_ref idref="oc-5b0"/>
      </symbol>
      <symbol id="sm-41f">
         <name>__aeabi_uidivmod</name>
         <value>0xa7d1</value>
         <object_component_ref idref="oc-696"/>
      </symbol>
      <symbol id="sm-420">
         <name>__aeabi_uidiv</name>
         <value>0xa7d1</value>
         <object_component_ref idref="oc-696"/>
      </symbol>
      <symbol id="sm-437">
         <name>__TI_zero_init</name>
         <value>0xad61</value>
         <object_component_ref idref="oc-65"/>
      </symbol>
      <symbol id="sm-44e">
         <name>__TI_decompress_none</name>
         <value>0xad47</value>
         <object_component_ref idref="oc-1b"/>
      </symbol>
      <symbol id="sm-471">
         <name>__TI_decompress_lzss</name>
         <value>0xa08d</value>
         <object_component_ref idref="oc-15"/>
      </symbol>
      <symbol id="sm-484">
         <name>__stack</name>
         <value>0x200019a0</value>
         <object_component_ref idref="oc-24"/>
      </symbol>
      <symbol id="sm-485">
         <name>_c_int00_noargs</name>
         <value>0xa929</value>
         <object_component_ref idref="oc-71"/>
      </symbol>
      <symbol id="sm-48f">
         <name>__aeabi_idiv0</name>
         <value>0x9d77</value>
         <object_component_ref idref="oc-6ad"/>
      </symbol>
      <symbol id="sm-490">
         <name>__aeabi_ldiv0</name>
         <value>0x9d77</value>
         <object_component_ref idref="oc-6ad"/>
      </symbol>
      <symbol id="sm-4ab">
         <name>memcpy</name>
         <value>0x9a31</value>
         <object_component_ref idref="oc-53"/>
      </symbol>
      <symbol id="sm-4ac">
         <name>__aeabi_memcpy</name>
         <value>0x9a31</value>
         <object_component_ref idref="oc-53"/>
      </symbol>
      <symbol id="sm-4ad">
         <name>__aeabi_memcpy8</name>
         <value>0x9a31</value>
         <object_component_ref idref="oc-53"/>
      </symbol>
      <symbol id="sm-4ae">
         <name>__aeabi_memcpy4</name>
         <value>0x9a31</value>
         <object_component_ref idref="oc-53"/>
      </symbol>
      <symbol id="sm-4bd">
         <name>__aeabi_memset</name>
         <value>0x9e71</value>
         <object_component_ref idref="oc-b8"/>
      </symbol>
      <symbol id="sm-4be">
         <name>memset</name>
         <value>0x9e77</value>
         <object_component_ref idref="oc-b8"/>
      </symbol>
      <symbol id="sm-4bf">
         <name>__aeabi_memset8</name>
         <value>0x9e71</value>
         <object_component_ref idref="oc-b8"/>
      </symbol>
      <symbol id="sm-4c0">
         <name>__aeabi_memset4</name>
         <value>0x9e71</value>
         <object_component_ref idref="oc-b8"/>
      </symbol>
      <symbol id="sm-4c1">
         <name>__aeabi_memclr8</name>
         <value>0x9e6f</value>
         <object_component_ref idref="oc-b8"/>
      </symbol>
      <symbol id="sm-4c2">
         <name>__aeabi_memclr4</name>
         <value>0x9e6f</value>
         <object_component_ref idref="oc-b8"/>
      </symbol>
      <symbol id="sm-4c3">
         <name>__aeabi_memclr</name>
         <value>0x9e6f</value>
         <object_component_ref idref="oc-b8"/>
      </symbol>
      <symbol id="sm-4eb">
         <name>__TI_auto_init_nobinit_nopinit</name>
         <value>0xa78d</value>
         <object_component_ref idref="oc-1ab"/>
      </symbol>
      <symbol id="sm-4f5">
         <name>_system_pre_init</name>
         <value>0xadbf</value>
         <object_component_ref idref="oc-be"/>
      </symbol>
      <symbol id="sm-501">
         <name>C$$EXIT</name>
         <value>0xadc3</value>
         <object_component_ref idref="oc-19f"/>
      </symbol>
      <symbol id="sm-502">
         <name>abort</name>
         <value>0xadc3</value>
         <object_component_ref idref="oc-19f"/>
      </symbol>
      <symbol id="sm-532">
         <name>ADCSequenceEnable</name>
         <value>0xad1d</value>
         <object_component_ref idref="oc-2a0"/>
      </symbol>
      <symbol id="sm-533">
         <name>ADCSequenceConfigure</name>
         <value>0xa451</value>
         <object_component_ref idref="oc-294"/>
      </symbol>
      <symbol id="sm-534">
         <name>ADCIntEnable</name>
         <value>0xacdb</value>
         <object_component_ref idref="oc-2a6"/>
      </symbol>
      <symbol id="sm-535">
         <name>ADCSequenceStepConfigure</name>
         <value>0x9df5</value>
         <object_component_ref idref="oc-29a"/>
      </symbol>
      <symbol id="sm-54b">
         <name>FPULazyStackingEnable</name>
         <value>0xacfd</value>
         <object_component_ref idref="oc-110"/>
      </symbol>
      <symbol id="sm-54c">
         <name>FPUEnable</name>
         <value>0xaced</value>
         <object_component_ref idref="oc-10a"/>
      </symbol>
      <symbol id="sm-58e">
         <name>GPIOPinConfigure</name>
         <value>0xa671</value>
         <object_component_ref idref="oc-3a0"/>
      </symbol>
      <symbol id="sm-58f">
         <name>GPIOPinTypeGPIOOutput</name>
         <value>0xac25</value>
         <object_component_ref idref="oc-2b2"/>
      </symbol>
      <symbol id="sm-590">
         <name>GPIODirModeSet</name>
         <value>0xaaef</value>
         <object_component_ref idref="oc-40f"/>
      </symbol>
      <symbol id="sm-591">
         <name>GPIOPinWrite</name>
         <value>0xad9d</value>
         <object_component_ref idref="oc-231"/>
      </symbol>
      <symbol id="sm-592">
         <name>GPIOPadConfigSet</name>
         <value>0x8a87</value>
         <object_component_ref idref="oc-409"/>
      </symbol>
      <symbol id="sm-593">
         <name>GPIOPinTypeSSI</name>
         <value>0xaca5</value>
         <object_component_ref idref="oc-3a6"/>
      </symbol>
      <symbol id="sm-5ba">
         <name>IntEnable</name>
         <value>0xa025</value>
         <object_component_ref idref="oc-2ac"/>
      </symbol>
      <symbol id="sm-5ea">
         <name>SSIDataPut</name>
         <value>0xad79</value>
         <object_component_ref idref="oc-243"/>
      </symbol>
      <symbol id="sm-5eb">
         <name>SSIDataGetNonBlocking</name>
         <value>0xacb7</value>
         <object_component_ref idref="oc-3b8"/>
      </symbol>
      <symbol id="sm-5ec">
         <name>SSIConfigSetExpClk</name>
         <value>0xa811</value>
         <object_component_ref idref="oc-3ac"/>
      </symbol>
      <symbol id="sm-5ed">
         <name>SSIEnable</name>
         <value>0xad83</value>
         <object_component_ref idref="oc-3b2"/>
      </symbol>
      <symbol id="sm-5ee">
         <name>SSIBusy</name>
         <value>0xad95</value>
         <object_component_ref idref="oc-249"/>
      </symbol>
      <symbol id="sm-65f">
         <name>SysCtlDelay</name>
         <value>0xadaf</value>
         <object_component_ref idref="oc-152"/>
      </symbol>
      <symbol id="sm-660">
         <name>SysCtlPeripheralEnable</name>
         <value>0xa8f5</value>
         <object_component_ref idref="oc-14c"/>
      </symbol>
      <symbol id="sm-661">
         <name>SysCtlClockFreqSet</name>
         <value>0x7b8d</value>
         <object_component_ref idref="oc-116"/>
      </symbol>
      <symbol id="sm-694">
         <name>TimerLoadSet</name>
         <value>0xacc9</value>
         <object_component_ref idref="oc-2be"/>
      </symbol>
      <symbol id="sm-695">
         <name>TimerEnable</name>
         <value>0xad39</value>
         <object_component_ref idref="oc-2ca"/>
      </symbol>
      <symbol id="sm-696">
         <name>TimerControlTrigger</name>
         <value>0xa3f9</value>
         <object_component_ref idref="oc-2c4"/>
      </symbol>
      <symbol id="sm-697">
         <name>TimerConfigure</name>
         <value>0xa289</value>
         <object_component_ref idref="oc-2b8"/>
      </symbol>
      <symbol id="sm-6b5">
         <name>uDMAEnable</name>
         <value>0xad0d</value>
         <object_component_ref idref="oc-159"/>
      </symbol>
      <symbol id="sm-6b6">
         <name>uDMAControlBaseSet</name>
         <value>0xad6d</value>
         <object_component_ref idref="oc-153"/>
      </symbol>
      <symbol id="sm-6e7">
         <name>CanvasMsgProc</name>
         <value>0xac69</value>
         <object_component_ref idref="oc-342"/>
      </symbol>
      <symbol id="sm-71a">
         <name>CheckBoxMsgProc</name>
         <value>0xa95d</value>
         <object_component_ref idref="oc-473"/>
      </symbol>
      <symbol id="sm-743">
         <name>GrCircleFill</name>
         <value>0x8943</value>
         <object_component_ref idref="oc-53a"/>
      </symbol>
      <symbol id="sm-744">
         <name>GrCircleDraw</name>
         <value>0x757d</value>
         <object_component_ref idref="oc-540"/>
      </symbol>
      <symbol id="sm-764">
         <name>ContainerMsgProc</name>
         <value>0xac7d</value>
         <object_component_ref idref="oc-48a"/>
      </symbol>
      <symbol id="sm-78f">
         <name>GrContextInit</name>
         <value>0x9f55</value>
         <object_component_ref idref="oc-122"/>
      </symbol>
      <symbol id="sm-790">
         <name>GrContextClipRegionSet</name>
         <value>0xa0f5</value>
         <object_component_ref idref="oc-514"/>
      </symbol>
      <symbol id="sm-791">
         <name>g_psDefaultCodePointMapTable</name>
         <value>0x6040</value>
         <object_component_ref idref="oc-257"/>
      </symbol>
      <symbol id="sm-7e8">
         <name>GrImageDraw</name>
         <value>0xad2b</value>
         <object_component_ref idref="oc-51a"/>
      </symbol>
      <symbol id="sm-82c">
         <name>GrLineDrawH</name>
         <value>0xa701</value>
         <object_component_ref idref="oc-265"/>
      </symbol>
      <symbol id="sm-82d">
         <name>GrLineDrawV</name>
         <value>0xa747</value>
         <object_component_ref idref="oc-26b"/>
      </symbol>
      <symbol id="sm-82e">
         <name>GrLineDraw</name>
         <value>0x8f21</value>
         <object_component_ref idref="oc-534"/>
      </symbol>
      <symbol id="sm-894">
         <name>RectangularButtonMsgProc</name>
         <value>0xaa6b</value>
         <object_component_ref idref="oc-32d"/>
      </symbol>
      <symbol id="sm-895">
         <name>CircularButtonMsgProc</name>
         <value>0xa9e7</value>
         <object_component_ref idref="oc-498"/>
      </symbol>
      <symbol id="sm-8cd">
         <name>RadioButtonMsgProc</name>
         <value>0xa9b9</value>
         <object_component_ref idref="oc-58f"/>
      </symbol>
      <symbol id="sm-8f7">
         <name>GrRectIntersectGet</name>
         <value>0x9cf7</value>
         <object_component_ref idref="oc-633"/>
      </symbol>
      <symbol id="sm-8f8">
         <name>GrRectFill</name>
         <value>0x9c71</value>
         <object_component_ref idref="oc-128"/>
      </symbol>
      <symbol id="sm-8f9">
         <name>GrRectOverlapCheck</name>
         <value>0xa887</value>
         <object_component_ref idref="oc-687"/>
      </symbol>
      <symbol id="sm-8fa">
         <name>GrRectDraw</name>
         <value>0xa15b</value>
         <object_component_ref idref="oc-12e"/>
      </symbol>
      <symbol id="sm-94d">
         <name>SliderMsgProc</name>
         <value>0xaa97</value>
         <object_component_ref idref="oc-4ab"/>
      </symbol>
      <symbol id="sm-9f9">
         <name>GrFontInfoGet</name>
         <value>0xab43</value>
         <object_component_ref idref="oc-287"/>
      </symbol>
      <symbol id="sm-9fa">
         <name>GrDefaultStringRenderer</name>
         <value>0x9483</value>
         <object_component_ref idref="oc-251"/>
      </symbol>
      <symbol id="sm-9fb">
         <name>GrFontGlyphRender</name>
         <value>0x6ec7</value>
         <object_component_ref idref="oc-3c8"/>
      </symbol>
      <symbol id="sm-9fc">
         <name>GrFontHeightGet</name>
         <value>0xaa3f</value>
         <object_component_ref idref="oc-52c"/>
      </symbol>
      <symbol id="sm-9fd">
         <name>GrContextFontSet</name>
         <value>0xada3</value>
         <object_component_ref idref="oc-134"/>
      </symbol>
      <symbol id="sm-9fe">
         <name>GrFontGlyphDataGet</name>
         <value>0xab69</value>
         <object_component_ref idref="oc-281"/>
      </symbol>
      <symbol id="sm-9ff">
         <name>GrStringDraw</name>
         <value>0xac3d</value>
         <object_component_ref idref="oc-146"/>
      </symbol>
      <symbol id="sm-a00">
         <name>GrFontCodepageGet</name>
         <value>0xabcd</value>
         <object_component_ref idref="oc-3df"/>
      </symbol>
      <symbol id="sm-a01">
         <name>GrStringNextCharGet</name>
         <value>0xa98b</value>
         <object_component_ref idref="oc-27b"/>
      </symbol>
      <symbol id="sm-a02">
         <name>GrStringWidthGet</name>
         <value>0x9fbd</value>
         <object_component_ref idref="oc-13a"/>
      </symbol>
      <symbol id="sm-a03">
         <name>GrFontBaselineGet</name>
         <value>0xaa13</value>
         <object_component_ref idref="oc-140"/>
      </symbol>
      <symbol id="sm-aab">
         <name>g_sRoot</name>
         <value>0x20001080</value>
         <object_component_ref idref="oc-18b"/>
      </symbol>
      <symbol id="sm-aac">
         <name>WidgetMessageQueueAdd</name>
         <value>0x9119</value>
         <object_component_ref idref="oc-171"/>
      </symbol>
      <symbol id="sm-aad">
         <name>WidgetMessageSendPostOrder</name>
         <value>0x9829</value>
         <object_component_ref idref="oc-2e6"/>
      </symbol>
      <symbol id="sm-aae">
         <name>WidgetAdd</name>
         <value>0xabeb</value>
         <object_component_ref idref="oc-16b"/>
      </symbol>
      <symbol id="sm-aaf">
         <name>WidgetRemove</name>
         <value>0xa541</value>
         <object_component_ref idref="oc-44c"/>
      </symbol>
      <symbol id="sm-ab0">
         <name>WidgetDefaultMsgProc</name>
         <value>0xadbb</value>
         <object_component_ref idref="oc-320"/>
      </symbol>
      <symbol id="sm-ab1">
         <name>WidgetMutexPut</name>
         <value>0xadb5</value>
         <object_component_ref idref="oc-2d6"/>
      </symbol>
      <symbol id="sm-ab2">
         <name>WidgetMessageQueueProcess</name>
         <value>0xa225</value>
         <object_component_ref idref="oc-177"/>
      </symbol>
      <symbol id="sm-ab3">
         <name>WidgetMutexGet</name>
         <value>0xac91</value>
         <object_component_ref idref="oc-2d5"/>
      </symbol>
      <symbol id="sm-ab4">
         <name>WidgetPointerMessage</name>
         <value>0xac09</value>
         <object_component_ref idref="oc-185"/>
      </symbol>
      <symbol id="sm-ab5">
         <name>WidgetMessageSendPreOrder</name>
         <value>0xa2e9</value>
         <object_component_ref idref="oc-2e0"/>
      </symbol>
      <symbol id="sm-ac7">
         <name>g_sFontCm12</name>
         <value>0x59b0</value>
         <object_component_ref idref="oc-67a"/>
      </symbol>
      <symbol id="sm-ad9">
         <name>g_sFontCm14</name>
         <value>0x5a78</value>
         <object_component_ref idref="oc-546"/>
      </symbol>
      <symbol id="sm-aeb">
         <name>g_sFontCm18</name>
         <value>0x5b40</value>
         <object_component_ref idref="oc-4b7"/>
      </symbol>
      <symbol id="sm-afd">
         <name>g_sFontCm20</name>
         <value>0x5c08</value>
         <object_component_ref idref="oc-181"/>
      </symbol>
      <symbol id="sm-b0f">
         <name>g_sFontCm22</name>
         <value>0x5cd0</value>
         <object_component_ref idref="oc-46e"/>
      </symbol>
      <symbol id="sm-b21">
         <name>g_sFontCm24</name>
         <value>0x5d98</value>
         <object_component_ref idref="oc-549"/>
      </symbol>
      <symbol id="sm-b2e">
         <name>GrMapISO8859_1_Unicode</name>
         <value>0xad8d</value>
         <object_component_ref idref="oc-3cf"/>
      </symbol>
      <symbol id="sm-b2f">
         <name>__TI_static_base__</name>
         <value>0x0</value>
      </symbol>
      <symbol id="sm-b32">
         <name>__mpu_init</name>
         <value>0x0</value>
      </symbol>
      <symbol id="sm-b33">
         <name>_system_post_cinit</name>
         <value>0x0</value>
      </symbol>
   </symbol_table>
   <title>Link successful</title>
</link_info>
