******************************************************************************
                  TI ARM Linker PC v20.2.2                     
******************************************************************************
>> Linked Thu Mar 31 13:33:54 2022

OUTPUT FILE NAME:   <hibernate.out>
ENTRY POINT SYMBOL: "_c_int00_noargs"  address: 0000204d


MEMORY CONFIGURATION

         name            origin    length      used     unused   attr    fill
----------------------  --------  ---------  --------  --------  ----  --------
  FLASH                 00000000   00100000  00002840  000fd7c0  R  X
  SRAM                  20000000   00040000  00000a50  0003f5b0  RW X


SEGMENT ALLOCATION MAP

run origin  load origin   length   init length attrs members
----------  ----------- ---------- ----------- ----- -------
00000000    00000000    00002840   00002840    r-x
  00000000    00000000    00000200   00000200    r-- .intvecs
  00000200    00000200    000021b0   000021b0    r-x .text
  000023b0    000023b0    000003e0   000003e0    r-- .const
  00002790    00002790    000000b0   000000b0    r-- .cinit
20000000    20000000    00000a54   00000000    rw-
  20000000    20000000    0000058c   00000000    rw- .bss
  20000590    20000590    00000400   00000000    rw- .stack
  20000990    20000990    000000c4   00000000    rw- .data


SECTION ALLOCATION MAP

 output                                  attributes/
section   page    origin      length       input sections
--------  ----  ----------  ----------   ----------------
.intvecs   0    00000000    00000200     
                  00000000    00000200     startup_ccs.obj (.intvecs)

.text      0    00000200    000021b0     
                  00000200    000003d0     hibernate.obj (.text:main)
                  000005d0    00000251     ustdlib.obj (.text:uvsnprintf)
                  00000821    00000001     --HOLE-- [fill = 0]
                  00000822    00000002     startup_ccs.obj (.text:FaultISR)
                  00000824    0000020c     pinout.obj (.text:PinoutSet)
                  00000a30    00000200     driverlib.lib : sysctl.obj (.text:SysCtlClockFreqSet)
                  00000c30    000001ee     uartstdio.obj (.text:UARTvprintf)
                  00000e1e    00000002     startup_ccs.obj (.text:IntDefaultHandler)
                  00000e20    00000160     uartstdio.obj (.text:UARTStdioIntHandler)
                  00000f80    00000132     driverlib.lib : gpio.obj (.text:GPIOPadConfigSet)
                  000010b2    00000002     startup_ccs.obj (.text:NmiSR)
                  000010b4    00000110     driverlib.lib : sysctl.obj (.text:SysCtlClockGet)
                  000011c4    00000100     hibernate.obj (.text:AppHibernateEnter)
                  000012c4    000000c4     driverlib.lib : hibernate.obj (.text:_HibernateCalendarSet)
                  00001388    000000b0     hibernate.obj (.text:Timer0IntHandler)
                  00001438    000000b0     uartstdio.obj (.text:UARTStdioConfig)
                  000014e8    000000a8     uartstdio.obj (.text:UARTwrite)
                  00001590    0000009c     rtsv7M4_T_le_v4SPD16_eabi.lib : memcpy_t2.asm.obj (.text)
                  0000162c    0000009c     ustdlib.obj (.text:ustrtoul)
                  000016c8    00000094     hibernate.obj (.text:DateTimeDisplayGet)
                  0000175c    0000008c     uartstdio.obj (.text:UARTPrimeTransmit)
                  000017e8    00000088     buttons.obj (.text:ButtonsPoll)
                  00001870    00000080     hibernate_commands.obj (.text:CMD_time12)
                  000018f0    0000007a     rtsv7M4_T_le_v4SPD16_eabi.lib : memset_t2.asm.obj (.text)
                  0000196a    00000002                                   : div0.asm.obj (.text)
                  0000196c    00000074     hibernate_commands.obj (.text:CMD_date)
                  000019e0    00000070     hibernate.obj (.text:GetCalendarMatchValue)
                  00001a50    00000068     hibernate_commands.obj (.text:CMD_help)
                  00001ab8    00000068     driverlib.lib : hibernate.obj (.text:HibernateCalendarGet)
                  00001b20    00000068     rtsv7M4_T_le_v4SPD16_eabi.lib : copy_decompress_lzss.c.obj (.text:decompress:lzss:__TI_decompress_lzss)
                  00001b88    00000064     cmdline.obj (.text:CmdLineProcess)
                  00001bec    00000064     driverlib.lib : hibernate.obj (.text:HibernateWakeSet)
                  00001c50    00000054     uartstdio.obj (.text:UARTgets)
                  00001ca4    00000050     hibernate_commands.obj (.text:CMD_time24)
                  00001cf4    0000004c     buttons.obj (.text:ButtonsInit)
                  00001d40    0000004c     hibernate.obj (.text:DateTimeGet)
                  00001d8c    0000004c     hibernate.obj (.text:DateTimeSet)
                  00001dd8    00000048     driverlib.lib : hibernate.obj (.text:HibernateClockConfig)
                  00001e20    00000048                   : sysctl.obj (.text:_SysCtlFrequencyGet)
                  00001e68    00000044     uartstdio.obj (.text:UARTPeek)
                  00001eac    00000044     rtsv7M4_T_le_v4SPD16_eabi.lib : autoinit.c.obj (.text:__TI_auto_init_nobinit_nopinit:__TI_auto_init_nobinit_nopinit)
                  00001ef0    00000040                                   : u_divt2.asm.obj (.text)
                  00001f30    0000003c     hibernate.obj (.text:SysTickIntHandler)
                  00001f6c    0000003c     uartstdio.obj (.text:UARTFlushTx)
                  00001fa8    00000038     hibernate.obj (.text:DateTimeDefaultSet)
                  00001fe0    00000036     ustdlib.obj (.text:ustrncmp)
                  00002016    00000002     --HOLE-- [fill = 0]
                  00002018    00000034     driverlib.lib : sysctl.obj (.text:SysCtlPeripheralEnable)
                  0000204c    00000034     rtsv7M4_T_le_v4SPD16_eabi.lib : boot_cortex_m.c.obj (.text:_c_int00_noargs:_c_int00_noargs)
                  00002080    0000002c     uartstdio.obj (.text:UARTFlushRx)
                  000020ac    0000002a     driverlib.lib : gpio.obj (.text:GPIODirModeSet)
                  000020d6    0000002a     ustdlib.obj (.text:ustrncpy)
                  00002100    00000028     hibernate_commands.obj (.text:CMD_cls)
                  00002128    00000028     hibernate.obj (.text:GetDaysInMonth)
                  00002150    00000028     driverlib.lib : hibernate.obj (.text:HibernateDataSet)
                  00002178    00000024                   : hibernate.obj (.text:HibernateDataGet)
                  0000219c    00000020                   : sysctl.obj (.text:_SysCtlMemTimingGet)
                  000021bc    0000001c     hibernate.obj (.text:ButtonPressUpdate)
                  000021d8    0000001a     uartstdio.obj (.text:UARTprintf)
                  000021f2    0000001a     ustdlib.obj (.text:usnprintf)
                  0000220c    00000018     driverlib.lib : hibernate.obj (.text:HibernateIntStatus)
                  00002224    00000018     uartstdio.obj (.text:IsBufferFull)
                  0000223c    00000018     rtsv7M4_T_le_v4SPD16_eabi.lib : strcmp.c.obj (.text:strcmp)
                  00002254    00000014     driverlib.lib : hibernate.obj (.text:HibernateEnableExpClk)
                  00002268    00000014                   : hibernate.obj (.text:HibernateIntClear)
                  0000227c    00000014                   : hibernate.obj (.text:HibernateRTCEnable)
                  00002290    00000014                   : hibernate.obj (.text:HibernateRequest)
                  000022a4    00000014                   : systick.obj (.text:SysTickEnable)
                  000022b8    00000014                   : systick.obj (.text:SysTickIntEnable)
                  000022cc    00000012                   : gpio.obj (.text:GPIOPinTypeEthernetLED)
                  000022de    00000012     uartstdio.obj (.text:GetBufferCount)
                  000022f0    00000010     hibernate_commands.obj (.text:CMD_hib)
                  00002300    00000010     driverlib.lib : hibernate.obj (.text:HibernateCalendarSet)
                  00002310    00000010                   : hibernate.obj (.text:HibernateIsActive)
                  00002320    00000010                   : interrupt.obj (.text:IntMasterEnable)
                  00002330    00000010                   : systick.obj (.text:SysTickPeriodSet)
                  00002340    00000010                   : hibernate.obj (.text:_HibernateWriteComplete)
                  00002350    0000000e     uartstdio.obj (.text:IsBufferEmpty)
                  0000235e    0000000e     rtsv7M4_T_le_v4SPD16_eabi.lib : copy_decompress_none.c.obj (.text:decompress:none:__TI_decompress_none)
                  0000236c    0000000c     driverlib.lib : cpu.obj (.text:CPUcpsie)
                  00002378    0000000c                   : hibernate.obj (.text:HibernateCalendarMatchSet)
                  00002384    0000000c                   : hibernate.obj (.text:HibernateCounterMode)
                  00002390    0000000c     rtsv7M4_T_le_v4SPD16_eabi.lib : copy_zero_init.c.obj (.text:decompress:ZI:__TI_zero_init)
                  0000239c    00000006     startup_ccs.obj (.text:ResetISR)
                  000023a2    00000006     driverlib.lib : sysctl.obj (.text:SysCtlDelay)
                  000023a8    00000004     rtsv7M4_T_le_v4SPD16_eabi.lib : pre_init.c.obj (.text:_system_pre_init)
                  000023ac    00000004                                   : exit.c.obj (.text:abort:abort)

.const     0    000023b0    000003e0     
                  000023b0    000001b0     driverlib.lib : sysctl.obj (.const:g_pppui32XTALtoVCO)
                  00002560    000000fa     hibernate_commands.obj (.const:.string)
                  0000265a    00000002     --HOLE-- [fill = 0]
                  0000265c    0000006c     hibernate.obj (.const:.string)
                  000026c8    0000006c     driverlib.lib : sysctl.obj (.const:g_pui32Xtals)
                  00002734    00000030                   : sysctl.obj (.const:g_sXTALtoMEMTIM)
                  00002764    0000000c     uartstdio.obj (.const:g_ui32UARTBase)
                  00002770    0000000c     uartstdio.obj (.const:g_ui32UARTInt)
                  0000277c    0000000c     uartstdio.obj (.const:g_ui32UARTPeriph)
                  00002788    00000008     driverlib.lib : sysctl.obj (.const)

.cinit     0    00002790    000000b0     
                  00002790    0000008b     (.cinit..data.load) [load image, compression = lzss]
                  0000281b    00000001     --HOLE-- [fill = 0]
                  0000281c    0000000c     (__TI_handler_table)
                  00002828    00000008     (.cinit..bss.load) [load image, compression = zero_init]
                  00002830    00000010     (__TI_cinit_table)

.init_array 
*          0    00000000    00000000     UNINITIALIZED

.bss       0    20000000    0000058c     UNINITIALIZED
                  20000000    00000400     uartstdio.obj (.bss:g_pcUARTTxBuffer)
                  20000400    00000080     uartstdio.obj (.bss:g_pcUARTRxBuffer)
                  20000480    00000028     (.common:g_pcButtonPress)
                  200004a8    00000028     (.common:g_pcDateTimeBuf)
                  200004d0    00000028     (.common:g_pcHibBuf)
                  200004f8    00000028     (.common:g_pcInputBuf)
                  20000520    00000028     (.common:g_pcWakeBuf)
                  20000548    00000024     cmdline.obj (.bss:g_ppcArgv)
                  2000056c    00000008     uartstdio.obj (.bss)
                  20000574    00000004     (.common:g_ui32DayIdx)
                  20000578    00000004     (.common:g_ui32HourIdx)
                  2000057c    00000004     (.common:g_ui32MinIdx)
                  20000580    00000004     (.common:g_ui32MonthIdx)
                  20000584    00000004     (.common:g_ui32YearIdx)
                  20000588    00000001     (.common:g_bFirstUpdate)
                  20000589    00000001     (.common:g_bHibernate)
                  2000058a    00000001     (.common:g_bSetDate)
                  2000058b    00000001     (.common:g_ui8FirstLine)

.data      0    20000990    000000c4     UNINITIALIZED
                  20000990    00000054     hibernate_commands.obj (.data:g_psCmdTable)
                  200009e4    00000030     hibernate.obj (.data:g_ppcMonth)
                  20000a14    00000015     uartstdio.obj (.data)
                  20000a29    00000003     buttons.obj (.data)
                  20000a2c    00000014     hibernate.obj (.data:g_ppcWakeSource)
                  20000a40    00000014     hibernate.obj (.data)

.stack     0    20000590    00000400     UNINITIALIZED
                  20000590    00000004     rtsv7M4_T_le_v4SPD16_eabi.lib : boot_cortex_m.c.obj (.stack)
                  20000594    000003fc     --HOLE--

__llvm_prf_cnts 
*          0    20000000    00000000     UNINITIALIZED

MODULE SUMMARY

       Module                       code   ro data   rw data
       ------                       ----   -------   -------
    .\
       hibernate.obj                2004   108       312    
       hibernate_commands.obj       484    250       84     
       startup_ccs.obj              12     512       0      
    +--+----------------------------+------+---------+---------+
       Total:                       2500   870       396    
                                                            
    .\drivers\
       pinout.obj                   524    0         0      
       buttons.obj                  212    0         3      
    +--+----------------------------+------+---------+---------+
       Total:                       736    0         3      
                                                            
    .\utils\
       uartstdio.obj                1668   36        1181   
       ustdlib.obj                  871    0         0      
       cmdline.obj                  100    0         36     
    +--+----------------------------+------+---------+---------+
       Total:                       2639   36        1217   
                                                            
    C:/ti/tivaware_c_series_2_1_4_178/driverlib/ccs/Debug/driverlib.lib
       sysctl.obj                   946    596       0      
       hibernate.obj                724    0         0      
       gpio.obj                     366    0         0      
       systick.obj                  56     0         0      
       interrupt.obj                16     0         0      
       cpu.obj                      12     0         0      
    +--+----------------------------+------+---------+---------+
       Total:                       2120   596       0      
                                                            
    C:\ti\ccs1020\ccs\tools\compiler\ti-cgt-arm_20.2.2.LTS\lib\rtsv7M4_T_le_v4SPD16_eabi.lib
       memcpy_t2.asm.obj            156    0         0      
       memset_t2.asm.obj            122    0         0      
       copy_decompress_lzss.c.obj   104    0         0      
       autoinit.c.obj               68     0         0      
       u_divt2.asm.obj              64     0         0      
       boot_cortex_m.c.obj          52     0         0      
       strcmp.c.obj                 24     0         0      
       copy_decompress_none.c.obj   14     0         0      
       copy_zero_init.c.obj         12     0         0      
       exit.c.obj                   4      0         0      
       pre_init.c.obj               4      0         0      
       div0.asm.obj                 2      0         0      
    +--+----------------------------+------+---------+---------+
       Total:                       626    0         0      
                                                            
       Stack:                       0      0         1024   
       Linker Generated:            0      175       0      
    +--+----------------------------+------+---------+---------+
       Grand Total:                 8621   1677      2640   


LINKER GENERATED COPY TABLES

__TI_cinit_table @ 00002830 records: 2, size/record: 8, table size: 16
	.data: load addr=00002790, load size=0000008b bytes, run addr=20000990, run size=000000c4 bytes, compression=lzss
	.bss: load addr=00002828, load size=00000008 bytes, run addr=20000000, run size=0000058c bytes, compression=zero_init


LINKER GENERATED HANDLER TABLE

__TI_handler_table @ 0000281c records: 3, size/record: 4, table size: 12
	index: 0, handler: __TI_decompress_lzss
	index: 1, handler: __TI_decompress_none
	index: 2, handler: __TI_zero_init


GLOBAL SYMBOLS: SORTED ALPHABETICALLY BY Name 

address   name                          
-------   ----                          
000011c5  AppHibernateEnter             
000021bd  ButtonPressUpdate             
00001cf5  ButtonsInit                   
000017e9  ButtonsPoll                   
000023ad  C$$EXIT                       
00002101  CMD_cls                       
0000196d  CMD_date                      
00001a51  CMD_help                      
000022f1  CMD_hib                       
00001871  CMD_time12                    
00001ca5  CMD_time24                    
0000236d  CPUcpsie                      
00001b89  CmdLineProcess                
00001fa9  DateTimeDefaultSet            
000016c9  DateTimeDisplayGet            
00001d41  DateTimeGet                   
00001d8d  DateTimeSet                   
000020ad  GPIODirModeSet                
00000f81  GPIOPadConfigSet              
000022cd  GPIOPinTypeEthernetLED        
000019e1  GetCalendarMatchValue         
00002129  GetDaysInMonth                
00001ab9  HibernateCalendarGet          
00002379  HibernateCalendarMatchSet     
00002301  HibernateCalendarSet          
00001dd9  HibernateClockConfig          
00002385  HibernateCounterMode          
00002179  HibernateDataGet              
00002151  HibernateDataSet              
00002255  HibernateEnableExpClk         
00002269  HibernateIntClear             
0000220d  HibernateIntStatus            
00002311  HibernateIsActive             
0000227d  HibernateRTCEnable            
00002291  HibernateRequest              
00001bed  HibernateWakeSet              
00002321  IntMasterEnable               
00000825  PinoutSet                     
0000239d  ResetISR                      
00000a31  SysCtlClockFreqSet            
000010b5  SysCtlClockGet                
000023a3  SysCtlDelay                   
00002019  SysCtlPeripheralEnable        
000022a5  SysTickEnable                 
000022b9  SysTickIntEnable              
00001f31  SysTickIntHandler             
00002331  SysTickPeriodSet              
00001389  Timer0IntHandler              
00002081  UARTFlushRx                   
00001f6d  UARTFlushTx                   
00001e69  UARTPeek                      
00001439  UARTStdioConfig               
00000e21  UARTStdioIntHandler           
00001c51  UARTgets                      
000021d9  UARTprintf                    
00000c31  UARTvprintf                   
000014e9  UARTwrite                     
20000990  __STACK_END                   
00000400  __STACK_SIZE                  
20000990  __STACK_TOP                   
00002830  __TI_CINIT_Base               
00002840  __TI_CINIT_Limit              
0000281c  __TI_Handler_Table_Base       
00002828  __TI_Handler_Table_Limit      
00001ead  __TI_auto_init_nobinit_nopinit
00001b21  __TI_decompress_lzss          
0000235f  __TI_decompress_none          
ffffffff  __TI_pprof_out_hndl           
ffffffff  __TI_prof_data_size           
ffffffff  __TI_prof_data_start          
00000000  __TI_static_base__            
00002391  __TI_zero_init                
0000196b  __aeabi_idiv0                 
0000196b  __aeabi_ldiv0                 
000018f1  __aeabi_memclr                
000018f1  __aeabi_memclr4               
000018f1  __aeabi_memclr8               
00001591  __aeabi_memcpy                
00001591  __aeabi_memcpy4               
00001591  __aeabi_memcpy8               
000018f3  __aeabi_memset                
000018f3  __aeabi_memset4               
000018f3  __aeabi_memset8               
00001ef1  __aeabi_uidiv                 
00001ef1  __aeabi_uidivmod              
ffffffff  __binit__                     
ffffffff  __c_args__                    
UNDEFED   __mpu_init                    
20000590  __stack                       
20000000  __start___llvm_prf_cnts       
20000000  __stop___llvm_prf_cnts        
0000204d  _c_int00_noargs               
UNDEFED   _system_post_cinit            
000023a9  _system_pre_init              
000023ad  abort                         
ffffffff  binit                         
20000a44  buttonPressed                 
20000a40  button_counter                
20000588  g_bFirstUpdate                
20000589  g_bHibernate                  
2000058a  g_bSetDate                    
20000480  g_pcButtonPress               
200004a8  g_pcDateTimeBuf               
200004d0  g_pcHibBuf                    
200004f8  g_pcInputBuf                  
20000520  g_pcWakeBuf                   
00000000  g_pfnVectors                  
20000990  g_psCmdTable                  
20000574  g_ui32DayIdx                  
20000578  g_ui32HourIdx                 
2000057c  g_ui32MinIdx                  
20000580  g_ui32MonthIdx                
20000584  g_ui32YearIdx                 
2000058b  g_ui8FirstLine                
00000201  main                          
00001591  memcpy                        
000018f9  memset                        
20000a48  secondsPassed                 
0000223d  strcmp                        
20000a4c  time_since_start              
000021f3  usnprintf                     
00001fe1  ustrncmp                      
000020d7  ustrncpy                      
0000162d  ustrtoul                      
000005d1  uvsnprintf                    


GLOBAL SYMBOLS: SORTED BY Symbol Address 

address   name                          
-------   ----                          
00000000  __TI_static_base__            
00000000  g_pfnVectors                  
00000201  main                          
00000400  __STACK_SIZE                  
000005d1  uvsnprintf                    
00000825  PinoutSet                     
00000a31  SysCtlClockFreqSet            
00000c31  UARTvprintf                   
00000e21  UARTStdioIntHandler           
00000f81  GPIOPadConfigSet              
000010b5  SysCtlClockGet                
000011c5  AppHibernateEnter             
00001389  Timer0IntHandler              
00001439  UARTStdioConfig               
000014e9  UARTwrite                     
00001591  __aeabi_memcpy                
00001591  __aeabi_memcpy4               
00001591  __aeabi_memcpy8               
00001591  memcpy                        
0000162d  ustrtoul                      
000016c9  DateTimeDisplayGet            
000017e9  ButtonsPoll                   
00001871  CMD_time12                    
000018f1  __aeabi_memclr                
000018f1  __aeabi_memclr4               
000018f1  __aeabi_memclr8               
000018f3  __aeabi_memset                
000018f3  __aeabi_memset4               
000018f3  __aeabi_memset8               
000018f9  memset                        
0000196b  __aeabi_idiv0                 
0000196b  __aeabi_ldiv0                 
0000196d  CMD_date                      
000019e1  GetCalendarMatchValue         
00001a51  CMD_help                      
00001ab9  HibernateCalendarGet          
00001b21  __TI_decompress_lzss          
00001b89  CmdLineProcess                
00001bed  HibernateWakeSet              
00001c51  UARTgets                      
00001ca5  CMD_time24                    
00001cf5  ButtonsInit                   
00001d41  DateTimeGet                   
00001d8d  DateTimeSet                   
00001dd9  HibernateClockConfig          
00001e69  UARTPeek                      
00001ead  __TI_auto_init_nobinit_nopinit
00001ef1  __aeabi_uidiv                 
00001ef1  __aeabi_uidivmod              
00001f31  SysTickIntHandler             
00001f6d  UARTFlushTx                   
00001fa9  DateTimeDefaultSet            
00001fe1  ustrncmp                      
00002019  SysCtlPeripheralEnable        
0000204d  _c_int00_noargs               
00002081  UARTFlushRx                   
000020ad  GPIODirModeSet                
000020d7  ustrncpy                      
00002101  CMD_cls                       
00002129  GetDaysInMonth                
00002151  HibernateDataSet              
00002179  HibernateDataGet              
000021bd  ButtonPressUpdate             
000021d9  UARTprintf                    
000021f3  usnprintf                     
0000220d  HibernateIntStatus            
0000223d  strcmp                        
00002255  HibernateEnableExpClk         
00002269  HibernateIntClear             
0000227d  HibernateRTCEnable            
00002291  HibernateRequest              
000022a5  SysTickEnable                 
000022b9  SysTickIntEnable              
000022cd  GPIOPinTypeEthernetLED        
000022f1  CMD_hib                       
00002301  HibernateCalendarSet          
00002311  HibernateIsActive             
00002321  IntMasterEnable               
00002331  SysTickPeriodSet              
0000235f  __TI_decompress_none          
0000236d  CPUcpsie                      
00002379  HibernateCalendarMatchSet     
00002385  HibernateCounterMode          
00002391  __TI_zero_init                
0000239d  ResetISR                      
000023a3  SysCtlDelay                   
000023a9  _system_pre_init              
000023ad  C$$EXIT                       
000023ad  abort                         
0000281c  __TI_Handler_Table_Base       
00002828  __TI_Handler_Table_Limit      
00002830  __TI_CINIT_Base               
00002840  __TI_CINIT_Limit              
20000000  __start___llvm_prf_cnts       
20000000  __stop___llvm_prf_cnts        
20000480  g_pcButtonPress               
200004a8  g_pcDateTimeBuf               
200004d0  g_pcHibBuf                    
200004f8  g_pcInputBuf                  
20000520  g_pcWakeBuf                   
20000574  g_ui32DayIdx                  
20000578  g_ui32HourIdx                 
2000057c  g_ui32MinIdx                  
20000580  g_ui32MonthIdx                
20000584  g_ui32YearIdx                 
20000588  g_bFirstUpdate                
20000589  g_bHibernate                  
2000058a  g_bSetDate                    
2000058b  g_ui8FirstLine                
20000590  __stack                       
20000990  __STACK_END                   
20000990  __STACK_TOP                   
20000990  g_psCmdTable                  
20000a40  button_counter                
20000a44  buttonPressed                 
20000a48  secondsPassed                 
20000a4c  time_since_start              
ffffffff  __TI_pprof_out_hndl           
ffffffff  __TI_prof_data_size           
ffffffff  __TI_prof_data_start          
ffffffff  __binit__                     
ffffffff  __c_args__                    
ffffffff  binit                         
UNDEFED   __mpu_init                    
UNDEFED   _system_post_cinit            

[125 symbols]
