<?xml version="1.0" encoding="ISO-8859-1" ?>
<link_info>
   <banner>TI ARM Linker PC v20.2.2.LTS</banner>
   <copyright>Copyright (c) 1996-2018 Texas Instruments Incorporated</copyright>
   <link_time>0x62452122</link_time>
   <link_errors>0x0</link_errors>
   <output_file>hibernate.out</output_file>
   <entry_point>
      <name>_c_int00_noargs</name>
      <address>0x204d</address>
   </entry_point>
   <input_file_list>
      <input_file id="fl-2">
         <path>.\</path>
         <kind>object</kind>
         <file>hibernate.obj</file>
         <name>hibernate.obj</name>
      </input_file>
      <input_file id="fl-3">
         <path>.\</path>
         <kind>object</kind>
         <file>hibernate_commands.obj</file>
         <name>hibernate_commands.obj</name>
      </input_file>
      <input_file id="fl-4">
         <path>.\</path>
         <kind>object</kind>
         <file>startup_ccs.obj</file>
         <name>startup_ccs.obj</name>
      </input_file>
      <input_file id="fl-5">
         <path>.\drivers\</path>
         <kind>object</kind>
         <file>buttons.obj</file>
         <name>buttons.obj</name>
      </input_file>
      <input_file id="fl-6">
         <path>.\drivers\</path>
         <kind>object</kind>
         <file>pinout.obj</file>
         <name>pinout.obj</name>
      </input_file>
      <input_file id="fl-7">
         <path>.\utils\</path>
         <kind>object</kind>
         <file>cmdline.obj</file>
         <name>cmdline.obj</name>
      </input_file>
      <input_file id="fl-8">
         <path>.\utils\</path>
         <kind>object</kind>
         <file>uartstdio.obj</file>
         <name>uartstdio.obj</name>
      </input_file>
      <input_file id="fl-9">
         <path>.\utils\</path>
         <kind>object</kind>
         <file>ustdlib.obj</file>
         <name>ustdlib.obj</name>
      </input_file>
      <input_file id="fl-e">
         <kind>object</kind>
         <file>&lt;internal&gt;</file>
         <name>&lt;internal&gt;</name>
      </input_file>
      <input_file id="fl-c4">
         <path>C:\ti\ccs1020\ccs\tools\compiler\ti-cgt-arm_20.2.2.LTS\lib\</path>
         <kind>archive</kind>
         <file>rtsv7M4_T_le_v4SPD16_eabi.lib</file>
         <name>u_divt2.asm.obj</name>
      </input_file>
      <input_file id="fl-c5">
         <path>C:\ti\ccs1020\ccs\tools\compiler\ti-cgt-arm_20.2.2.LTS\lib\</path>
         <kind>archive</kind>
         <file>rtsv7M4_T_le_v4SPD16_eabi.lib</file>
         <name>copy_zero_init.c.obj</name>
      </input_file>
      <input_file id="fl-c6">
         <path>C:\ti\ccs1020\ccs\tools\compiler\ti-cgt-arm_20.2.2.LTS\lib\</path>
         <kind>archive</kind>
         <file>rtsv7M4_T_le_v4SPD16_eabi.lib</file>
         <name>copy_decompress_none.c.obj</name>
      </input_file>
      <input_file id="fl-c7">
         <path>C:\ti\ccs1020\ccs\tools\compiler\ti-cgt-arm_20.2.2.LTS\lib\</path>
         <kind>archive</kind>
         <file>rtsv7M4_T_le_v4SPD16_eabi.lib</file>
         <name>copy_decompress_lzss.c.obj</name>
      </input_file>
      <input_file id="fl-c8">
         <path>C:\ti\ccs1020\ccs\tools\compiler\ti-cgt-arm_20.2.2.LTS\lib\</path>
         <kind>archive</kind>
         <file>rtsv7M4_T_le_v4SPD16_eabi.lib</file>
         <name>strcmp.c.obj</name>
      </input_file>
      <input_file id="fl-c9">
         <path>C:\ti\ccs1020\ccs\tools\compiler\ti-cgt-arm_20.2.2.LTS\lib\</path>
         <kind>archive</kind>
         <file>rtsv7M4_T_le_v4SPD16_eabi.lib</file>
         <name>boot_cortex_m.c.obj</name>
      </input_file>
      <input_file id="fl-ca">
         <path>C:\ti\ccs1020\ccs\tools\compiler\ti-cgt-arm_20.2.2.LTS\lib\</path>
         <kind>archive</kind>
         <file>rtsv7M4_T_le_v4SPD16_eabi.lib</file>
         <name>div0.asm.obj</name>
      </input_file>
      <input_file id="fl-cb">
         <path>C:\ti\ccs1020\ccs\tools\compiler\ti-cgt-arm_20.2.2.LTS\lib\</path>
         <kind>archive</kind>
         <file>rtsv7M4_T_le_v4SPD16_eabi.lib</file>
         <name>memcpy_t2.asm.obj</name>
      </input_file>
      <input_file id="fl-cc">
         <path>C:\ti\ccs1020\ccs\tools\compiler\ti-cgt-arm_20.2.2.LTS\lib\</path>
         <kind>archive</kind>
         <file>rtsv7M4_T_le_v4SPD16_eabi.lib</file>
         <name>memset_t2.asm.obj</name>
      </input_file>
      <input_file id="fl-cd">
         <path>C:\ti\ccs1020\ccs\tools\compiler\ti-cgt-arm_20.2.2.LTS\lib\</path>
         <kind>archive</kind>
         <file>rtsv7M4_T_le_v4SPD16_eabi.lib</file>
         <name>autoinit.c.obj</name>
      </input_file>
      <input_file id="fl-ce">
         <path>C:\ti\ccs1020\ccs\tools\compiler\ti-cgt-arm_20.2.2.LTS\lib\</path>
         <kind>archive</kind>
         <file>rtsv7M4_T_le_v4SPD16_eabi.lib</file>
         <name>pre_init.c.obj</name>
      </input_file>
      <input_file id="fl-cf">
         <path>C:\ti\ccs1020\ccs\tools\compiler\ti-cgt-arm_20.2.2.LTS\lib\</path>
         <kind>archive</kind>
         <file>rtsv7M4_T_le_v4SPD16_eabi.lib</file>
         <name>cpy_tbl.c.obj</name>
      </input_file>
      <input_file id="fl-d0">
         <path>C:\ti\ccs1020\ccs\tools\compiler\ti-cgt-arm_20.2.2.LTS\lib\</path>
         <kind>archive</kind>
         <file>rtsv7M4_T_le_v4SPD16_eabi.lib</file>
         <name>exit.c.obj</name>
      </input_file>
      <input_file id="fl-d1">
         <path>C:\ti\ccs1020\ccs\tools\compiler\ti-cgt-arm_20.2.2.LTS\lib\</path>
         <kind>archive</kind>
         <file>rtsv7M4_T_le_v4SPD16_eabi.lib</file>
         <name>_lock.c.obj</name>
      </input_file>
      <input_file id="fl-d2">
         <path>C:\ti\ccs1020\ccs\tools\compiler\ti-cgt-arm_20.2.2.LTS\lib\</path>
         <kind>archive</kind>
         <file>rtsv7M4_T_le_v4SPD16_eabi.lib</file>
         <name>args_main.c.obj</name>
      </input_file>
      <input_file id="fl-d3">
         <path>C:\ti\tivaware_c_series_2_1_4_178\driverlib\ccs\Debug\</path>
         <kind>archive</kind>
         <file>driverlib.lib</file>
         <name>gpio.obj</name>
      </input_file>
      <input_file id="fl-d4">
         <path>C:\ti\tivaware_c_series_2_1_4_178\driverlib\ccs\Debug\</path>
         <kind>archive</kind>
         <file>driverlib.lib</file>
         <name>hibernate.obj</name>
      </input_file>
      <input_file id="fl-d5">
         <path>C:\ti\tivaware_c_series_2_1_4_178\driverlib\ccs\Debug\</path>
         <kind>archive</kind>
         <file>driverlib.lib</file>
         <name>interrupt.obj</name>
      </input_file>
      <input_file id="fl-d6">
         <path>C:\ti\tivaware_c_series_2_1_4_178\driverlib\ccs\Debug\</path>
         <kind>archive</kind>
         <file>driverlib.lib</file>
         <name>sysctl.obj</name>
      </input_file>
      <input_file id="fl-d7">
         <path>C:\ti\tivaware_c_series_2_1_4_178\driverlib\ccs\Debug\</path>
         <kind>archive</kind>
         <file>driverlib.lib</file>
         <name>systick.obj</name>
      </input_file>
      <input_file id="fl-d8">
         <path>C:\ti\tivaware_c_series_2_1_4_178\driverlib\ccs\Debug\</path>
         <kind>archive</kind>
         <file>driverlib.lib</file>
         <name>cpu.obj</name>
      </input_file>
   </input_file_list>
   <object_component_list>
      <object_component id="oc-12">
         <name>.intvecs</name>
         <load_address>0x0</load_address>
         <run_address>0x0</run_address>
         <size>0x200</size>
         <input_file_ref idref="fl-4"/>
      </object_component>
      <object_component id="oc-100">
         <name>.text:main</name>
         <load_address>0x200</load_address>
         <run_address>0x200</run_address>
         <size>0x3d0</size>
         <input_file_ref idref="fl-2"/>
      </object_component>
      <object_component id="oc-29f">
         <name>.text:uvsnprintf</name>
         <load_address>0x5d0</load_address>
         <run_address>0x5d0</run_address>
         <size>0x251</size>
         <input_file_ref idref="fl-9"/>
      </object_component>
      <object_component id="oc-33">
         <name>.text:FaultISR</name>
         <load_address>0x822</load_address>
         <run_address>0x822</run_address>
         <size>0x2</size>
         <input_file_ref idref="fl-4"/>
      </object_component>
      <object_component id="oc-15f">
         <name>.text:PinoutSet</name>
         <load_address>0x824</load_address>
         <run_address>0x824</run_address>
         <size>0x20c</size>
         <input_file_ref idref="fl-6"/>
      </object_component>
      <object_component id="oc-159">
         <name>.text:SysCtlClockFreqSet</name>
         <load_address>0xa30</load_address>
         <run_address>0xa30</run_address>
         <size>0x200</size>
         <input_file_ref idref="fl-d6"/>
      </object_component>
      <object_component id="oc-142">
         <name>.text:UARTvprintf</name>
         <load_address>0xc30</load_address>
         <run_address>0xc30</run_address>
         <size>0x1ee</size>
         <input_file_ref idref="fl-8"/>
      </object_component>
      <object_component id="oc-39">
         <name>.text:IntDefaultHandler</name>
         <load_address>0xe1e</load_address>
         <run_address>0xe1e</run_address>
         <size>0x2</size>
         <input_file_ref idref="fl-4"/>
      </object_component>
      <object_component id="oc-45">
         <name>.text:UARTStdioIntHandler</name>
         <load_address>0xe20</load_address>
         <run_address>0xe20</run_address>
         <size>0x160</size>
         <input_file_ref idref="fl-8"/>
      </object_component>
      <object_component id="oc-1a7">
         <name>.text:GPIOPadConfigSet</name>
         <load_address>0xf80</load_address>
         <run_address>0xf80</run_address>
         <size>0x132</size>
         <input_file_ref idref="fl-d3"/>
      </object_component>
      <object_component id="oc-2d">
         <name>.text:NmiSR</name>
         <load_address>0x10b2</load_address>
         <run_address>0x10b2</run_address>
         <size>0x2</size>
         <input_file_ref idref="fl-4"/>
      </object_component>
      <object_component id="oc-1b3">
         <name>.text:SysCtlClockGet</name>
         <load_address>0x10b4</load_address>
         <run_address>0x10b4</run_address>
         <size>0x110</size>
         <input_file_ref idref="fl-d6"/>
      </object_component>
      <object_component id="oc-203">
         <name>.text:AppHibernateEnter</name>
         <load_address>0x11c4</load_address>
         <run_address>0x11c4</run_address>
         <size>0x100</size>
         <input_file_ref idref="fl-2"/>
      </object_component>
      <object_component id="oc-375">
         <name>.text:_HibernateCalendarSet</name>
         <load_address>0x12c4</load_address>
         <run_address>0x12c4</run_address>
         <size>0xc4</size>
         <input_file_ref idref="fl-d4"/>
      </object_component>
      <object_component id="oc-4b">
         <name>.text:Timer0IntHandler</name>
         <load_address>0x1388</load_address>
         <run_address>0x1388</run_address>
         <size>0xb0</size>
         <input_file_ref idref="fl-2"/>
      </object_component>
      <object_component id="oc-165">
         <name>.text:UARTStdioConfig</name>
         <load_address>0x1438</load_address>
         <run_address>0x1438</run_address>
         <size>0xb0</size>
         <input_file_ref idref="fl-8"/>
      </object_component>
      <object_component id="oc-b6">
         <name>.text:UARTwrite</name>
         <load_address>0x14e8</load_address>
         <run_address>0x14e8</run_address>
         <size>0xa8</size>
         <input_file_ref idref="fl-8"/>
      </object_component>
      <object_component id="oc-5f">
         <name>.text</name>
         <load_address>0x1590</load_address>
         <run_address>0x1590</run_address>
         <size>0x9c</size>
         <input_file_ref idref="fl-cb"/>
      </object_component>
      <object_component id="oc-3e9">
         <name>.text:ustrtoul</name>
         <load_address>0x162c</load_address>
         <run_address>0x162c</run_address>
         <size>0x9c</size>
         <input_file_ref idref="fl-9"/>
      </object_component>
      <object_component id="oc-1e9">
         <name>.text:DateTimeDisplayGet</name>
         <load_address>0x16c8</load_address>
         <run_address>0x16c8</run_address>
         <size>0x94</size>
         <input_file_ref idref="fl-2"/>
      </object_component>
      <object_component id="oc-aa">
         <name>.text:UARTPrimeTransmit</name>
         <load_address>0x175c</load_address>
         <run_address>0x175c</run_address>
         <size>0x8c</size>
         <input_file_ref idref="fl-8"/>
      </object_component>
      <object_component id="oc-95">
         <name>.text:ButtonsPoll</name>
         <load_address>0x17e8</load_address>
         <run_address>0x17e8</run_address>
         <size>0x88</size>
         <input_file_ref idref="fl-5"/>
      </object_component>
      <object_component id="oc-397">
         <name>.text:CMD_time12</name>
         <load_address>0x1870</load_address>
         <run_address>0x1870</run_address>
         <size>0x80</size>
         <input_file_ref idref="fl-3"/>
      </object_component>
      <object_component id="oc-f4">
         <name>.text</name>
         <load_address>0x18f0</load_address>
         <run_address>0x18f0</run_address>
         <size>0x7a</size>
         <input_file_ref idref="fl-cc"/>
      </object_component>
      <object_component id="oc-337">
         <name>.text</name>
         <load_address>0x196a</load_address>
         <run_address>0x196a</run_address>
         <size>0x2</size>
         <input_file_ref idref="fl-ca"/>
      </object_component>
      <object_component id="oc-391">
         <name>.text:CMD_date</name>
         <load_address>0x196c</load_address>
         <run_address>0x196c</run_address>
         <size>0x74</size>
         <input_file_ref idref="fl-3"/>
      </object_component>
      <object_component id="oc-2fa">
         <name>.text:GetCalendarMatchValue</name>
         <load_address>0x19e0</load_address>
         <run_address>0x19e0</run_address>
         <size>0x70</size>
         <input_file_ref idref="fl-2"/>
      </object_component>
      <object_component id="oc-385">
         <name>.text:CMD_help</name>
         <load_address>0x1a50</load_address>
         <run_address>0x1a50</run_address>
         <size>0x68</size>
         <input_file_ref idref="fl-3"/>
      </object_component>
      <object_component id="oc-2c8">
         <name>.text:HibernateCalendarGet</name>
         <load_address>0x1ab8</load_address>
         <run_address>0x1ab8</run_address>
         <size>0x68</size>
         <input_file_ref idref="fl-d4"/>
      </object_component>
      <object_component id="oc-15">
         <name>.text:decompress:lzss:__TI_decompress_lzss</name>
         <load_address>0x1b20</load_address>
         <run_address>0x1b20</run_address>
         <size>0x68</size>
         <input_file_ref idref="fl-c7"/>
      </object_component>
      <object_component id="oc-1f7">
         <name>.text:CmdLineProcess</name>
         <load_address>0x1b88</load_address>
         <run_address>0x1b88</run_address>
         <size>0x64</size>
         <input_file_ref idref="fl-7"/>
      </object_component>
      <object_component id="oc-306">
         <name>.text:HibernateWakeSet</name>
         <load_address>0x1bec</load_address>
         <run_address>0x1bec</run_address>
         <size>0x64</size>
         <input_file_ref idref="fl-d4"/>
      </object_component>
      <object_component id="oc-1f1">
         <name>.text:UARTgets</name>
         <load_address>0x1c50</load_address>
         <run_address>0x1c50</run_address>
         <size>0x54</size>
         <input_file_ref idref="fl-8"/>
      </object_component>
      <object_component id="oc-39d">
         <name>.text:CMD_time24</name>
         <load_address>0x1ca4</load_address>
         <run_address>0x1ca4</run_address>
         <size>0x50</size>
         <input_file_ref idref="fl-3"/>
      </object_component>
      <object_component id="oc-1ad">
         <name>.text:ButtonsInit</name>
         <load_address>0x1cf4</load_address>
         <run_address>0x1cf4</run_address>
         <size>0x4c</size>
         <input_file_ref idref="fl-5"/>
      </object_component>
      <object_component id="oc-2d5">
         <name>.text:DateTimeGet</name>
         <load_address>0x1d40</load_address>
         <run_address>0x1d40</run_address>
         <size>0x4c</size>
         <input_file_ref idref="fl-2"/>
      </object_component>
      <object_component id="oc-1e3">
         <name>.text:DateTimeSet</name>
         <load_address>0x1d8c</load_address>
         <run_address>0x1d8c</run_address>
         <size>0x4c</size>
         <input_file_ref idref="fl-2"/>
      </object_component>
      <object_component id="oc-195">
         <name>.text:HibernateClockConfig</name>
         <load_address>0x1dd8</load_address>
         <run_address>0x1dd8</run_address>
         <size>0x48</size>
         <input_file_ref idref="fl-d4"/>
      </object_component>
      <object_component id="oc-269">
         <name>.text:_SysCtlFrequencyGet</name>
         <load_address>0x1e20</load_address>
         <run_address>0x1e20</run_address>
         <size>0x48</size>
         <input_file_ref idref="fl-d6"/>
      </object_component>
      <object_component id="oc-1eb">
         <name>.text:UARTPeek</name>
         <load_address>0x1e68</load_address>
         <run_address>0x1e68</run_address>
         <size>0x44</size>
         <input_file_ref idref="fl-8"/>
      </object_component>
      <object_component id="oc-221">
         <name>.text:__TI_auto_init_nobinit_nopinit:__TI_auto_init_nobinit_nopinit</name>
         <load_address>0x1eac</load_address>
         <run_address>0x1eac</run_address>
         <size>0x44</size>
         <input_file_ref idref="fl-cd"/>
      </object_component>
      <object_component id="oc-25d">
         <name>.text</name>
         <load_address>0x1ef0</load_address>
         <run_address>0x1ef0</run_address>
         <size>0x40</size>
         <input_file_ref idref="fl-c4"/>
      </object_component>
      <object_component id="oc-3f">
         <name>.text:SysTickIntHandler</name>
         <load_address>0x1f30</load_address>
         <run_address>0x1f30</run_address>
         <size>0x3c</size>
         <input_file_ref idref="fl-2"/>
      </object_component>
      <object_component id="oc-1d1">
         <name>.text:UARTFlushTx</name>
         <load_address>0x1f6c</load_address>
         <run_address>0x1f6c</run_address>
         <size>0x3c</size>
         <input_file_ref idref="fl-8"/>
      </object_component>
      <object_component id="oc-1dd">
         <name>.text:DateTimeDefaultSet</name>
         <load_address>0x1fa8</load_address>
         <run_address>0x1fa8</run_address>
         <size>0x38</size>
         <input_file_ref idref="fl-2"/>
      </object_component>
      <object_component id="oc-3f0">
         <name>.text:ustrncmp</name>
         <load_address>0x1fe0</load_address>
         <run_address>0x1fe0</run_address>
         <size>0x36</size>
         <input_file_ref idref="fl-9"/>
      </object_component>
      <object_component id="oc-16b">
         <name>.text:SysCtlPeripheralEnable</name>
         <load_address>0x2018</load_address>
         <run_address>0x2018</run_address>
         <size>0x34</size>
         <input_file_ref idref="fl-d6"/>
      </object_component>
      <object_component id="oc-7d">
         <name>.text:_c_int00_noargs:_c_int00_noargs</name>
         <load_address>0x204c</load_address>
         <run_address>0x204c</run_address>
         <size>0x34</size>
         <input_file_ref idref="fl-c9"/>
      </object_component>
      <object_component id="oc-287">
         <name>.text:UARTFlushRx</name>
         <load_address>0x2080</load_address>
         <run_address>0x2080</run_address>
         <size>0x2c</size>
         <input_file_ref idref="fl-8"/>
      </object_component>
      <object_component id="oc-34f">
         <name>.text:GPIODirModeSet</name>
         <load_address>0x20ac</load_address>
         <run_address>0x20ac</run_address>
         <size>0x2a</size>
         <input_file_ref idref="fl-d3"/>
      </object_component>
      <object_component id="oc-365">
         <name>.text:ustrncpy</name>
         <load_address>0x20d6</load_address>
         <run_address>0x20d6</run_address>
         <size>0x2a</size>
         <input_file_ref idref="fl-9"/>
      </object_component>
      <object_component id="oc-3a3">
         <name>.text:CMD_cls</name>
         <load_address>0x2100</load_address>
         <run_address>0x2100</run_address>
         <size>0x28</size>
         <input_file_ref idref="fl-3"/>
      </object_component>
      <object_component id="oc-3b2">
         <name>.text:GetDaysInMonth</name>
         <load_address>0x2128</load_address>
         <run_address>0x2128</run_address>
         <size>0x28</size>
         <input_file_ref idref="fl-2"/>
      </object_component>
      <object_component id="oc-1fd">
         <name>.text:HibernateDataSet</name>
         <load_address>0x2150</load_address>
         <run_address>0x2150</run_address>
         <size>0x28</size>
         <input_file_ref idref="fl-d4"/>
      </object_component>
      <object_component id="oc-189">
         <name>.text:HibernateDataGet</name>
         <load_address>0x2178</load_address>
         <run_address>0x2178</run_address>
         <size>0x24</size>
         <input_file_ref idref="fl-d4"/>
      </object_component>
      <object_component id="oc-263">
         <name>.text:_SysCtlMemTimingGet</name>
         <load_address>0x219c</load_address>
         <run_address>0x219c</run_address>
         <size>0x20</size>
         <input_file_ref idref="fl-d6"/>
      </object_component>
      <object_component id="oc-1d7">
         <name>.text:ButtonPressUpdate</name>
         <load_address>0x21bc</load_address>
         <run_address>0x21bc</run_address>
         <size>0x1c</size>
         <input_file_ref idref="fl-2"/>
      </object_component>
      <object_component id="oc-d1">
         <name>.text:UARTprintf</name>
         <load_address>0x21d8</load_address>
         <run_address>0x21d8</run_address>
         <size>0x1a</size>
         <input_file_ref idref="fl-8"/>
      </object_component>
      <object_component id="oc-183">
         <name>.text:usnprintf</name>
         <load_address>0x21f2</load_address>
         <run_address>0x21f2</run_address>
         <size>0x1a</size>
         <input_file_ref idref="fl-9"/>
      </object_component>
      <object_component id="oc-177">
         <name>.text:HibernateIntStatus</name>
         <load_address>0x220c</load_address>
         <run_address>0x220c</run_address>
         <size>0x18</size>
         <input_file_ref idref="fl-d4"/>
      </object_component>
      <object_component id="oc-bc">
         <name>.text:IsBufferFull</name>
         <load_address>0x2224</load_address>
         <run_address>0x2224</run_address>
         <size>0x18</size>
         <input_file_ref idref="fl-8"/>
      </object_component>
      <object_component id="oc-2e6">
         <name>.text:strcmp</name>
         <load_address>0x223c</load_address>
         <run_address>0x223c</run_address>
         <size>0x18</size>
         <input_file_ref idref="fl-c8"/>
      </object_component>
      <object_component id="oc-18f">
         <name>.text:HibernateEnableExpClk</name>
         <load_address>0x2254</load_address>
         <run_address>0x2254</run_address>
         <size>0x14</size>
         <input_file_ref idref="fl-d4"/>
      </object_component>
      <object_component id="oc-17d">
         <name>.text:HibernateIntClear</name>
         <load_address>0x2268</load_address>
         <run_address>0x2268</run_address>
         <size>0x14</size>
         <input_file_ref idref="fl-d4"/>
      </object_component>
      <object_component id="oc-19b">
         <name>.text:HibernateRTCEnable</name>
         <load_address>0x227c</load_address>
         <run_address>0x227c</run_address>
         <size>0x14</size>
         <input_file_ref idref="fl-d4"/>
      </object_component>
      <object_component id="oc-30c">
         <name>.text:HibernateRequest</name>
         <load_address>0x2290</load_address>
         <run_address>0x2290</run_address>
         <size>0x14</size>
         <input_file_ref idref="fl-d4"/>
      </object_component>
      <object_component id="oc-1bf">
         <name>.text:SysTickEnable</name>
         <load_address>0x22a4</load_address>
         <run_address>0x22a4</run_address>
         <size>0x14</size>
         <input_file_ref idref="fl-d7"/>
      </object_component>
      <object_component id="oc-1c5">
         <name>.text:SysTickIntEnable</name>
         <load_address>0x22b8</load_address>
         <run_address>0x22b8</run_address>
         <size>0x14</size>
         <input_file_ref idref="fl-d7"/>
      </object_component>
      <object_component id="oc-27f">
         <name>.text:GPIOPinTypeEthernetLED</name>
         <load_address>0x22cc</load_address>
         <run_address>0x22cc</run_address>
         <size>0x12</size>
         <input_file_ref idref="fl-d3"/>
      </object_component>
      <object_component id="oc-2de">
         <name>.text:GetBufferCount</name>
         <load_address>0x22de</load_address>
         <run_address>0x22de</run_address>
         <size>0x12</size>
         <input_file_ref idref="fl-8"/>
      </object_component>
      <object_component id="oc-38b">
         <name>.text:CMD_hib</name>
         <load_address>0x22f0</load_address>
         <run_address>0x22f0</run_address>
         <size>0x10</size>
         <input_file_ref idref="fl-3"/>
      </object_component>
      <object_component id="oc-2ce">
         <name>.text:HibernateCalendarSet</name>
         <load_address>0x2300</load_address>
         <run_address>0x2300</run_address>
         <size>0x10</size>
         <input_file_ref idref="fl-d4"/>
      </object_component>
      <object_component id="oc-171">
         <name>.text:HibernateIsActive</name>
         <load_address>0x2310</load_address>
         <run_address>0x2310</run_address>
         <size>0x10</size>
         <input_file_ref idref="fl-d4"/>
      </object_component>
      <object_component id="oc-1cb">
         <name>.text:IntMasterEnable</name>
         <load_address>0x2320</load_address>
         <run_address>0x2320</run_address>
         <size>0x10</size>
         <input_file_ref idref="fl-d5"/>
      </object_component>
      <object_component id="oc-1b9">
         <name>.text:SysTickPeriodSet</name>
         <load_address>0x2330</load_address>
         <run_address>0x2330</run_address>
         <size>0x10</size>
         <input_file_ref idref="fl-d7"/>
      </object_component>
      <object_component id="oc-298">
         <name>.text:_HibernateWriteComplete</name>
         <load_address>0x2340</load_address>
         <run_address>0x2340</run_address>
         <size>0x10</size>
         <input_file_ref idref="fl-d4"/>
      </object_component>
      <object_component id="oc-b0">
         <name>.text:IsBufferEmpty</name>
         <load_address>0x2350</load_address>
         <run_address>0x2350</run_address>
         <size>0xe</size>
         <input_file_ref idref="fl-8"/>
      </object_component>
      <object_component id="oc-1b">
         <name>.text:decompress:none:__TI_decompress_none</name>
         <load_address>0x235e</load_address>
         <run_address>0x235e</run_address>
         <size>0xe</size>
         <input_file_ref idref="fl-c6"/>
      </object_component>
      <object_component id="oc-2b9">
         <name>.text:CPUcpsie</name>
         <load_address>0x236c</load_address>
         <run_address>0x236c</run_address>
         <size>0xc</size>
         <input_file_ref idref="fl-d8"/>
      </object_component>
      <object_component id="oc-300">
         <name>.text:HibernateCalendarMatchSet</name>
         <load_address>0x2378</load_address>
         <run_address>0x2378</run_address>
         <size>0xc</size>
         <input_file_ref idref="fl-d4"/>
      </object_component>
      <object_component id="oc-1a1">
         <name>.text:HibernateCounterMode</name>
         <load_address>0x2384</load_address>
         <run_address>0x2384</run_address>
         <size>0xc</size>
         <input_file_ref idref="fl-d4"/>
      </object_component>
      <object_component id="oc-71">
         <name>.text:decompress:ZI:__TI_zero_init</name>
         <load_address>0x2390</load_address>
         <run_address>0x2390</run_address>
         <size>0xc</size>
         <input_file_ref idref="fl-c5"/>
      </object_component>
      <object_component id="oc-27">
         <name>.text:ResetISR</name>
         <load_address>0x239c</load_address>
         <run_address>0x239c</run_address>
         <size>0x6</size>
         <input_file_ref idref="fl-4"/>
      </object_component>
      <object_component id="oc-312">
         <name>.text:SysCtlDelay</name>
         <load_address>0x23a2</load_address>
         <run_address>0x23a2</run_address>
         <size>0x6</size>
         <input_file_ref idref="fl-d6"/>
      </object_component>
      <object_component id="oc-fa">
         <name>.text:_system_pre_init</name>
         <load_address>0x23a8</load_address>
         <run_address>0x23a8</run_address>
         <size>0x4</size>
         <input_file_ref idref="fl-ce"/>
      </object_component>
      <object_component id="oc-215">
         <name>.text:abort:abort</name>
         <load_address>0x23ac</load_address>
         <run_address>0x23ac</run_address>
         <size>0x4</size>
         <input_file_ref idref="fl-d0"/>
      </object_component>
      <object_component id="oc-272">
         <name>.const:g_pppui32XTALtoVCO</name>
         <load_address>0x23b0</load_address>
         <run_address>0x23b0</run_address>
         <size>0x1b0</size>
         <input_file_ref idref="fl-d6"/>
      </object_component>
      <object_component id="oc-384">
         <name>.const:.string</name>
         <load_address>0x2560</load_address>
         <run_address>0x2560</run_address>
         <size>0xfa</size>
         <input_file_ref idref="fl-3"/>
      </object_component>
      <object_component id="oc-314">
         <name>.const:.string</name>
         <load_address>0x265c</load_address>
         <run_address>0x265c</run_address>
         <size>0x6c</size>
         <input_file_ref idref="fl-2"/>
      </object_component>
      <object_component id="oc-26f">
         <name>.const:g_pui32Xtals</name>
         <load_address>0x26c8</load_address>
         <run_address>0x26c8</run_address>
         <size>0x6c</size>
         <input_file_ref idref="fl-d6"/>
      </object_component>
      <object_component id="oc-33d">
         <name>.const:g_sXTALtoMEMTIM</name>
         <load_address>0x2734</load_address>
         <run_address>0x2734</run_address>
         <size>0x30</size>
         <input_file_ref idref="fl-d6"/>
      </object_component>
      <object_component id="oc-290">
         <name>.const:g_ui32UARTBase</name>
         <load_address>0x2764</load_address>
         <run_address>0x2764</run_address>
         <size>0xc</size>
         <input_file_ref idref="fl-8"/>
      </object_component>
      <object_component id="oc-12c">
         <name>.const:g_ui32UARTInt</name>
         <load_address>0x2770</load_address>
         <run_address>0x2770</run_address>
         <size>0xc</size>
         <input_file_ref idref="fl-8"/>
      </object_component>
      <object_component id="oc-28d">
         <name>.const:g_ui32UARTPeriph</name>
         <load_address>0x277c</load_address>
         <run_address>0x277c</run_address>
         <size>0xc</size>
         <input_file_ref idref="fl-8"/>
      </object_component>
      <object_component id="oc-275">
         <name>.const</name>
         <load_address>0x2788</load_address>
         <run_address>0x2788</run_address>
         <size>0x8</size>
         <input_file_ref idref="fl-d6"/>
      </object_component>
      <object_component id="oc-436">
         <name>.cinit..data.load</name>
         <load_address>0x2790</load_address>
         <run_address>0x2790</run_address>
         <size>0x8b</size>
      </object_component>
      <object_component id="oc-434">
         <name>__TI_handler_table</name>
         <load_address>0x281c</load_address>
         <run_address>0x281c</run_address>
         <size>0xc</size>
      </object_component>
      <object_component id="oc-437">
         <name>.cinit..bss.load</name>
         <load_address>0x2828</load_address>
         <run_address>0x2828</run_address>
         <size>0x8</size>
      </object_component>
      <object_component id="oc-435">
         <name>__TI_cinit_table</name>
         <load_address>0x2830</load_address>
         <run_address>0x2830</run_address>
         <size>0x10</size>
      </object_component>
      <object_component id="oc-9e">
         <name>.data</name>
         <load_address>0x20000a40</load_address>
         <run_address>0x20000a40</run_address>
         <size>0x14</size>
         <input_file_ref idref="fl-2"/>
      </object_component>
      <object_component id="oc-20a">
         <name>.data:g_ppcWakeSource</name>
         <load_address>0x20000a2c</load_address>
         <run_address>0x20000a2c</run_address>
         <size>0x14</size>
         <input_file_ref idref="fl-2"/>
      </object_component>
      <object_component id="oc-2db">
         <name>.data:g_ppcMonth</name>
         <load_address>0x200009e4</load_address>
         <run_address>0x200009e4</run_address>
         <size>0x30</size>
         <input_file_ref idref="fl-2"/>
      </object_component>
      <object_component id="oc-2ef">
         <name>.data:g_psCmdTable</name>
         <load_address>0x20000990</load_address>
         <run_address>0x20000990</run_address>
         <size>0x54</size>
         <input_file_ref idref="fl-3"/>
      </object_component>
      <object_component id="oc-112">
         <name>.data</name>
         <load_address>0x20000a29</load_address>
         <run_address>0x20000a29</run_address>
         <size>0x3</size>
         <input_file_ref idref="fl-5"/>
      </object_component>
      <object_component id="oc-c2">
         <name>.data</name>
         <load_address>0x20000a14</load_address>
         <run_address>0x20000a14</run_address>
         <size>0x15</size>
         <input_file_ref idref="fl-8"/>
      </object_component>
      <object_component id="oc-2ec">
         <name>.bss:g_ppcArgv</name>
         <uninitialized>true</uninitialized>
         <run_address>0x20000548</run_address>
         <size>0x24</size>
         <input_file_ref idref="fl-7"/>
      </object_component>
      <object_component id="oc-c5">
         <name>.bss</name>
         <uninitialized>true</uninitialized>
         <run_address>0x2000056c</run_address>
         <size>0x8</size>
         <input_file_ref idref="fl-8"/>
      </object_component>
      <object_component id="oc-12f">
         <name>.bss:g_pcUARTTxBuffer</name>
         <uninitialized>true</uninitialized>
         <run_address>0x20000000</run_address>
         <size>0x400</size>
         <input_file_ref idref="fl-8"/>
      </object_component>
      <object_component id="oc-c8">
         <name>.bss:g_pcUARTRxBuffer</name>
         <uninitialized>true</uninitialized>
         <run_address>0x20000400</run_address>
         <size>0x80</size>
         <input_file_ref idref="fl-8"/>
      </object_component>
      <object_component id="oc-9b">
         <name>.common:g_bHibernate</name>
         <uninitialized>true</uninitialized>
         <run_address>0x20000589</run_address>
         <size>0x1</size>
      </object_component>
      <object_component id="oc-20f">
         <name>.common:g_bFirstUpdate</name>
         <uninitialized>true</uninitialized>
         <run_address>0x20000588</run_address>
         <size>0x1</size>
      </object_component>
      <object_component id="oc-210">
         <name>.common:g_ui8FirstLine</name>
         <uninitialized>true</uninitialized>
         <run_address>0x2000058b</run_address>
         <size>0x1</size>
      </object_component>
      <object_component id="oc-20d">
         <name>.common:g_bSetDate</name>
         <uninitialized>true</uninitialized>
         <run_address>0x2000058a</run_address>
         <size>0x1</size>
      </object_component>
      <object_component id="oc-209">
         <name>.common:g_pcWakeBuf</name>
         <uninitialized>true</uninitialized>
         <run_address>0x20000520</run_address>
         <size>0x28</size>
      </object_component>
      <object_component id="oc-20e">
         <name>.common:g_pcHibBuf</name>
         <uninitialized>true</uninitialized>
         <run_address>0x200004d0</run_address>
         <size>0x28</size>
      </object_component>
      <object_component id="oc-213">
         <name>.common:g_pcDateTimeBuf</name>
         <uninitialized>true</uninitialized>
         <run_address>0x200004a8</run_address>
         <size>0x28</size>
      </object_component>
      <object_component id="oc-212">
         <name>.common:g_pcButtonPress</name>
         <uninitialized>true</uninitialized>
         <run_address>0x20000480</run_address>
         <size>0x28</size>
      </object_component>
      <object_component id="oc-211">
         <name>.common:g_pcInputBuf</name>
         <uninitialized>true</uninitialized>
         <run_address>0x200004f8</run_address>
         <size>0x28</size>
      </object_component>
      <object_component id="oc-2c2">
         <name>.common:g_ui32MonthIdx</name>
         <uninitialized>true</uninitialized>
         <run_address>0x20000580</run_address>
         <size>0x4</size>
      </object_component>
      <object_component id="oc-2c3">
         <name>.common:g_ui32DayIdx</name>
         <uninitialized>true</uninitialized>
         <run_address>0x20000574</run_address>
         <size>0x4</size>
      </object_component>
      <object_component id="oc-2c4">
         <name>.common:g_ui32YearIdx</name>
         <uninitialized>true</uninitialized>
         <run_address>0x20000584</run_address>
         <size>0x4</size>
      </object_component>
      <object_component id="oc-2c5">
         <name>.common:g_ui32HourIdx</name>
         <uninitialized>true</uninitialized>
         <run_address>0x20000578</run_address>
         <size>0x4</size>
      </object_component>
      <object_component id="oc-2c6">
         <name>.common:g_ui32MinIdx</name>
         <uninitialized>true</uninitialized>
         <run_address>0x2000057c</run_address>
         <size>0x4</size>
      </object_component>
      <object_component id="oc-24">
         <name>.stack</name>
         <uninitialized>true</uninitialized>
         <run_address>0x20000590</run_address>
         <size>0x4</size>
         <input_file_ref idref="fl-c9"/>
      </object_component>
      <object_component id="oc-439">
         <name>.stack</name>
         <uninitialized>true</uninitialized>
         <run_address>0x20000590</run_address>
         <size>0x0</size>
      </object_component>
      <object_component id="oc-9c">
         <name>.debug_info</name>
         <load_address>0x0</load_address>
         <run_address>0x0</run_address>
         <size>0xc04</size>
         <input_file_ref idref="fl-2"/>
      </object_component>
      <object_component id="oc-9f">
         <name>.debug_info</name>
         <load_address>0xc04</load_address>
         <run_address>0xc04</run_address>
         <size>0x1a7</size>
         <input_file_ref idref="fl-2"/>
      </object_component>
      <object_component id="oc-20b">
         <name>.debug_info</name>
         <load_address>0xdab</load_address>
         <run_address>0xdab</run_address>
         <size>0x121</size>
         <input_file_ref idref="fl-2"/>
      </object_component>
      <object_component id="oc-2dc">
         <name>.debug_info</name>
         <load_address>0xecc</load_address>
         <run_address>0xecc</run_address>
         <size>0x117</size>
         <input_file_ref idref="fl-2"/>
      </object_component>
      <object_component id="oc-1d8">
         <name>.debug_info</name>
         <load_address>0xfe3</load_address>
         <run_address>0xfe3</run_address>
         <size>0x15d</size>
         <input_file_ref idref="fl-2"/>
      </object_component>
      <object_component id="oc-1de">
         <name>.debug_info</name>
         <load_address>0x1140</load_address>
         <run_address>0x1140</run_address>
         <size>0x15f</size>
         <input_file_ref idref="fl-2"/>
      </object_component>
      <object_component id="oc-1e4">
         <name>.debug_info</name>
         <load_address>0x129f</load_address>
         <run_address>0x129f</run_address>
         <size>0x19b</size>
         <input_file_ref idref="fl-2"/>
      </object_component>
      <object_component id="oc-2d6">
         <name>.debug_info</name>
         <load_address>0x143a</load_address>
         <run_address>0x143a</run_address>
         <size>0x199</size>
         <input_file_ref idref="fl-2"/>
      </object_component>
      <object_component id="oc-a1">
         <name>.debug_info</name>
         <load_address>0x15d3</load_address>
         <run_address>0x15d3</run_address>
         <size>0x24f</size>
         <input_file_ref idref="fl-2"/>
      </object_component>
      <object_component id="oc-3b3">
         <name>.debug_info</name>
         <load_address>0x1822</load_address>
         <run_address>0x1822</run_address>
         <size>0x1c7</size>
         <input_file_ref idref="fl-2"/>
      </object_component>
      <object_component id="oc-2fb">
         <name>.debug_info</name>
         <load_address>0x19e9</load_address>
         <run_address>0x19e9</run_address>
         <size>0x1de</size>
         <input_file_ref idref="fl-2"/>
      </object_component>
      <object_component id="oc-204">
         <name>.debug_info</name>
         <load_address>0x1bc7</load_address>
         <run_address>0x1bc7</run_address>
         <size>0x25d</size>
         <input_file_ref idref="fl-2"/>
      </object_component>
      <object_component id="oc-101">
         <name>.debug_info</name>
         <load_address>0x1e24</load_address>
         <run_address>0x1e24</run_address>
         <size>0x5ff</size>
         <input_file_ref idref="fl-2"/>
      </object_component>
      <object_component id="oc-4c">
         <name>.debug_info</name>
         <load_address>0x2423</load_address>
         <run_address>0x2423</run_address>
         <size>0x173</size>
         <input_file_ref idref="fl-2"/>
      </object_component>
      <object_component id="oc-41">
         <name>.debug_info</name>
         <load_address>0x2596</load_address>
         <run_address>0x2596</run_address>
         <size>0x195</size>
         <input_file_ref idref="fl-2"/>
      </object_component>
      <object_component id="oc-da">
         <name>.debug_info</name>
         <load_address>0x272b</load_address>
         <run_address>0x272b</run_address>
         <size>0x26b</size>
         <input_file_ref idref="fl-2"/>
      </object_component>
      <object_component id="oc-11e">
         <name>.debug_info</name>
         <load_address>0x2996</load_address>
         <run_address>0x2996</run_address>
         <size>0x189</size>
         <input_file_ref idref="fl-2"/>
      </object_component>
      <object_component id="oc-3ad">
         <name>.debug_info</name>
         <load_address>0x2b1f</load_address>
         <run_address>0x2b1f</run_address>
         <size>0x7f</size>
         <input_file_ref idref="fl-2"/>
      </object_component>
      <object_component id="oc-a5">
         <name>.debug_info</name>
         <load_address>0x2b9e</load_address>
         <run_address>0x2b9e</run_address>
         <size>0x8b</size>
         <input_file_ref idref="fl-2"/>
      </object_component>
      <object_component id="oc-13d">
         <name>.debug_info</name>
         <load_address>0x2c29</load_address>
         <run_address>0x2c29</run_address>
         <size>0x2a4</size>
         <input_file_ref idref="fl-2"/>
      </object_component>
      <object_component id="oc-2f4">
         <name>.debug_info</name>
         <load_address>0x2ecd</load_address>
         <run_address>0x2ecd</run_address>
         <size>0xef</size>
         <input_file_ref idref="fl-2"/>
      </object_component>
      <object_component id="oc-cc">
         <name>.debug_info</name>
         <load_address>0x2fbc</load_address>
         <run_address>0x2fbc</run_address>
         <size>0xbb</size>
         <input_file_ref idref="fl-2"/>
      </object_component>
      <object_component id="oc-123">
         <name>.debug_info</name>
         <load_address>0x3077</load_address>
         <run_address>0x3077</run_address>
         <size>0x2c</size>
         <input_file_ref idref="fl-2"/>
      </object_component>
      <object_component id="oc-149">
         <name>.debug_info</name>
         <load_address>0x30a3</load_address>
         <run_address>0x30a3</run_address>
         <size>0x2c</size>
         <input_file_ref idref="fl-2"/>
      </object_component>
      <object_component id="oc-119">
         <name>.debug_info</name>
         <load_address>0x30cf</load_address>
         <run_address>0x30cf</run_address>
         <size>0x35</size>
         <input_file_ref idref="fl-2"/>
      </object_component>
      <object_component id="oc-36e">
         <name>.debug_info</name>
         <load_address>0x3104</load_address>
         <run_address>0x3104</run_address>
         <size>0x4eb</size>
         <input_file_ref idref="fl-3"/>
      </object_component>
      <object_component id="oc-2f0">
         <name>.debug_info</name>
         <load_address>0x35ef</load_address>
         <run_address>0x35ef</run_address>
         <size>0x125</size>
         <input_file_ref idref="fl-3"/>
      </object_component>
      <object_component id="oc-39e">
         <name>.debug_info</name>
         <load_address>0x3714</load_address>
         <run_address>0x3714</run_address>
         <size>0x1f8</size>
         <input_file_ref idref="fl-3"/>
      </object_component>
      <object_component id="oc-398">
         <name>.debug_info</name>
         <load_address>0x390c</load_address>
         <run_address>0x390c</run_address>
         <size>0x205</size>
         <input_file_ref idref="fl-3"/>
      </object_component>
      <object_component id="oc-38c">
         <name>.debug_info</name>
         <load_address>0x3b11</load_address>
         <run_address>0x3b11</run_address>
         <size>0x187</size>
         <input_file_ref idref="fl-3"/>
      </object_component>
      <object_component id="oc-386">
         <name>.debug_info</name>
         <load_address>0x3c98</load_address>
         <run_address>0x3c98</run_address>
         <size>0x1bc</size>
         <input_file_ref idref="fl-3"/>
      </object_component>
      <object_component id="oc-392">
         <name>.debug_info</name>
         <load_address>0x3e54</load_address>
         <run_address>0x3e54</run_address>
         <size>0x206</size>
         <input_file_ref idref="fl-3"/>
      </object_component>
      <object_component id="oc-3a6">
         <name>.debug_info</name>
         <load_address>0x405a</load_address>
         <run_address>0x405a</run_address>
         <size>0x198</size>
         <input_file_ref idref="fl-3"/>
      </object_component>
      <object_component id="oc-2a7">
         <name>.debug_info</name>
         <load_address>0x41f2</load_address>
         <run_address>0x41f2</run_address>
         <size>0x196</size>
         <input_file_ref idref="fl-3"/>
      </object_component>
      <object_component id="oc-53">
         <name>.debug_info</name>
         <load_address>0x4388</load_address>
         <run_address>0x4388</run_address>
         <size>0x35f</size>
         <input_file_ref idref="fl-4"/>
      </object_component>
      <object_component id="oc-13">
         <name>.debug_info</name>
         <load_address>0x46e7</load_address>
         <run_address>0x46e7</run_address>
         <size>0x11e</size>
         <input_file_ref idref="fl-4"/>
      </object_component>
      <object_component id="oc-29">
         <name>.debug_info</name>
         <load_address>0x4805</load_address>
         <run_address>0x4805</run_address>
         <size>0x14e</size>
         <input_file_ref idref="fl-4"/>
      </object_component>
      <object_component id="oc-2e">
         <name>.debug_info</name>
         <load_address>0x4953</load_address>
         <run_address>0x4953</run_address>
         <size>0x13c</size>
         <input_file_ref idref="fl-4"/>
      </object_component>
      <object_component id="oc-3a">
         <name>.debug_info</name>
         <load_address>0x4a8f</load_address>
         <run_address>0x4a8f</run_address>
         <size>0x157</size>
         <input_file_ref idref="fl-4"/>
      </object_component>
      <object_component id="oc-36">
         <name>.debug_info</name>
         <load_address>0x4be6</load_address>
         <run_address>0x4be6</run_address>
         <size>0x143</size>
         <input_file_ref idref="fl-4"/>
      </object_component>
      <object_component id="oc-5a">
         <name>.debug_info</name>
         <load_address>0x4d29</load_address>
         <run_address>0x4d29</run_address>
         <size>0x84</size>
         <input_file_ref idref="fl-4"/>
      </object_component>
      <object_component id="oc-116">
         <name>.debug_info</name>
         <load_address>0x4dad</load_address>
         <run_address>0x4dad</run_address>
         <size>0x32e</size>
         <input_file_ref idref="fl-5"/>
      </object_component>
      <object_component id="oc-113">
         <name>.debug_info</name>
         <load_address>0x50db</load_address>
         <run_address>0x50db</run_address>
         <size>0x168</size>
         <input_file_ref idref="fl-5"/>
      </object_component>
      <object_component id="oc-97">
         <name>.debug_info</name>
         <load_address>0x5243</load_address>
         <run_address>0x5243</run_address>
         <size>0x328</size>
         <input_file_ref idref="fl-5"/>
      </object_component>
      <object_component id="oc-1ae">
         <name>.debug_info</name>
         <load_address>0x556b</load_address>
         <run_address>0x556b</run_address>
         <size>0x243</size>
         <input_file_ref idref="fl-5"/>
      </object_component>
      <object_component id="oc-286">
         <name>.debug_info</name>
         <load_address>0x57ae</load_address>
         <run_address>0x57ae</run_address>
         <size>0x3df</size>
         <input_file_ref idref="fl-6"/>
      </object_component>
      <object_component id="oc-161">
         <name>.debug_info</name>
         <load_address>0x5b8d</load_address>
         <run_address>0x5b8d</run_address>
         <size>0x3aa</size>
         <input_file_ref idref="fl-6"/>
      </object_component>
      <object_component id="oc-2f3">
         <name>.debug_info</name>
         <load_address>0x5f37</load_address>
         <run_address>0x5f37</run_address>
         <size>0x35f</size>
         <input_file_ref idref="fl-7"/>
      </object_component>
      <object_component id="oc-2ed">
         <name>.debug_info</name>
         <load_address>0x6296</load_address>
         <run_address>0x6296</run_address>
         <size>0x138</size>
         <input_file_ref idref="fl-7"/>
      </object_component>
      <object_component id="oc-1fb">
         <name>.debug_info</name>
         <load_address>0x63ce</load_address>
         <run_address>0x63ce</run_address>
         <size>0x25e</size>
         <input_file_ref idref="fl-7"/>
      </object_component>
      <object_component id="oc-133">
         <name>.debug_info</name>
         <load_address>0x662c</load_address>
         <run_address>0x662c</run_address>
         <size>0x333</size>
         <input_file_ref idref="fl-8"/>
      </object_component>
      <object_component id="oc-c6">
         <name>.debug_info</name>
         <load_address>0x695f</load_address>
         <run_address>0x695f</run_address>
         <size>0x16e</size>
         <input_file_ref idref="fl-8"/>
      </object_component>
      <object_component id="oc-130">
         <name>.debug_info</name>
         <load_address>0x6acd</load_address>
         <run_address>0x6acd</run_address>
         <size>0x148</size>
         <input_file_ref idref="fl-8"/>
      </object_component>
      <object_component id="oc-c3">
         <name>.debug_info</name>
         <load_address>0x6c15</load_address>
         <run_address>0x6c15</run_address>
         <size>0x228</size>
         <input_file_ref idref="fl-8"/>
      </object_component>
      <object_component id="oc-c9">
         <name>.debug_info</name>
         <load_address>0x6e3d</load_address>
         <run_address>0x6e3d</run_address>
         <size>0x148</size>
         <input_file_ref idref="fl-8"/>
      </object_component>
      <object_component id="oc-291">
         <name>.debug_info</name>
         <load_address>0x6f85</load_address>
         <run_address>0x6f85</run_address>
         <size>0x144</size>
         <input_file_ref idref="fl-8"/>
      </object_component>
      <object_component id="oc-12d">
         <name>.debug_info</name>
         <load_address>0x70c9</load_address>
         <run_address>0x70c9</run_address>
         <size>0x142</size>
         <input_file_ref idref="fl-8"/>
      </object_component>
      <object_component id="oc-28e">
         <name>.debug_info</name>
         <load_address>0x720b</load_address>
         <run_address>0x720b</run_address>
         <size>0x148</size>
         <input_file_ref idref="fl-8"/>
      </object_component>
      <object_component id="oc-bf">
         <name>.debug_info</name>
         <load_address>0x7353</load_address>
         <run_address>0x7353</run_address>
         <size>0x298</size>
         <input_file_ref idref="fl-8"/>
      </object_component>
      <object_component id="oc-b3">
         <name>.debug_info</name>
         <load_address>0x75eb</load_address>
         <run_address>0x75eb</run_address>
         <size>0x268</size>
         <input_file_ref idref="fl-8"/>
      </object_component>
      <object_component id="oc-ad">
         <name>.debug_info</name>
         <load_address>0x7853</load_address>
         <run_address>0x7853</run_address>
         <size>0x241</size>
         <input_file_ref idref="fl-8"/>
      </object_component>
      <object_component id="oc-b9">
         <name>.debug_info</name>
         <load_address>0x7a94</load_address>
         <run_address>0x7a94</run_address>
         <size>0x27e</size>
         <input_file_ref idref="fl-8"/>
      </object_component>
      <object_component id="oc-145">
         <name>.debug_info</name>
         <load_address>0x7d12</load_address>
         <run_address>0x7d12</run_address>
         <size>0x365</size>
         <input_file_ref idref="fl-8"/>
      </object_component>
      <object_component id="oc-d4">
         <name>.debug_info</name>
         <load_address>0x8077</load_address>
         <run_address>0x8077</run_address>
         <size>0x200</size>
         <input_file_ref idref="fl-8"/>
      </object_component>
      <object_component id="oc-1f4">
         <name>.debug_info</name>
         <load_address>0x8277</load_address>
         <run_address>0x8277</run_address>
         <size>0x241</size>
         <input_file_ref idref="fl-8"/>
      </object_component>
      <object_component id="oc-2e1">
         <name>.debug_info</name>
         <load_address>0x84b8</load_address>
         <run_address>0x84b8</run_address>
         <size>0x29f</size>
         <input_file_ref idref="fl-8"/>
      </object_component>
      <object_component id="oc-47">
         <name>.debug_info</name>
         <load_address>0x8757</load_address>
         <run_address>0x8757</run_address>
         <size>0x2fc</size>
         <input_file_ref idref="fl-8"/>
      </object_component>
      <object_component id="oc-288">
         <name>.debug_info</name>
         <load_address>0x8a53</load_address>
         <run_address>0x8a53</run_address>
         <size>0x1e5</size>
         <input_file_ref idref="fl-8"/>
      </object_component>
      <object_component id="oc-1d3">
         <name>.debug_info</name>
         <load_address>0x8c38</load_address>
         <run_address>0x8c38</run_address>
         <size>0x231</size>
         <input_file_ref idref="fl-8"/>
      </object_component>
      <object_component id="oc-167">
         <name>.debug_info</name>
         <load_address>0x8e69</load_address>
         <run_address>0x8e69</run_address>
         <size>0x2d6</size>
         <input_file_ref idref="fl-8"/>
      </object_component>
      <object_component id="oc-1ec">
         <name>.debug_info</name>
         <load_address>0x913f</load_address>
         <run_address>0x913f</run_address>
         <size>0x24a</size>
         <input_file_ref idref="fl-8"/>
      </object_component>
      <object_component id="oc-2a6">
         <name>.debug_info</name>
         <load_address>0x9389</load_address>
         <run_address>0x9389</run_address>
         <size>0x35a</size>
         <input_file_ref idref="fl-9"/>
      </object_component>
      <object_component id="oc-368">
         <name>.debug_info</name>
         <load_address>0x96e3</load_address>
         <run_address>0x96e3</run_address>
         <size>0x212</size>
         <input_file_ref idref="fl-9"/>
      </object_component>
      <object_component id="oc-2a3">
         <name>.debug_info</name>
         <load_address>0x98f5</load_address>
         <run_address>0x98f5</run_address>
         <size>0x34f</size>
         <input_file_ref idref="fl-9"/>
      </object_component>
      <object_component id="oc-3ed">
         <name>.debug_info</name>
         <load_address>0x9c44</load_address>
         <run_address>0x9c44</run_address>
         <size>0x28d</size>
         <input_file_ref idref="fl-9"/>
      </object_component>
      <object_component id="oc-3f2">
         <name>.debug_info</name>
         <load_address>0x9ed1</load_address>
         <run_address>0x9ed1</run_address>
         <size>0x202</size>
         <input_file_ref idref="fl-9"/>
      </object_component>
      <object_component id="oc-186">
         <name>.debug_info</name>
         <load_address>0xa0d3</load_address>
         <run_address>0xa0d3</run_address>
         <size>0x207</size>
         <input_file_ref idref="fl-9"/>
      </object_component>
      <object_component id="oc-25f">
         <name>.debug_info</name>
         <load_address>0xa2da</load_address>
         <run_address>0xa2da</run_address>
         <size>0x142</size>
         <input_file_ref idref="fl-c4"/>
      </object_component>
      <object_component id="oc-f3">
         <name>.debug_info</name>
         <load_address>0xa41c</load_address>
         <run_address>0xa41c</run_address>
         <size>0x2d4</size>
         <input_file_ref idref="fl-c5"/>
      </object_component>
      <object_component id="oc-73">
         <name>.debug_info</name>
         <load_address>0xa6f0</load_address>
         <run_address>0xa6f0</run_address>
         <size>0x1b5</size>
         <input_file_ref idref="fl-c5"/>
      </object_component>
      <object_component id="oc-ee">
         <name>.debug_info</name>
         <load_address>0xa8a5</load_address>
         <run_address>0xa8a5</run_address>
         <size>0x46</size>
         <input_file_ref idref="fl-c5"/>
      </object_component>
      <object_component id="oc-6a">
         <name>.debug_info</name>
         <load_address>0xa8eb</load_address>
         <run_address>0xa8eb</run_address>
         <size>0x2a8</size>
         <input_file_ref idref="fl-c6"/>
      </object_component>
      <object_component id="oc-1d">
         <name>.debug_info</name>
         <load_address>0xab93</load_address>
         <run_address>0xab93</run_address>
         <size>0x1ea</size>
         <input_file_ref idref="fl-c6"/>
      </object_component>
      <object_component id="oc-65">
         <name>.debug_info</name>
         <load_address>0xad7d</load_address>
         <run_address>0xad7d</run_address>
         <size>0x46</size>
         <input_file_ref idref="fl-c6"/>
      </object_component>
      <object_component id="oc-e6">
         <name>.debug_info</name>
         <load_address>0xadc3</load_address>
         <run_address>0xadc3</run_address>
         <size>0x2c</size>
         <input_file_ref idref="fl-c6"/>
      </object_component>
      <object_component id="oc-e4">
         <name>.debug_info</name>
         <load_address>0xadef</load_address>
         <run_address>0xadef</run_address>
         <size>0x29e</size>
         <input_file_ref idref="fl-c7"/>
      </object_component>
      <object_component id="oc-19">
         <name>.debug_info</name>
         <load_address>0xb08d</load_address>
         <run_address>0xb08d</run_address>
         <size>0x250</size>
         <input_file_ref idref="fl-c7"/>
      </object_component>
      <object_component id="oc-55">
         <name>.debug_info</name>
         <load_address>0xb2dd</load_address>
         <run_address>0xb2dd</run_address>
         <size>0x60</size>
         <input_file_ref idref="fl-c7"/>
      </object_component>
      <object_component id="oc-14e">
         <name>.debug_info</name>
         <load_address>0xb33d</load_address>
         <run_address>0xb33d</run_address>
         <size>0x46</size>
         <input_file_ref idref="fl-c7"/>
      </object_component>
      <object_component id="oc-df">
         <name>.debug_info</name>
         <load_address>0xb383</load_address>
         <run_address>0xb383</run_address>
         <size>0x39</size>
         <input_file_ref idref="fl-c7"/>
      </object_component>
      <object_component id="oc-381">
         <name>.debug_info</name>
         <load_address>0xb3bc</load_address>
         <run_address>0xb3bc</run_address>
         <size>0x28a</size>
         <input_file_ref idref="fl-c8"/>
      </object_component>
      <object_component id="oc-2ea">
         <name>.debug_info</name>
         <load_address>0xb646</load_address>
         <run_address>0xb646</run_address>
         <size>0x273</size>
         <input_file_ref idref="fl-c8"/>
      </object_component>
      <object_component id="oc-25">
         <name>.debug_info</name>
         <load_address>0xb8b9</load_address>
         <run_address>0xb8b9</run_address>
         <size>0x10b</size>
         <input_file_ref idref="fl-c9"/>
      </object_component>
      <object_component id="oc-7f">
         <name>.debug_info</name>
         <load_address>0xb9c4</load_address>
         <run_address>0xb9c4</run_address>
         <size>0x1a9</size>
         <input_file_ref idref="fl-c9"/>
      </object_component>
      <object_component id="oc-338">
         <name>.debug_info</name>
         <load_address>0xbb6d</load_address>
         <run_address>0xbb6d</run_address>
         <size>0x115</size>
         <input_file_ref idref="fl-ca"/>
      </object_component>
      <object_component id="oc-62">
         <name>.debug_info</name>
         <load_address>0xbc82</load_address>
         <run_address>0xbc82</run_address>
         <size>0x119</size>
         <input_file_ref idref="fl-cb"/>
      </object_component>
      <object_component id="oc-f6">
         <name>.debug_info</name>
         <load_address>0xbd9b</load_address>
         <run_address>0xbd9b</run_address>
         <size>0x147</size>
         <input_file_ref idref="fl-cc"/>
      </object_component>
      <object_component id="oc-322">
         <name>.debug_info</name>
         <load_address>0xbee2</load_address>
         <run_address>0xbee2</run_address>
         <size>0x4b3</size>
         <input_file_ref idref="fl-cd"/>
      </object_component>
      <object_component id="oc-224">
         <name>.debug_info</name>
         <load_address>0xc395</load_address>
         <run_address>0xc395</run_address>
         <size>0x1a6</size>
         <input_file_ref idref="fl-cd"/>
      </object_component>
      <object_component id="oc-3cc">
         <name>.debug_info</name>
         <load_address>0xc53b</load_address>
         <run_address>0xc53b</run_address>
         <size>0x39</size>
         <input_file_ref idref="fl-cd"/>
      </object_component>
      <object_component id="oc-3fd">
         <name>.debug_info</name>
         <load_address>0xc574</load_address>
         <run_address>0xc574</run_address>
         <size>0x39</size>
         <input_file_ref idref="fl-cd"/>
      </object_component>
      <object_component id="oc-3d1">
         <name>.debug_info</name>
         <load_address>0xc5ad</load_address>
         <run_address>0xc5ad</run_address>
         <size>0x39</size>
         <input_file_ref idref="fl-cd"/>
      </object_component>
      <object_component id="oc-3d6">
         <name>.debug_info</name>
         <load_address>0xc5e6</load_address>
         <run_address>0xc5e6</run_address>
         <size>0xcd</size>
         <input_file_ref idref="fl-cd"/>
      </object_component>
      <object_component id="oc-fc">
         <name>.debug_info</name>
         <load_address>0xc6b3</load_address>
         <run_address>0xc6b3</run_address>
         <size>0x153</size>
         <input_file_ref idref="fl-ce"/>
      </object_component>
      <object_component id="oc-216">
         <name>.debug_info</name>
         <load_address>0xc806</load_address>
         <run_address>0xc806</run_address>
         <size>0x122</size>
         <input_file_ref idref="fl-d0"/>
      </object_component>
      <object_component id="oc-2b2">
         <name>.debug_info</name>
         <load_address>0xc928</load_address>
         <run_address>0xc928</run_address>
         <size>0x240</size>
         <input_file_ref idref="fl-d3"/>
      </object_component>
      <object_component id="oc-350">
         <name>.debug_info</name>
         <load_address>0xcb68</load_address>
         <run_address>0xcb68</run_address>
         <size>0x2b3</size>
         <input_file_ref idref="fl-d3"/>
      </object_component>
      <object_component id="oc-1a8">
         <name>.debug_info</name>
         <load_address>0xce1b</load_address>
         <run_address>0xce1b</run_address>
         <size>0x316</size>
         <input_file_ref idref="fl-d3"/>
      </object_component>
      <object_component id="oc-280">
         <name>.debug_info</name>
         <load_address>0xd131</load_address>
         <run_address>0xd131</run_address>
         <size>0x289</size>
         <input_file_ref idref="fl-d3"/>
      </object_component>
      <object_component id="oc-279">
         <name>.debug_info</name>
         <load_address>0xd3ba</load_address>
         <run_address>0xd3ba</run_address>
         <size>0x18b</size>
         <input_file_ref idref="fl-d3"/>
      </object_component>
      <object_component id="oc-297">
         <name>.debug_info</name>
         <load_address>0xd545</load_address>
         <run_address>0xd545</run_address>
         <size>0x212</size>
         <input_file_ref idref="fl-d4"/>
      </object_component>
      <object_component id="oc-29a">
         <name>.debug_info</name>
         <load_address>0xd757</load_address>
         <run_address>0xd757</run_address>
         <size>0x23a</size>
         <input_file_ref idref="fl-d4"/>
      </object_component>
      <object_component id="oc-308">
         <name>.debug_info</name>
         <load_address>0xd991</load_address>
         <run_address>0xd991</run_address>
         <size>0x2b2</size>
         <input_file_ref idref="fl-d4"/>
      </object_component>
      <object_component id="oc-30e">
         <name>.debug_info</name>
         <load_address>0xdc43</load_address>
         <run_address>0xdc43</run_address>
         <size>0x249</size>
         <input_file_ref idref="fl-d4"/>
      </object_component>
      <object_component id="oc-19d">
         <name>.debug_info</name>
         <load_address>0xde8c</load_address>
         <run_address>0xde8c</run_address>
         <size>0x24d</size>
         <input_file_ref idref="fl-d4"/>
      </object_component>
      <object_component id="oc-173">
         <name>.debug_info</name>
         <load_address>0xe0d9</load_address>
         <run_address>0xe0d9</run_address>
         <size>0x236</size>
         <input_file_ref idref="fl-d4"/>
      </object_component>
      <object_component id="oc-179">
         <name>.debug_info</name>
         <load_address>0xe30f</load_address>
         <run_address>0xe30f</run_address>
         <size>0x266</size>
         <input_file_ref idref="fl-d4"/>
      </object_component>
      <object_component id="oc-17f">
         <name>.debug_info</name>
         <load_address>0xe575</load_address>
         <run_address>0xe575</run_address>
         <size>0x28d</size>
         <input_file_ref idref="fl-d4"/>
      </object_component>
      <object_component id="oc-190">
         <name>.debug_info</name>
         <load_address>0xe802</load_address>
         <run_address>0xe802</run_address>
         <size>0x26d</size>
         <input_file_ref idref="fl-d4"/>
      </object_component>
      <object_component id="oc-1fe">
         <name>.debug_info</name>
         <load_address>0xea6f</load_address>
         <run_address>0xea6f</run_address>
         <size>0x2ba</size>
         <input_file_ref idref="fl-d4"/>
      </object_component>
      <object_component id="oc-18a">
         <name>.debug_info</name>
         <load_address>0xed29</load_address>
         <run_address>0xed29</run_address>
         <size>0x29c</size>
         <input_file_ref idref="fl-d4"/>
      </object_component>
      <object_component id="oc-1a2">
         <name>.debug_info</name>
         <load_address>0xefc5</load_address>
         <run_address>0xefc5</run_address>
         <size>0x28b</size>
         <input_file_ref idref="fl-d4"/>
      </object_component>
      <object_component id="oc-196">
         <name>.debug_info</name>
         <load_address>0xf250</load_address>
         <run_address>0xf250</run_address>
         <size>0x2ab</size>
         <input_file_ref idref="fl-d4"/>
      </object_component>
      <object_component id="oc-376">
         <name>.debug_info</name>
         <load_address>0xf4fb</load_address>
         <run_address>0xf4fb</run_address>
         <size>0x359</size>
         <input_file_ref idref="fl-d4"/>
      </object_component>
      <object_component id="oc-2cf">
         <name>.debug_info</name>
         <load_address>0xf854</load_address>
         <run_address>0xf854</run_address>
         <size>0x279</size>
         <input_file_ref idref="fl-d4"/>
      </object_component>
      <object_component id="oc-301">
         <name>.debug_info</name>
         <load_address>0xfacd</load_address>
         <run_address>0xfacd</run_address>
         <size>0x289</size>
         <input_file_ref idref="fl-d4"/>
      </object_component>
      <object_component id="oc-2c9">
         <name>.debug_info</name>
         <load_address>0xfd56</load_address>
         <run_address>0xfd56</run_address>
         <size>0x298</size>
         <input_file_ref idref="fl-d4"/>
      </object_component>
      <object_component id="oc-35f">
         <name>.debug_info</name>
         <load_address>0xffee</load_address>
         <run_address>0xffee</run_address>
         <size>0x16f</size>
         <input_file_ref idref="fl-d4"/>
      </object_component>
      <object_component id="oc-1cc">
         <name>.debug_info</name>
         <load_address>0x1015d</load_address>
         <run_address>0x1015d</run_address>
         <size>0x23e</size>
         <input_file_ref idref="fl-d5"/>
      </object_component>
      <object_component id="oc-27e">
         <name>.debug_info</name>
         <load_address>0x1039b</load_address>
         <run_address>0x1039b</run_address>
         <size>0x298</size>
         <input_file_ref idref="fl-d6"/>
      </object_component>
      <object_component id="oc-270">
         <name>.debug_info</name>
         <load_address>0x10633</load_address>
         <run_address>0x10633</run_address>
         <size>0x14d</size>
         <input_file_ref idref="fl-d6"/>
      </object_component>
      <object_component id="oc-273">
         <name>.debug_info</name>
         <load_address>0x10780</load_address>
         <run_address>0x10780</run_address>
         <size>0x159</size>
         <input_file_ref idref="fl-d6"/>
      </object_component>
      <object_component id="oc-33e">
         <name>.debug_info</name>
         <load_address>0x108d9</load_address>
         <run_address>0x108d9</run_address>
         <size>0x153</size>
         <input_file_ref idref="fl-d6"/>
      </object_component>
      <object_component id="oc-276">
         <name>.debug_info</name>
         <load_address>0x10a2c</load_address>
         <run_address>0x10a2c</run_address>
         <size>0x160</size>
         <input_file_ref idref="fl-d6"/>
      </object_component>
      <object_component id="oc-16d">
         <name>.debug_info</name>
         <load_address>0x10b8c</load_address>
         <run_address>0x10b8c</run_address>
         <size>0x27d</size>
         <input_file_ref idref="fl-d6"/>
      </object_component>
      <object_component id="oc-1b5">
         <name>.debug_info</name>
         <load_address>0x10e09</load_address>
         <run_address>0x10e09</run_address>
         <size>0x2b5</size>
         <input_file_ref idref="fl-d6"/>
      </object_component>
      <object_component id="oc-265">
         <name>.debug_info</name>
         <load_address>0x110be</load_address>
         <run_address>0x110be</run_address>
         <size>0x270</size>
         <input_file_ref idref="fl-d6"/>
      </object_component>
      <object_component id="oc-26b">
         <name>.debug_info</name>
         <load_address>0x1132e</load_address>
         <run_address>0x1132e</run_address>
         <size>0x2ba</size>
         <input_file_ref idref="fl-d6"/>
      </object_component>
      <object_component id="oc-15b">
         <name>.debug_info</name>
         <load_address>0x115e8</load_address>
         <run_address>0x115e8</run_address>
         <size>0x49a</size>
         <input_file_ref idref="fl-d6"/>
      </object_component>
      <object_component id="oc-34a">
         <name>.debug_info</name>
         <load_address>0x11a82</load_address>
         <run_address>0x11a82</run_address>
         <size>0x5f</size>
         <input_file_ref idref="fl-d6"/>
      </object_component>
      <object_component id="oc-2b6">
         <name>.debug_info</name>
         <load_address>0x11ae1</load_address>
         <run_address>0x11ae1</run_address>
         <size>0x19d</size>
         <input_file_ref idref="fl-d7"/>
      </object_component>
      <object_component id="oc-1ba">
         <name>.debug_info</name>
         <load_address>0x11c7e</load_address>
         <run_address>0x11c7e</run_address>
         <size>0x261</size>
         <input_file_ref idref="fl-d7"/>
      </object_component>
      <object_component id="oc-1c7">
         <name>.debug_info</name>
         <load_address>0x11edf</load_address>
         <run_address>0x11edf</run_address>
         <size>0x227</size>
         <input_file_ref idref="fl-d7"/>
      </object_component>
      <object_component id="oc-1c2">
         <name>.debug_info</name>
         <load_address>0x12106</load_address>
         <run_address>0x12106</run_address>
         <size>0x221</size>
         <input_file_ref idref="fl-d7"/>
      </object_component>
      <object_component id="oc-2ba">
         <name>.debug_info</name>
         <load_address>0x12327</load_address>
         <run_address>0x12327</run_address>
         <size>0x212</size>
         <input_file_ref idref="fl-d8"/>
      </object_component>
      <object_component id="oc-43a">
         <name>.debug_info</name>
         <load_address>0x12539</load_address>
         <run_address>0x12539</run_address>
         <size>0xde</size>
      </object_component>
      <object_component id="oc-118">
         <name>.debug_line</name>
         <load_address>0x0</load_address>
         <run_address>0x0</run_address>
         <size>0x299</size>
         <input_file_ref idref="fl-2"/>
      </object_component>
      <object_component id="oc-129">
         <name>.debug_line</name>
         <load_address>0x299</load_address>
         <run_address>0x299</run_address>
         <size>0x32</size>
         <input_file_ref idref="fl-2"/>
      </object_component>
      <object_component id="oc-316">
         <name>.debug_line</name>
         <load_address>0x2cb</load_address>
         <run_address>0x2cb</run_address>
         <size>0x32</size>
         <input_file_ref idref="fl-2"/>
      </object_component>
      <object_component id="oc-37e">
         <name>.debug_line</name>
         <load_address>0x2fd</load_address>
         <run_address>0x2fd</run_address>
         <size>0x32</size>
         <input_file_ref idref="fl-2"/>
      </object_component>
      <object_component id="oc-1db">
         <name>.debug_line</name>
         <load_address>0x32f</load_address>
         <run_address>0x32f</run_address>
         <size>0x4a</size>
         <input_file_ref idref="fl-2"/>
      </object_component>
      <object_component id="oc-1e2">
         <name>.debug_line</name>
         <load_address>0x379</load_address>
         <run_address>0x379</run_address>
         <size>0x52</size>
         <input_file_ref idref="fl-2"/>
      </object_component>
      <object_component id="oc-1e7">
         <name>.debug_line</name>
         <load_address>0x3cb</load_address>
         <run_address>0x3cb</run_address>
         <size>0x57</size>
         <input_file_ref idref="fl-2"/>
      </object_component>
      <object_component id="oc-2da">
         <name>.debug_line</name>
         <load_address>0x422</load_address>
         <run_address>0x422</run_address>
         <size>0x4e</size>
         <input_file_ref idref="fl-2"/>
      </object_component>
      <object_component id="oc-12b">
         <name>.debug_line</name>
         <load_address>0x470</load_address>
         <run_address>0x470</run_address>
         <size>0x52</size>
         <input_file_ref idref="fl-2"/>
      </object_component>
      <object_component id="oc-3b6">
         <name>.debug_line</name>
         <load_address>0x4c2</load_address>
         <run_address>0x4c2</run_address>
         <size>0x47</size>
         <input_file_ref idref="fl-2"/>
      </object_component>
      <object_component id="oc-2ff">
         <name>.debug_line</name>
         <load_address>0x509</load_address>
         <run_address>0x509</run_address>
         <size>0x73</size>
         <input_file_ref idref="fl-2"/>
      </object_component>
      <object_component id="oc-207">
         <name>.debug_line</name>
         <load_address>0x57c</load_address>
         <run_address>0x57c</run_address>
         <size>0x54</size>
         <input_file_ref idref="fl-2"/>
      </object_component>
      <object_component id="oc-105">
         <name>.debug_line</name>
         <load_address>0x5d0</load_address>
         <run_address>0x5d0</run_address>
         <size>0x179</size>
         <input_file_ref idref="fl-2"/>
      </object_component>
      <object_component id="oc-4f">
         <name>.debug_line</name>
         <load_address>0x749</load_address>
         <run_address>0x749</run_address>
         <size>0x65</size>
         <input_file_ref idref="fl-2"/>
      </object_component>
      <object_component id="oc-40">
         <name>.debug_line</name>
         <load_address>0x7ae</load_address>
         <run_address>0x7ae</run_address>
         <size>0x55</size>
         <input_file_ref idref="fl-2"/>
      </object_component>
      <object_component id="oc-dd">
         <name>.debug_line</name>
         <load_address>0x803</load_address>
         <run_address>0x803</run_address>
         <size>0x6f</size>
[...]
            </allocated_space>
            <allocated_space>
               <start_address>0x20000990</start_address>
               <size>0xc4</size>
               <logical_group_ref idref="lg-a"/>
            </allocated_space>
            <available_space>
               <start_address>0x20000a54</start_address>
               <size>0x3f5ac</size>
            </available_space>
         </usage_details>
      </memory_area>
   </placement_map>
   <cptbl_list>
      <cptbl>
         <name>__TI_cinit_table</name>
         <cprec>
            <name>.data</name>
            <load_address>0x2790</load_address>
            <load_size>0x8b</load_size>
            <run_address>0x20000990</run_address>
            <run_size>0xc4</run_size>
            <compression>lzss</compression>
         </cprec>
         <cprec>
            <name>.bss</name>
            <load_address>0x2828</load_address>
            <load_size>0x8</load_size>
            <run_address>0x20000000</run_address>
            <run_size>0x58c</run_size>
            <compression>zero_init</compression>
         </cprec>
      </cptbl>
   </cptbl_list>
   <handler_table>
      <handler_table_name>__TI_handler_table</handler_table_name>
      <handler>
         <index>0x0</index>
         <name>__TI_decompress_lzss</name>
      </handler>
      <handler>
         <index>0x1</index>
         <name>__TI_decompress_none</name>
      </handler>
      <handler>
         <index>0x2</index>
         <name>__TI_zero_init</name>
      </handler>
   </handler_table>
   <symbol_table>
      <symbol id="sm-1">
         <name>__STACK_TOP</name>
         <value>0x20000990</value>
      </symbol>
      <symbol id="sm-2">
         <name>__start___llvm_prf_cnts</name>
         <value>0x20000000</value>
      </symbol>
      <symbol id="sm-3">
         <name>__stop___llvm_prf_cnts</name>
         <value>0x20000000</value>
      </symbol>
      <symbol id="sm-4">
         <name>__TI_CINIT_Base</name>
         <value>0x2830</value>
      </symbol>
      <symbol id="sm-5">
         <name>__TI_CINIT_Limit</name>
         <value>0x2840</value>
      </symbol>
      <symbol id="sm-6">
         <name>__TI_Handler_Table_Base</name>
         <value>0x281c</value>
      </symbol>
      <symbol id="sm-7">
         <name>__TI_Handler_Table_Limit</name>
         <value>0x2828</value>
      </symbol>
      <symbol id="sm-8">
         <name>binit</name>
         <value>0xffffffff</value>
      </symbol>
      <symbol id="sm-9">
         <name>__binit__</name>
         <value>0xffffffff</value>
      </symbol>
      <symbol id="sm-a">
         <name>__STACK_SIZE</name>
         <value>0x400</value>
      </symbol>
      <symbol id="sm-b">
         <name>__STACK_END</name>
         <value>0x20000990</value>
      </symbol>
      <symbol id="sm-c">
         <name>__c_args__</name>
         <value>0xffffffff</value>
      </symbol>
      <symbol id="sm-d">
         <name>__TI_pprof_out_hndl</name>
         <value>0xffffffff</value>
      </symbol>
      <symbol id="sm-e">
         <name>__TI_prof_data_start</name>
         <value>0xffffffff</value>
      </symbol>
      <symbol id="sm-f">
         <name>__TI_prof_data_size</name>
         <value>0xffffffff</value>
      </symbol>
      <symbol id="sm-158">
         <name>g_bHibernate</name>
         <value>0x20000589</value>
      </symbol>
      <symbol id="sm-159">
         <name>g_bFirstUpdate</name>
         <value>0x20000588</value>
      </symbol>
      <symbol id="sm-15a">
         <name>g_ui8FirstLine</name>
         <value>0x2000058b</value>
      </symbol>
      <symbol id="sm-15b">
         <name>g_bSetDate</name>
         <value>0x2000058a</value>
      </symbol>
      <symbol id="sm-15c">
         <name>g_pcWakeBuf</name>
         <value>0x20000520</value>
      </symbol>
      <symbol id="sm-15d">
         <name>g_pcHibBuf</name>
         <value>0x200004d0</value>
      </symbol>
      <symbol id="sm-15e">
         <name>g_pcDateTimeBuf</name>
         <value>0x200004a8</value>
      </symbol>
      <symbol id="sm-15f">
         <name>g_pcButtonPress</name>
         <value>0x20000480</value>
      </symbol>
      <symbol id="sm-160">
         <name>g_pcInputBuf</name>
         <value>0x200004f8</value>
      </symbol>
      <symbol id="sm-161">
         <name>g_ui32MonthIdx</name>
         <value>0x20000580</value>
      </symbol>
      <symbol id="sm-162">
         <name>g_ui32DayIdx</name>
         <value>0x20000574</value>
      </symbol>
      <symbol id="sm-163">
         <name>g_ui32YearIdx</name>
         <value>0x20000584</value>
      </symbol>
      <symbol id="sm-164">
         <name>g_ui32HourIdx</name>
         <value>0x20000578</value>
      </symbol>
      <symbol id="sm-165">
         <name>g_ui32MinIdx</name>
         <value>0x2000057c</value>
      </symbol>
      <symbol id="sm-166">
         <name>button_counter</name>
         <value>0x20000a40</value>
         <object_component_ref idref="oc-9e"/>
      </symbol>
      <symbol id="sm-167">
         <name>SysTickIntHandler</name>
         <value>0x1f31</value>
         <object_component_ref idref="oc-3f"/>
      </symbol>
      <symbol id="sm-168">
         <name>time_since_start</name>
         <value>0x20000a4c</value>
         <object_component_ref idref="oc-9e"/>
      </symbol>
      <symbol id="sm-169">
         <name>DateTimeSet</name>
         <value>0x1d8d</value>
         <object_component_ref idref="oc-1e3"/>
      </symbol>
      <symbol id="sm-16a">
         <name>secondsPassed</name>
         <value>0x20000a48</value>
         <object_component_ref idref="oc-9e"/>
      </symbol>
      <symbol id="sm-16b">
         <name>main</name>
         <value>0x201</value>
         <object_component_ref idref="oc-100"/>
      </symbol>
      <symbol id="sm-16c">
         <name>DateTimeDefaultSet</name>
         <value>0x1fa9</value>
         <object_component_ref idref="oc-1dd"/>
      </symbol>
      <symbol id="sm-16d">
         <name>buttonPressed</name>
         <value>0x20000a44</value>
         <object_component_ref idref="oc-9e"/>
      </symbol>
      <symbol id="sm-16e">
         <name>DateTimeDisplayGet</name>
         <value>0x16c9</value>
         <object_component_ref idref="oc-1e9"/>
      </symbol>
      <symbol id="sm-16f">
         <name>GetCalendarMatchValue</name>
         <value>0x19e1</value>
         <object_component_ref idref="oc-2fa"/>
      </symbol>
      <symbol id="sm-170">
         <name>Timer0IntHandler</name>
         <value>0x1389</value>
         <object_component_ref idref="oc-4b"/>
      </symbol>
      <symbol id="sm-171">
         <name>ButtonPressUpdate</name>
         <value>0x21bd</value>
         <object_component_ref idref="oc-1d7"/>
      </symbol>
      <symbol id="sm-172">
         <name>DateTimeGet</name>
         <value>0x1d41</value>
         <object_component_ref idref="oc-2d5"/>
      </symbol>
      <symbol id="sm-173">
         <name>GetDaysInMonth</name>
         <value>0x2129</value>
         <object_component_ref idref="oc-3b2"/>
      </symbol>
      <symbol id="sm-174">
         <name>AppHibernateEnter</name>
         <value>0x11c5</value>
         <object_component_ref idref="oc-203"/>
      </symbol>
      <symbol id="sm-1e7">
         <name>CMD_hib</name>
         <value>0x22f1</value>
         <object_component_ref idref="oc-38b"/>
      </symbol>
      <symbol id="sm-1e8">
         <name>CMD_time12</name>
         <value>0x1871</value>
         <object_component_ref idref="oc-397"/>
      </symbol>
      <symbol id="sm-1e9">
         <name>CMD_time24</name>
         <value>0x1ca5</value>
         <object_component_ref idref="oc-39d"/>
      </symbol>
      <symbol id="sm-1ea">
         <name>CMD_help</name>
         <value>0x1a51</value>
         <object_component_ref idref="oc-385"/>
      </symbol>
      <symbol id="sm-1eb">
         <name>CMD_cls</name>
         <value>0x2101</value>
         <object_component_ref idref="oc-3a3"/>
      </symbol>
      <symbol id="sm-1ec">
         <name>CMD_date</name>
         <value>0x196d</value>
         <object_component_ref idref="oc-391"/>
      </symbol>
      <symbol id="sm-1ed">
         <name>g_psCmdTable</name>
         <value>0x20000990</value>
         <object_component_ref idref="oc-2ef"/>
      </symbol>
      <symbol id="sm-223">
         <name>ResetISR</name>
         <value>0x239d</value>
         <object_component_ref idref="oc-27"/>
      </symbol>
      <symbol id="sm-224">
         <name>g_pfnVectors</name>
         <value>0x0</value>
         <object_component_ref idref="oc-12"/>
      </symbol>
      <symbol id="sm-250">
         <name>ButtonsInit</name>
         <value>0x1cf5</value>
         <object_component_ref idref="oc-1ad"/>
      </symbol>
      <symbol id="sm-251">
         <name>ButtonsPoll</name>
         <value>0x17e9</value>
         <object_component_ref idref="oc-95"/>
      </symbol>
      <symbol id="sm-26f">
         <name>PinoutSet</name>
         <value>0x825</value>
         <object_component_ref idref="oc-15f"/>
      </symbol>
      <symbol id="sm-28e">
         <name>CmdLineProcess</name>
         <value>0x1b89</value>
         <object_component_ref idref="oc-1f7"/>
      </symbol>
      <symbol id="sm-3a3">
         <name>UARTFlushRx</name>
         <value>0x2081</value>
         <object_component_ref idref="oc-287"/>
      </symbol>
      <symbol id="sm-3a4">
         <name>UARTgets</name>
         <value>0x1c51</value>
         <object_component_ref idref="oc-1f1"/>
      </symbol>
      <symbol id="sm-3a5">
         <name>UARTFlushTx</name>
         <value>0x1f6d</value>
         <object_component_ref idref="oc-1d1"/>
      </symbol>
      <symbol id="sm-3a6">
         <name>UARTStdioConfig</name>
         <value>0x1439</value>
         <object_component_ref idref="oc-165"/>
      </symbol>
      <symbol id="sm-3a7">
         <name>UARTStdioIntHandler</name>
         <value>0xe21</value>
         <object_component_ref idref="oc-45"/>
      </symbol>
      <symbol id="sm-3a8">
         <name>UARTwrite</name>
         <value>0x14e9</value>
         <object_component_ref idref="oc-b6"/>
      </symbol>
      <symbol id="sm-3a9">
         <name>UARTPeek</name>
         <value>0x1e69</value>
         <object_component_ref idref="oc-1eb"/>
      </symbol>
      <symbol id="sm-3aa">
         <name>UARTprintf</name>
         <value>0x21d9</value>
         <object_component_ref idref="oc-d1"/>
      </symbol>
      <symbol id="sm-3ab">
         <name>UARTvprintf</name>
         <value>0xc31</value>
         <object_component_ref idref="oc-142"/>
      </symbol>
      <symbol id="sm-416">
         <name>uvsnprintf</name>
         <value>0x5d1</value>
         <object_component_ref idref="oc-29f"/>
      </symbol>
      <symbol id="sm-417">
         <name>ustrncpy</name>
         <value>0x20d7</value>
         <object_component_ref idref="oc-365"/>
      </symbol>
      <symbol id="sm-418">
         <name>usnprintf</name>
         <value>0x21f3</value>
         <object_component_ref idref="oc-183"/>
      </symbol>
      <symbol id="sm-419">
         <name>ustrtoul</name>
         <value>0x162d</value>
         <object_component_ref idref="oc-3e9"/>
      </symbol>
      <symbol id="sm-41a">
         <name>ustrncmp</name>
         <value>0x1fe1</value>
         <object_component_ref idref="oc-3f0"/>
      </symbol>
      <symbol id="sm-429">
         <name>__aeabi_uidivmod</name>
         <value>0x1ef1</value>
         <object_component_ref idref="oc-25d"/>
      </symbol>
      <symbol id="sm-42a">
         <name>__aeabi_uidiv</name>
         <value>0x1ef1</value>
         <object_component_ref idref="oc-25d"/>
      </symbol>
      <symbol id="sm-43c">
         <name>__TI_zero_init</name>
         <value>0x2391</value>
         <object_component_ref idref="oc-71"/>
      </symbol>
      <symbol id="sm-453">
         <name>__TI_decompress_none</name>
         <value>0x235f</value>
         <object_component_ref idref="oc-1b"/>
      </symbol>
      <symbol id="sm-476">
         <name>__TI_decompress_lzss</name>
         <value>0x1b21</value>
         <object_component_ref idref="oc-15"/>
      </symbol>
      <symbol id="sm-485">
         <name>strcmp</name>
         <value>0x223d</value>
         <object_component_ref idref="oc-2e6"/>
      </symbol>
      <symbol id="sm-498">
         <name>__stack</name>
         <value>0x20000590</value>
         <object_component_ref idref="oc-24"/>
      </symbol>
      <symbol id="sm-499">
         <name>_c_int00_noargs</name>
         <value>0x204d</value>
         <object_component_ref idref="oc-7d"/>
      </symbol>
      <symbol id="sm-4a3">
         <name>__aeabi_idiv0</name>
         <value>0x196b</value>
         <object_component_ref idref="oc-337"/>
      </symbol>
      <symbol id="sm-4a4">
         <name>__aeabi_ldiv0</name>
         <value>0x196b</value>
         <object_component_ref idref="oc-337"/>
      </symbol>
      <symbol id="sm-4bf">
         <name>memcpy</name>
         <value>0x1591</value>
         <object_component_ref idref="oc-5f"/>
      </symbol>
      <symbol id="sm-4c0">
         <name>__aeabi_memcpy</name>
         <value>0x1591</value>
         <object_component_ref idref="oc-5f"/>
      </symbol>
      <symbol id="sm-4c1">
         <name>__aeabi_memcpy8</name>
         <value>0x1591</value>
         <object_component_ref idref="oc-5f"/>
      </symbol>
      <symbol id="sm-4c2">
         <name>__aeabi_memcpy4</name>
         <value>0x1591</value>
         <object_component_ref idref="oc-5f"/>
      </symbol>
      <symbol id="sm-4d1">
         <name>__aeabi_memset</name>
         <value>0x18f3</value>
         <object_component_ref idref="oc-f4"/>
      </symbol>
      <symbol id="sm-4d2">
         <name>memset</name>
         <value>0x18f9</value>
         <object_component_ref idref="oc-f4"/>
      </symbol>
      <symbol id="sm-4d3">
         <name>__aeabi_memset8</name>
         <value>0x18f3</value>
         <object_component_ref idref="oc-f4"/>
      </symbol>
      <symbol id="sm-4d4">
         <name>__aeabi_memset4</name>
         <value>0x18f3</value>
         <object_component_ref idref="oc-f4"/>
      </symbol>
      <symbol id="sm-4d5">
         <name>__aeabi_memclr8</name>
         <value>0x18f1</value>
         <object_component_ref idref="oc-f4"/>
      </symbol>
      <symbol id="sm-4d6">
         <name>__aeabi_memclr4</name>
         <value>0x18f1</value>
         <object_component_ref idref="oc-f4"/>
      </symbol>
      <symbol id="sm-4d7">
         <name>__aeabi_memclr</name>
         <value>0x18f1</value>
         <object_component_ref idref="oc-f4"/>
      </symbol>
      <symbol id="sm-4ff">
         <name>__TI_auto_init_nobinit_nopinit</name>
         <value>0x1ead</value>
         <object_component_ref idref="oc-221"/>
      </symbol>
      <symbol id="sm-509">
         <name>_system_pre_init</name>
         <value>0x23a9</value>
         <object_component_ref idref="oc-fa"/>
      </symbol>
      <symbol id="sm-515">
         <name>C$$EXIT</name>
         <value>0x23ad</value>
         <object_component_ref idref="oc-215"/>
      </symbol>
      <symbol id="sm-516">
         <name>abort</name>
         <value>0x23ad</value>
         <object_component_ref idref="oc-215"/>
      </symbol>
      <symbol id="sm-53c">
         <name>GPIODirModeSet</name>
         <value>0x20ad</value>
         <object_component_ref idref="oc-34f"/>
      </symbol>
      <symbol id="sm-53d">
         <name>GPIOPadConfigSet</name>
         <value>0xf81</value>
         <object_component_ref idref="oc-1a7"/>
      </symbol>
      <symbol id="sm-53e">
         <name>GPIOPinTypeEthernetLED</name>
         <value>0x22cd</value>
         <object_component_ref idref="oc-27f"/>
      </symbol>
      <symbol id="sm-605">
         <name>HibernateDataSet</name>
         <value>0x2151</value>
         <object_component_ref idref="oc-1fd"/>
      </symbol>
      <symbol id="sm-606">
         <name>HibernateCalendarGet</name>
         <value>0x1ab9</value>
         <object_component_ref idref="oc-2c8"/>
      </symbol>
      <symbol id="sm-607">
         <name>HibernateIntClear</name>
         <value>0x2269</value>
         <object_component_ref idref="oc-17d"/>
      </symbol>
      <symbol id="sm-608">
         <name>HibernateWakeSet</name>
         <value>0x1bed</value>
         <object_component_ref idref="oc-306"/>
      </symbol>
      <symbol id="sm-609">
         <name>HibernateEnableExpClk</name>
         <value>0x2255</value>
         <object_component_ref idref="oc-18f"/>
      </symbol>
      <symbol id="sm-60a">
         <name>HibernateCounterMode</name>
         <value>0x2385</value>
         <object_component_ref idref="oc-1a1"/>
      </symbol>
      <symbol id="sm-60b">
         <name>HibernateCalendarMatchSet</name>
         <value>0x2379</value>
         <object_component_ref idref="oc-300"/>
      </symbol>
      <symbol id="sm-60c">
         <name>HibernateClockConfig</name>
         <value>0x1dd9</value>
         <object_component_ref idref="oc-195"/>
      </symbol>
      <symbol id="sm-60d">
         <name>HibernateRequest</name>
         <value>0x2291</value>
         <object_component_ref idref="oc-30c"/>
      </symbol>
      <symbol id="sm-60e">
         <name>HibernateRTCEnable</name>
         <value>0x227d</value>
         <object_component_ref idref="oc-19b"/>
      </symbol>
      <symbol id="sm-60f">
         <name>HibernateIntStatus</name>
         <value>0x220d</value>
         <object_component_ref idref="oc-177"/>
      </symbol>
      <symbol id="sm-610">
         <name>HibernateDataGet</name>
         <value>0x2179</value>
         <object_component_ref idref="oc-189"/>
      </symbol>
      <symbol id="sm-611">
         <name>HibernateCalendarSet</name>
         <value>0x2301</value>
         <object_component_ref idref="oc-2ce"/>
      </symbol>
      <symbol id="sm-612">
         <name>HibernateIsActive</name>
         <value>0x2311</value>
         <object_component_ref idref="oc-171"/>
      </symbol>
      <symbol id="sm-61d">
         <name>IntMasterEnable</name>
         <value>0x2321</value>
         <object_component_ref idref="oc-1cb"/>
      </symbol>
      <symbol id="sm-6ad">
         <name>SysCtlDelay</name>
         <value>0x23a3</value>
         <object_component_ref idref="oc-312"/>
      </symbol>
      <symbol id="sm-6ae">
         <name>SysCtlPeripheralEnable</name>
         <value>0x2019</value>
         <object_component_ref idref="oc-16b"/>
      </symbol>
      <symbol id="sm-6af">
         <name>SysCtlClockGet</name>
         <value>0x10b5</value>
         <object_component_ref idref="oc-1b3"/>
      </symbol>
      <symbol id="sm-6b0">
         <name>SysCtlClockFreqSet</name>
         <value>0xa31</value>
         <object_component_ref idref="oc-159"/>
      </symbol>
      <symbol id="sm-6d3">
         <name>SysTickEnable</name>
         <value>0x22a5</value>
         <object_component_ref idref="oc-1bf"/>
      </symbol>
      <symbol id="sm-6d4">
         <name>SysTickIntEnable</name>
         <value>0x22b9</value>
         <object_component_ref idref="oc-1c5"/>
      </symbol>
      <symbol id="sm-6d5">
         <name>SysTickPeriodSet</name>
         <value>0x2331</value>
         <object_component_ref idref="oc-1b9"/>
      </symbol>
      <symbol id="sm-6df">
         <name>CPUcpsie</name>
         <value>0x236d</value>
         <object_component_ref idref="oc-2b9"/>
      </symbol>
      <symbol id="sm-6e0">
         <name>__TI_static_base__</name>
         <value>0x0</value>
      </symbol>
      <symbol id="sm-6e3">
         <name>__mpu_init</name>
         <value>0x0</value>
      </symbol>
      <symbol id="sm-6e4">
         <name>_system_post_cinit</name>
         <value>0x0</value>
      </symbol>
   </symbol_table>
   <title>Link successful</title>
</link_info>
