<?xml version="1.0" encoding="ISO-8859-1" ?>
<link_info>
   <banner>TI ARM Linker PC v20.2.2.LTS</banner>
   <copyright>Copyright (c) 1996-2018 Texas Instruments Incorporated</copyright>
   <link_time>0x62451c9e</link_time>
   <link_errors>0x0</link_errors>
   <output_file>timers.out</output_file>
   <entry_point>
      <name>_c_int00_noargs</name>
      <address>0x482d</address>
   </entry_point>
   <input_file_list>
      <input_file id="fl-2">
         <path>.\</path>
         <kind>object</kind>
         <file>startup_ccs.obj</file>
         <name>startup_ccs.obj</name>
      </input_file>
      <input_file id="fl-3">
         <path>.\</path>
         <kind>object</kind>
         <file>timers.obj</file>
         <name>timers.obj</name>
      </input_file>
      <input_file id="fl-4">
         <path>.\drivers\</path>
         <kind>object</kind>
         <file>Kentec320x240x16_ssd2119_spi.obj</file>
         <name>Kentec320x240x16_ssd2119_spi.obj</name>
      </input_file>
      <input_file id="fl-5">
         <path>.\drivers\</path>
         <kind>object</kind>
         <file>touch.obj</file>
         <name>touch.obj</name>
      </input_file>
      <input_file id="fl-6">
         <path>.\utils\</path>
         <kind>object</kind>
         <file>uartstdio.obj</file>
         <name>uartstdio.obj</name>
      </input_file>
      <input_file id="fl-c">
         <kind>object</kind>
         <file>&lt;internal&gt;</file>
         <name>&lt;internal&gt;</name>
      </input_file>
      <input_file id="fl-c2">
         <path>C:\ti\ccs1020\ccs\tools\compiler\ti-cgt-arm_20.2.2.LTS\lib\</path>
         <kind>archive</kind>
         <file>rtsv7M4_T_le_v4SPD16_eabi.lib</file>
         <name>sprintf.c.obj</name>
      </input_file>
      <input_file id="fl-c3">
         <path>C:\ti\ccs1020\ccs\tools\compiler\ti-cgt-arm_20.2.2.LTS\lib\</path>
         <kind>archive</kind>
         <file>rtsv7M4_T_le_v4SPD16_eabi.lib</file>
         <name>memcpy_t2.asm.obj</name>
      </input_file>
      <input_file id="fl-c4">
         <path>C:\ti\ccs1020\ccs\tools\compiler\ti-cgt-arm_20.2.2.LTS\lib\</path>
         <kind>archive</kind>
         <file>rtsv7M4_T_le_v4SPD16_eabi.lib</file>
         <name>u_divt2.asm.obj</name>
      </input_file>
      <input_file id="fl-c5">
         <path>C:\ti\ccs1020\ccs\tools\compiler\ti-cgt-arm_20.2.2.LTS\lib\</path>
         <kind>archive</kind>
         <file>rtsv7M4_T_le_v4SPD16_eabi.lib</file>
         <name>copy_zero_init.c.obj</name>
      </input_file>
      <input_file id="fl-c6">
         <path>C:\ti\ccs1020\ccs\tools\compiler\ti-cgt-arm_20.2.2.LTS\lib\</path>
         <kind>archive</kind>
         <file>rtsv7M4_T_le_v4SPD16_eabi.lib</file>
         <name>copy_decompress_none.c.obj</name>
      </input_file>
      <input_file id="fl-c7">
         <path>C:\ti\ccs1020\ccs\tools\compiler\ti-cgt-arm_20.2.2.LTS\lib\</path>
         <kind>archive</kind>
         <file>rtsv7M4_T_le_v4SPD16_eabi.lib</file>
         <name>copy_decompress_lzss.c.obj</name>
      </input_file>
      <input_file id="fl-c8">
         <path>C:\ti\ccs1020\ccs\tools\compiler\ti-cgt-arm_20.2.2.LTS\lib\</path>
         <kind>archive</kind>
         <file>rtsv7M4_T_le_v4SPD16_eabi.lib</file>
         <name>boot_cortex_m.c.obj</name>
      </input_file>
      <input_file id="fl-c9">
         <path>C:\ti\ccs1020\ccs\tools\compiler\ti-cgt-arm_20.2.2.LTS\lib\</path>
         <kind>archive</kind>
         <file>rtsv7M4_T_le_v4SPD16_eabi.lib</file>
         <name>_printfi.c.obj</name>
      </input_file>
      <input_file id="fl-ca">
         <path>C:\ti\ccs1020\ccs\tools\compiler\ti-cgt-arm_20.2.2.LTS\lib\</path>
         <kind>archive</kind>
         <file>rtsv7M4_T_le_v4SPD16_eabi.lib</file>
         <name>div0.asm.obj</name>
      </input_file>
      <input_file id="fl-cb">
         <path>C:\ti\ccs1020\ccs\tools\compiler\ti-cgt-arm_20.2.2.LTS\lib\</path>
         <kind>archive</kind>
         <file>rtsv7M4_T_le_v4SPD16_eabi.lib</file>
         <name>fd_add_t2.asm.obj</name>
      </input_file>
      <input_file id="fl-cc">
         <path>C:\ti\ccs1020\ccs\tools\compiler\ti-cgt-arm_20.2.2.LTS\lib\</path>
         <kind>archive</kind>
         <file>rtsv7M4_T_le_v4SPD16_eabi.lib</file>
         <name>fd_cmp_t2.asm.obj</name>
      </input_file>
      <input_file id="fl-cd">
         <path>C:\ti\ccs1020\ccs\tools\compiler\ti-cgt-arm_20.2.2.LTS\lib\</path>
         <kind>archive</kind>
         <file>rtsv7M4_T_le_v4SPD16_eabi.lib</file>
         <name>fd_div_t2.asm.obj</name>
      </input_file>
      <input_file id="fl-ce">
         <path>C:\ti\ccs1020\ccs\tools\compiler\ti-cgt-arm_20.2.2.LTS\lib\</path>
         <kind>archive</kind>
         <file>rtsv7M4_T_le_v4SPD16_eabi.lib</file>
         <name>fd_mul_t2.asm.obj</name>
      </input_file>
      <input_file id="fl-cf">
         <path>C:\ti\ccs1020\ccs\tools\compiler\ti-cgt-arm_20.2.2.LTS\lib\</path>
         <kind>archive</kind>
         <file>rtsv7M4_T_le_v4SPD16_eabi.lib</file>
         <name>fd_toi_t2.asm.obj</name>
      </input_file>
      <input_file id="fl-d0">
         <path>C:\ti\ccs1020\ccs\tools\compiler\ti-cgt-arm_20.2.2.LTS\lib\</path>
         <kind>archive</kind>
         <file>rtsv7M4_T_le_v4SPD16_eabi.lib</file>
         <name>i_tofd_t2.asm.obj</name>
      </input_file>
      <input_file id="fl-d1">
         <path>C:\ti\ccs1020\ccs\tools\compiler\ti-cgt-arm_20.2.2.LTS\lib\</path>
         <kind>archive</kind>
         <file>rtsv7M4_T_le_v4SPD16_eabi.lib</file>
         <name>ull_div_t2.asm.obj</name>
      </input_file>
      <input_file id="fl-d2">
         <path>C:\ti\ccs1020\ccs\tools\compiler\ti-cgt-arm_20.2.2.LTS\lib\</path>
         <kind>archive</kind>
         <file>rtsv7M4_T_le_v4SPD16_eabi.lib</file>
         <name>memset_t2.asm.obj</name>
      </input_file>
      <input_file id="fl-d3">
         <path>C:\ti\ccs1020\ccs\tools\compiler\ti-cgt-arm_20.2.2.LTS\lib\</path>
         <kind>archive</kind>
         <file>rtsv7M4_T_le_v4SPD16_eabi.lib</file>
         <name>autoinit.c.obj</name>
      </input_file>
      <input_file id="fl-d4">
         <path>C:\ti\ccs1020\ccs\tools\compiler\ti-cgt-arm_20.2.2.LTS\lib\</path>
         <kind>archive</kind>
         <file>rtsv7M4_T_le_v4SPD16_eabi.lib</file>
         <name>pre_init.c.obj</name>
      </input_file>
      <input_file id="fl-d5">
         <path>C:\ti\ccs1020\ccs\tools\compiler\ti-cgt-arm_20.2.2.LTS\lib\</path>
         <kind>archive</kind>
         <file>rtsv7M4_T_le_v4SPD16_eabi.lib</file>
         <name>cpy_tbl.c.obj</name>
      </input_file>
      <input_file id="fl-d6">
         <path>C:\ti\ccs1020\ccs\tools\compiler\ti-cgt-arm_20.2.2.LTS\lib\</path>
         <kind>archive</kind>
         <file>rtsv7M4_T_le_v4SPD16_eabi.lib</file>
         <name>exit.c.obj</name>
      </input_file>
      <input_file id="fl-d7">
         <path>C:\ti\ccs1020\ccs\tools\compiler\ti-cgt-arm_20.2.2.LTS\lib\</path>
         <kind>archive</kind>
         <file>rtsv7M4_T_le_v4SPD16_eabi.lib</file>
         <name>_lock.c.obj</name>
      </input_file>
      <input_file id="fl-d8">
         <path>C:\ti\ccs1020\ccs\tools\compiler\ti-cgt-arm_20.2.2.LTS\lib\</path>
         <kind>archive</kind>
         <file>rtsv7M4_T_le_v4SPD16_eabi.lib</file>
         <name>_ltoa.c.obj</name>
      </input_file>
      <input_file id="fl-d9">
         <path>C:\ti\ccs1020\ccs\tools\compiler\ti-cgt-arm_20.2.2.LTS\lib\</path>
         <kind>archive</kind>
         <file>rtsv7M4_T_le_v4SPD16_eabi.lib</file>
         <name>args_main.c.obj</name>
      </input_file>
      <input_file id="fl-da">
         <path>C:\ti\ccs1020\ccs\tools\compiler\ti-cgt-arm_20.2.2.LTS\lib\</path>
         <kind>archive</kind>
         <file>rtsv7M4_T_le_v4SPD16_eabi.lib</file>
         <name>atoi.c.obj</name>
      </input_file>
      <input_file id="fl-db">
         <path>C:\ti\ccs1020\ccs\tools\compiler\ti-cgt-arm_20.2.2.LTS\lib\</path>
         <kind>archive</kind>
         <file>rtsv7M4_T_le_v4SPD16_eabi.lib</file>
         <name>ctype.c.obj</name>
      </input_file>
      <input_file id="fl-dc">
         <path>C:\ti\ccs1020\ccs\tools\compiler\ti-cgt-arm_20.2.2.LTS\lib\</path>
         <kind>archive</kind>
         <file>rtsv7M4_T_le_v4SPD16_eabi.lib</file>
         <name>memccpy.c.obj</name>
      </input_file>
      <input_file id="fl-dd">
         <path>C:\ti\ccs1020\ccs\tools\compiler\ti-cgt-arm_20.2.2.LTS\lib\</path>
         <kind>archive</kind>
         <file>rtsv7M4_T_le_v4SPD16_eabi.lib</file>
         <name>strchr.c.obj</name>
      </input_file>
      <input_file id="fl-de">
         <path>C:\ti\ccs1020\ccs\tools\compiler\ti-cgt-arm_20.2.2.LTS\lib\</path>
         <kind>archive</kind>
         <file>rtsv7M4_T_le_v4SPD16_eabi.lib</file>
         <name>strlen.c.obj</name>
      </input_file>
      <input_file id="fl-df">
         <path>C:\ti\ccs1020\ccs\tools\compiler\ti-cgt-arm_20.2.2.LTS\lib\</path>
         <kind>archive</kind>
         <file>rtsv7M4_T_le_v4SPD16_eabi.lib</file>
         <name>errno.c.obj</name>
      </input_file>
      <input_file id="fl-e0">
         <path>C:\ti\ccs1020\ccs\tools\compiler\ti-cgt-arm_20.2.2.LTS\lib\</path>
         <kind>archive</kind>
         <file>rtsv7M4_T_le_v4SPD16_eabi.lib</file>
         <name>s_frexp.c.obj</name>
      </input_file>
      <input_file id="fl-e1">
         <path>C:\ti\ccs1020\ccs\tools\compiler\ti-cgt-arm_20.2.2.LTS\lib\</path>
         <kind>archive</kind>
         <file>rtsv7M4_T_le_v4SPD16_eabi.lib</file>
         <name>s_scalbn.c.obj</name>
      </input_file>
      <input_file id="fl-e2">
         <path>C:\ti\ccs1020\ccs\tools\compiler\ti-cgt-arm_20.2.2.LTS\lib\</path>
         <kind>archive</kind>
         <file>rtsv7M4_T_le_v4SPD16_eabi.lib</file>
         <name>wcslen.c.obj</name>
      </input_file>
      <input_file id="fl-e3">
         <path>C:\ti\ccs1020\ccs\tools\compiler\ti-cgt-arm_20.2.2.LTS\lib\</path>
         <kind>archive</kind>
         <file>rtsv7M4_T_le_v4SPD16_eabi.lib</file>
         <name>s_copysign.c.obj</name>
      </input_file>
      <input_file id="fl-e4">
         <path>C:\ti\tivaware_c_series_2_1_4_178\grlib\ccs\Debug\</path>
         <kind>archive</kind>
         <file>grlib.lib</file>
         <name>canvas.obj</name>
      </input_file>
      <input_file id="fl-e5">
         <path>C:\ti\tivaware_c_series_2_1_4_178\grlib\ccs\Debug\</path>
         <kind>archive</kind>
         <file>grlib.lib</file>
         <name>context.obj</name>
      </input_file>
      <input_file id="fl-e6">
         <path>C:\ti\tivaware_c_series_2_1_4_178\grlib\ccs\Debug\</path>
         <kind>archive</kind>
         <file>grlib.lib</file>
         <name>image.obj</name>
      </input_file>
      <input_file id="fl-e7">
         <path>C:\ti\tivaware_c_series_2_1_4_178\grlib\ccs\Debug\</path>
         <kind>archive</kind>
         <file>grlib.lib</file>
         <name>rectangle.obj</name>
      </input_file>
      <input_file id="fl-e8">
         <path>C:\ti\tivaware_c_series_2_1_4_178\grlib\ccs\Debug\</path>
         <kind>archive</kind>
         <file>grlib.lib</file>
         <name>string.obj</name>
      </input_file>
      <input_file id="fl-e9">
         <path>C:\ti\tivaware_c_series_2_1_4_178\grlib\ccs\Debug\</path>
         <kind>archive</kind>
         <file>grlib.lib</file>
         <name>widget.obj</name>
      </input_file>
      <input_file id="fl-ea">
         <path>C:\ti\tivaware_c_series_2_1_4_178\grlib\ccs\Debug\</path>
         <kind>archive</kind>
         <file>grlib.lib</file>
         <name>fontcm20.obj</name>
      </input_file>
      <input_file id="fl-eb">
         <path>C:\ti\tivaware_c_series_2_1_4_178\grlib\ccs\Debug\</path>
         <kind>archive</kind>
         <file>grlib.lib</file>
         <name>charmap.obj</name>
      </input_file>
      <input_file id="fl-ec">
         <path>C:\ti\tivaware_c_series_2_1_4_178\grlib\ccs\Debug\</path>
         <kind>archive</kind>
         <file>grlib.lib</file>
         <name>line.obj</name>
      </input_file>
      <input_file id="fl-ed">
         <path>C:\ti\tivaware_c_series_2_1_4_178\driverlib\ccs\Debug\</path>
         <kind>archive</kind>
         <file>driverlib.lib</file>
         <name>adc.obj</name>
      </input_file>
      <input_file id="fl-ee">
         <path>C:\ti\tivaware_c_series_2_1_4_178\driverlib\ccs\Debug\</path>
         <kind>archive</kind>
         <file>driverlib.lib</file>
         <name>gpio.obj</name>
      </input_file>
      <input_file id="fl-ef">
         <path>C:\ti\tivaware_c_series_2_1_4_178\driverlib\ccs\Debug\</path>
         <kind>archive</kind>
         <file>driverlib.lib</file>
         <name>interrupt.obj</name>
      </input_file>
      <input_file id="fl-f0">
         <path>C:\ti\tivaware_c_series_2_1_4_178\driverlib\ccs\Debug\</path>
         <kind>archive</kind>
         <file>driverlib.lib</file>
         <name>ssi.obj</name>
      </input_file>
      <input_file id="fl-f1">
         <path>C:\ti\tivaware_c_series_2_1_4_178\driverlib\ccs\Debug\</path>
         <kind>archive</kind>
         <file>driverlib.lib</file>
         <name>sysctl.obj</name>
      </input_file>
      <input_file id="fl-f2">
         <path>C:\ti\tivaware_c_series_2_1_4_178\driverlib\ccs\Debug\</path>
         <kind>archive</kind>
         <file>driverlib.lib</file>
         <name>timer.obj</name>
      </input_file>
      <input_file id="fl-f3">
         <path>C:\ti\tivaware_c_series_2_1_4_178\driverlib\ccs\Debug\</path>
         <kind>archive</kind>
         <file>driverlib.lib</file>
         <name>cpu.obj</name>
      </input_file>
   </input_file_list>
   <object_component_list>
      <object_component id="oc-12">
         <name>.intvecs</name>
         <load_address>0x0</load_address>
         <run_address>0x0</run_address>
         <size>0x200</size>
         <input_file_ref idref="fl-2"/>
      </object_component>
      <object_component id="oc-406">
         <name>.text:__TI_printfi</name>
         <load_address>0x200</load_address>
         <run_address>0x200</run_address>
         <size>0xa4e</size>
         <input_file_ref idref="fl-c9"/>
      </object_component>
      <object_component id="oc-33">
         <name>.text:FaultISR</name>
         <load_address>0xc4e</load_address>
         <run_address>0xc4e</run_address>
         <size>0x2</size>
         <input_file_ref idref="fl-2"/>
      </object_component>
      <object_component id="oc-172">
         <name>.text:Kentec320x240x16_SSD2119Init</name>
         <load_address>0xc50</load_address>
         <run_address>0xc50</run_address>
         <size>0x53a</size>
         <input_file_ref idref="fl-4"/>
      </object_component>
      <object_component id="oc-39">
         <name>.text:IntDefaultHandler</name>
         <load_address>0x118a</load_address>
         <run_address>0x118a</run_address>
         <size>0x2</size>
         <input_file_ref idref="fl-2"/>
      </object_component>
      <object_component id="oc-43a">
         <name>.text:InternalImageDraw</name>
         <load_address>0x118c</load_address>
         <run_address>0x118c</run_address>
         <size>0x374</size>
         <input_file_ref idref="fl-e6"/>
      </object_component>
      <object_component id="oc-4a5">
         <name>.text:PixelTransparentDraw</name>
         <load_address>0x1500</load_address>
         <run_address>0x1500</run_address>
         <size>0x2f8</size>
         <input_file_ref idref="fl-e6"/>
      </object_component>
      <object_component id="oc-46d">
         <name>.text:_pconv_a</name>
         <load_address>0x17f8</load_address>
         <run_address>0x17f8</run_address>
         <size>0x270</size>
         <input_file_ref idref="fl-c9"/>
      </object_component>
      <object_component id="oc-31b">
         <name>.text:GrFontGlyphRender</name>
         <load_address>0x1a68</load_address>
         <run_address>0x1a68</run_address>
         <size>0x254</size>
         <input_file_ref idref="fl-e8"/>
      </object_component>
      <object_component id="oc-16c">
         <name>.text:SysCtlClockFreqSet</name>
         <load_address>0x1cbc</load_address>
         <run_address>0x1cbc</run_address>
         <size>0x200</size>
         <input_file_ref idref="fl-f1"/>
      </object_component>
      <object_component id="oc-123">
         <name>.text:UARTvprintf</name>
         <load_address>0x1ebc</load_address>
         <run_address>0x1ebc</run_address>
         <size>0x1ee</size>
         <input_file_ref idref="fl-6"/>
      </object_component>
      <object_component id="oc-27b">
         <name>.text:Kentec320x240x16_SSD2119Flush</name>
         <load_address>0x20aa</load_address>
         <run_address>0x20aa</run_address>
         <size>0x2</size>
         <input_file_ref idref="fl-4"/>
      </object_component>
      <object_component id="oc-45b">
         <name>.text:_pconv_g</name>
         <load_address>0x20ac</load_address>
         <run_address>0x20ac</run_address>
         <size>0x1d0</size>
         <input_file_ref idref="fl-c9"/>
      </object_component>
      <object_component id="oc-4dc">
         <name>.text</name>
         <load_address>0x227c</load_address>
         <run_address>0x227c</run_address>
         <size>0x1b6</size>
         <input_file_ref idref="fl-cb"/>
      </object_component>
      <object_component id="oc-34c">
         <name>.text:CanvasPaint</name>
         <load_address>0x2432</load_address>
         <run_address>0x2432</run_address>
         <size>0x190</size>
         <input_file_ref idref="fl-e4"/>
      </object_component>
      <object_component id="oc-2d">
         <name>.text:NmiSR</name>
         <load_address>0x25c2</load_address>
         <run_address>0x25c2</run_address>
         <size>0x2</size>
         <input_file_ref idref="fl-2"/>
      </object_component>
      <object_component id="oc-95">
         <name>.text:TouchScreenDebouncer</name>
         <load_address>0x25c4</load_address>
         <run_address>0x25c4</run_address>
         <size>0x180</size>
         <input_file_ref idref="fl-5"/>
      </object_component>
      <object_component id="oc-f2">
         <name>.text:main</name>
         <load_address>0x2744</load_address>
         <run_address>0x2744</run_address>
         <size>0x15c</size>
         <input_file_ref idref="fl-3"/>
      </object_component>
      <object_component id="oc-25d">
         <name>.text:Kentec320x240x16_SSD2119PixelDrawMultiple</name>
         <load_address>0x28a0</load_address>
         <run_address>0x28a0</run_address>
         <size>0x14a</size>
         <input_file_ref idref="fl-4"/>
      </object_component>
      <object_component id="oc-2b8">
         <name>.text</name>
         <load_address>0x29ea</load_address>
         <run_address>0x29ea</run_address>
         <size>0x2</size>
         <input_file_ref idref="fl-ca"/>
      </object_component>
      <object_component id="oc-467">
         <name>.text:_pconv_e</name>
         <load_address>0x29ec</load_address>
         <run_address>0x29ec</run_address>
         <size>0x13c</size>
         <input_file_ref idref="fl-c9"/>
      </object_component>
      <object_component id="oc-4c2">
         <name>.text</name>
         <load_address>0x2b28</load_address>
         <run_address>0x2b28</run_address>
         <size>0x136</size>
         <input_file_ref idref="fl-cd"/>
      </object_component>
      <object_component id="oc-37e">
         <name>.text:GPIOPadConfigSet</name>
         <load_address>0x2c5e</load_address>
         <run_address>0x2c5e</run_address>
         <size>0x132</size>
         <input_file_ref idref="fl-ee"/>
      </object_component>
      <object_component id="oc-3f">
         <name>.text:TouchScreenIntHandler</name>
         <load_address>0x2d90</load_address>
         <run_address>0x2d90</run_address>
         <size>0x130</size>
         <input_file_ref idref="fl-5"/>
      </object_component>
      <object_component id="oc-26f">
         <name>.text:Kentec320x240x16_SSD2119RectFill</name>
         <load_address>0x2ec0</load_address>
         <run_address>0x2ec0</run_address>
         <size>0x124</size>
         <input_file_ref idref="fl-4"/>
      </object_component>
      <object_component id="oc-4ee">
         <name>.text:fcvt</name>
         <load_address>0x2fe4</load_address>
         <run_address>0x2fe4</run_address>
         <size>0x124</size>
         <input_file_ref idref="fl-c9"/>
      </object_component>
      <object_component id="oc-502">
         <name>.text:scalbn</name>
         <load_address>0x3108</load_address>
         <run_address>0x3108</run_address>
         <size>0x110</size>
         <input_file_ref idref="fl-e1"/>
      </object_component>
      <object_component id="oc-4bd">
         <name>.text</name>
         <load_address>0x3218</load_address>
         <run_address>0x3218</run_address>
         <size>0xfc</size>
         <input_file_ref idref="fl-ce"/>
      </object_component>
      <object_component id="oc-af">
         <name>.text:WidgetMessageQueueAdd</name>
         <load_address>0x3314</load_address>
         <run_address>0x3314</run_address>
         <size>0xe8</size>
         <input_file_ref idref="fl-e9"/>
      </object_component>
      <object_component id="oc-263">
         <name>.text:Kentec320x240x16_SSD2119LineDrawH</name>
         <load_address>0x33fc</load_address>
         <run_address>0x33fc</run_address>
         <size>0xd8</size>
         <input_file_ref idref="fl-4"/>
      </object_component>
      <object_component id="oc-235">
         <name>.text:GrDefaultStringRenderer</name>
         <load_address>0x34d4</load_address>
         <run_address>0x34d4</run_address>
         <size>0xc0</size>
         <input_file_ref idref="fl-e8"/>
      </object_component>
      <object_component id="oc-214">
         <name>.text:InitSPILCDInterface</name>
         <load_address>0x3594</load_address>
         <run_address>0x3594</run_address>
         <size>0xb8</size>
         <input_file_ref idref="fl-4"/>
      </object_component>
      <object_component id="oc-250">
         <name>.text:WidgetMessageSendPostOrder</name>
         <load_address>0x364c</load_address>
         <run_address>0x364c</run_address>
         <size>0xb4</size>
         <input_file_ref idref="fl-e9"/>
      </object_component>
      <object_component id="oc-450">
         <name>.text:_ltostr</name>
         <load_address>0x3700</load_address>
         <run_address>0x3700</run_address>
         <size>0xb1</size>
         <input_file_ref idref="fl-c9"/>
      </object_component>
      <object_component id="oc-45">
         <name>.text:Timer0IntHandler</name>
         <load_address>0x37b4</load_address>
         <run_address>0x37b4</run_address>
         <size>0xa8</size>
         <input_file_ref idref="fl-3"/>
      </object_component>
      <object_component id="oc-269">
         <name>.text:Kentec320x240x16_SSD2119LineDrawV</name>
         <load_address>0x385c</load_address>
         <run_address>0x385c</run_address>
         <size>0xa4</size>
         <input_file_ref idref="fl-4"/>
      </object_component>
      <object_component id="oc-4b">
         <name>.text:Timer1IntHandler</name>
         <load_address>0x3900</load_address>
         <run_address>0x3900</run_address>
         <size>0xa4</size>
         <input_file_ref idref="fl-3"/>
      </object_component>
      <object_component id="oc-5f">
         <name>.text</name>
         <load_address>0x39a4</load_address>
         <run_address>0x39a4</run_address>
         <size>0x9c</size>
         <input_file_ref idref="fl-c3"/>
      </object_component>
      <object_component id="oc-344">
         <name>.text:OnCanvasPaint</name>
         <load_address>0x3a40</load_address>
         <run_address>0x3a40</run_address>
         <size>0x98</size>
         <input_file_ref idref="fl-3"/>
      </object_component>
      <object_component id="oc-4b6">
         <name>.text</name>
         <load_address>0x3ad8</load_address>
         <run_address>0x3ad8</run_address>
         <size>0x96</size>
         <input_file_ref idref="fl-d1"/>
      </object_component>
      <object_component id="oc-3d6">
         <name>.text:GrRectFill</name>
         <load_address>0x3b6e</load_address>
         <run_address>0x3b6e</run_address>
         <size>0x86</size>
         <input_file_ref idref="fl-e7"/>
      </object_component>
      <object_component id="oc-456">
         <name>.text:__aeabi_cdcmple</name>
         <load_address>0x3bf4</load_address>
         <run_address>0x3bf4</run_address>
         <size>0x86</size>
         <input_file_ref idref="fl-cc"/>
      </object_component>
      <object_component id="oc-4c7">
         <name>.text:__aeabi_cdrcmple</name>
         <load_address>0x3c7a</load_address>
         <run_address>0x3c7a</run_address>
         <size>0x86</size>
         <input_file_ref idref="fl-cc"/>
      </object_component>
      <object_component id="oc-257">
         <name>.text:Kentec320x240x16_SSD2119PixelDraw</name>
         <load_address>0x3d00</load_address>
         <run_address>0x3d00</run_address>
         <size>0x7c</size>
         <input_file_ref idref="fl-4"/>
      </object_component>
      <object_component id="oc-e6">
         <name>.text</name>
         <load_address>0x3d7c</load_address>
         <run_address>0x3d7c</run_address>
         <size>0x7a</size>
         <input_file_ref idref="fl-d2"/>
      </object_component>
      <object_component id="oc-4e7">
         <name>.text:_mcpy</name>
         <load_address>0x3df6</load_address>
         <run_address>0x3df6</run_address>
         <size>0x6e</size>
         <input_file_ref idref="fl-c9"/>
      </object_component>
      <object_component id="oc-178">
         <name>.text:GrContextInit</name>
         <load_address>0x3e64</load_address>
         <run_address>0x3e64</run_address>
         <size>0x68</size>
         <input_file_ref idref="fl-e5"/>
      </object_component>
      <object_component id="oc-3ba">
         <name>.text:GrStringWidthGet</name>
         <load_address>0x3ecc</load_address>
         <run_address>0x3ecc</run_address>
         <size>0x68</size>
         <input_file_ref idref="fl-e8"/>
      </object_component>
      <object_component id="oc-15">
         <name>.text:decompress:lzss:__TI_decompress_lzss</name>
         <load_address>0x3f34</load_address>
         <run_address>0x3f34</run_address>
         <size>0x68</size>
         <input_file_ref idref="fl-c7"/>
      </object_component>
      <object_component id="oc-3d0">
         <name>.text:GrContextClipRegionSet</name>
         <load_address>0x3f9c</load_address>
         <run_address>0x3f9c</run_address>
         <size>0x66</size>
         <input_file_ref idref="fl-e5"/>
      </object_component>
      <object_component id="oc-3dc">
         <name>.text:GrRectDraw</name>
         <load_address>0x4002</load_address>
         <run_address>0x4002</run_address>
         <size>0x66</size>
         <input_file_ref idref="fl-e7"/>
      </object_component>
      <object_component id="oc-18a">
         <name>.text:WidgetMessageQueueProcess</name>
         <load_address>0x4068</load_address>
         <run_address>0x4068</run_address>
         <size>0x64</size>
         <input_file_ref idref="fl-e9"/>
      </object_component>
      <object_component id="oc-4fc">
         <name>.text:frexp</name>
         <load_address>0x40cc</load_address>
         <run_address>0x40cc</run_address>
         <size>0x64</size>
         <input_file_ref idref="fl-e0"/>
      </object_component>
      <object_component id="oc-242">
         <name>.text:UARTStdioConfig</name>
         <load_address>0x4130</load_address>
         <run_address>0x4130</run_address>
         <size>0x60</size>
         <input_file_ref idref="fl-6"/>
      </object_component>
      <object_component id="oc-24a">
         <name>.text:WidgetMessageSendPreOrder</name>
         <load_address>0x4190</load_address>
         <run_address>0x4190</run_address>
         <size>0x5e</size>
         <input_file_ref idref="fl-e9"/>
      </object_component>
      <object_component id="oc-17e">
         <name>.text:ConfigureUART</name>
         <load_address>0x41f0</load_address>
         <run_address>0x41f0</run_address>
         <size>0x5c</size>
         <input_file_ref idref="fl-3"/>
      </object_component>
      <object_component id="oc-397">
         <name>.text:FontWideGlyphDataGet</name>
         <load_address>0x424c</load_address>
         <run_address>0x424c</run_address>
         <size>0x5a</size>
         <input_file_ref idref="fl-e8"/>
      </object_component>
      <object_component id="oc-461">
         <name>.text:_pconv_f</name>
         <load_address>0x42a6</load_address>
         <run_address>0x42a6</run_address>
         <size>0x56</size>
         <input_file_ref idref="fl-c9"/>
      </object_component>
      <object_component id="oc-4d1">
         <name>.text:__TI_ltoa</name>
         <load_address>0x42fc</load_address>
         <run_address>0x42fc</run_address>
         <size>0x54</size>
         <input_file_ref idref="fl-d8"/>
      </object_component>
      <object_component id="oc-4e1">
         <name>.text:_ecpy</name>
         <load_address>0x4350</load_address>
         <run_address>0x4350</run_address>
         <size>0x52</size>
         <input_file_ref idref="fl-c9"/>
      </object_component>
      <object_component id="oc-21b">
         <name>.text:WriteCommandSPI</name>
         <load_address>0x43a4</load_address>
         <run_address>0x43a4</run_address>
         <size>0x4c</size>
         <input_file_ref idref="fl-4"/>
      </object_component>
      <object_component id="oc-221">
         <name>.text:WriteDataSPI</name>
         <load_address>0x43f0</load_address>
         <run_address>0x43f0</run_address>
         <size>0x4c</size>
         <input_file_ref idref="fl-4"/>
      </object_component>
      <object_component id="oc-44a">
         <name>.text:atoi</name>
         <load_address>0x443c</load_address>
         <run_address>0x443c</run_address>
         <size>0x4c</size>
         <input_file_ref idref="fl-da"/>
      </object_component>
      <object_component id="oc-41a">
         <name>.text:UpdateContextCharMapping</name>
         <load_address>0x4488</load_address>
         <run_address>0x4488</run_address>
         <size>0x4a</size>
         <input_file_ref idref="fl-e8"/>
      </object_component>
      <object_component id="oc-2e3">
         <name>.text:GPIOPinConfigure</name>
         <load_address>0x44d4</load_address>
         <run_address>0x44d4</run_address>
         <size>0x48</size>
         <input_file_ref idref="fl-ee"/>
      </object_component>
      <object_component id="oc-1de">
         <name>.text:UARTwrite</name>
         <load_address>0x451c</load_address>
         <run_address>0x451c</run_address>
         <size>0x48</size>
         <input_file_ref idref="fl-6"/>
      </object_component>
      <object_component id="oc-203">
         <name>.text:_SysCtlFrequencyGet</name>
         <load_address>0x4564</load_address>
         <run_address>0x4564</run_address>
         <size>0x48</size>
         <input_file_ref idref="fl-f1"/>
      </object_component>
      <object_component id="oc-4cc">
         <name>.text</name>
         <load_address>0x45ac</load_address>
         <run_address>0x45ac</run_address>
         <size>0x48</size>
         <input_file_ref idref="fl-cf"/>
      </object_component>
      <object_component id="oc-42d">
         <name>.text:GrLineDrawH</name>
         <load_address>0x45f4</load_address>
         <run_address>0x45f4</run_address>
         <size>0x46</size>
         <input_file_ref idref="fl-ec"/>
      </object_component>
      <object_component id="oc-433">
         <name>.text:GrLineDrawV</name>
         <load_address>0x463a</load_address>
         <run_address>0x463a</run_address>
         <size>0x46</size>
         <input_file_ref idref="fl-ec"/>
      </object_component>
      <object_component id="oc-1a4">
         <name>.text:__TI_auto_init_nobinit_nopinit:__TI_auto_init_nobinit_nopinit</name>
         <load_address>0x4680</load_address>
         <run_address>0x4680</run_address>
         <size>0x44</size>
         <input_file_ref idref="fl-d3"/>
      </object_component>
      <object_component id="oc-1e4">
         <name>.text</name>
         <load_address>0x46c4</load_address>
         <run_address>0x46c4</run_address>
         <size>0x40</size>
         <input_file_ref idref="fl-c4"/>
      </object_component>
      <object_component id="oc-3ae">
         <name>.text:sprintf</name>
         <load_address>0x4704</load_address>
         <run_address>0x4704</run_address>
         <size>0x40</size>
         <input_file_ref idref="fl-c2"/>
      </object_component>
      <object_component id="oc-4f4">
         <name>.text:_fcpy</name>
         <load_address>0x4744</load_address>
         <run_address>0x4744</run_address>
         <size>0x3e</size>
         <input_file_ref idref="fl-c9"/>
      </object_component>
      <object_component id="oc-2ef">
         <name>.text:SSIConfigSetExpClk</name>
         <load_address>0x4782</load_address>
         <run_address>0x4782</run_address>
         <size>0x3c</size>
         <input_file_ref idref="fl-f0"/>
      </object_component>
      <object_component id="oc-39d">
         <name>.text:FontGlyphDataGet</name>
         <load_address>0x47be</load_address>
         <run_address>0x47be</run_address>
         <size>0x3a</size>
         <input_file_ref idref="fl-e8"/>
      </object_component>
      <object_component id="oc-2d7">
         <name>.text:SysCtlPeripheralEnable</name>
         <load_address>0x47f8</load_address>
         <run_address>0x47f8</run_address>
         <size>0x34</size>
         <input_file_ref idref="fl-f1"/>
      </object_component>
      <object_component id="oc-7d">
         <name>.text:_c_int00_noargs:_c_int00_noargs</name>
         <load_address>0x482c</load_address>
         <run_address>0x482c</run_address>
         <size>0x34</size>
         <input_file_ref idref="fl-c8"/>
      </object_component>
      <object_component id="oc-30f">
         <name>.text:GrStringNextCharGet</name>
         <load_address>0x4860</load_address>
         <run_address>0x4860</run_address>
         <size>0x2e</size>
         <input_file_ref idref="fl-e8"/>
      </object_component>
      <object_component id="oc-4d7">
         <name>.text</name>
         <load_address>0x488e</load_address>
         <run_address>0x488e</run_address>
         <size>0x2e</size>
         <input_file_ref idref="fl-d0"/>
      </object_component>
      <object_component id="oc-3c0">
         <name>.text:GrFontBaselineGet</name>
         <load_address>0x48bc</load_address>
         <run_address>0x48bc</run_address>
         <size>0x2c</size>
         <input_file_ref idref="fl-e8"/>
      </object_component>
      <object_component id="oc-3e8">
         <name>.text:GrFontHeightGet</name>
         <load_address>0x48e8</load_address>
         <run_address>0x48e8</run_address>
         <size>0x2c</size>
         <input_file_ref idref="fl-e8"/>
      </object_component>
      <object_component id="oc-336">
         <name>.text:WidgetIsInTree</name>
         <load_address>0x4914</load_address>
         <run_address>0x4914</run_address>
         <size>0x2c</size>
         <input_file_ref idref="fl-e9"/>
      </object_component>
      <object_component id="oc-384">
         <name>.text:GPIODirModeSet</name>
         <load_address>0x4940</load_address>
         <run_address>0x4940</run_address>
         <size>0x2a</size>
         <input_file_ref idref="fl-ee"/>
      </object_component>
      <object_component id="oc-309">
         <name>.text:GrFontInfoGet</name>
         <load_address>0x496a</load_address>
         <run_address>0x496a</run_address>
         <size>0x26</size>
         <input_file_ref idref="fl-e8"/>
      </object_component>
      <object_component id="oc-315">
         <name>.text:GrFontGlyphDataGet</name>
         <load_address>0x4990</load_address>
         <run_address>0x4990</run_address>
         <size>0x22</size>
         <input_file_ref idref="fl-e8"/>
      </object_component>
      <object_component id="oc-1fd">
         <name>.text:_SysCtlMemTimingGet</name>
         <load_address>0x49b4</load_address>
         <run_address>0x49b4</run_address>
         <size>0x20</size>
         <input_file_ref idref="fl-f1"/>
      </object_component>
      <object_component id="oc-495">
         <name>.text:GrFontCodepageGet</name>
         <load_address>0x49d4</load_address>
         <run_address>0x49d4</run_address>
         <size>0x1e</size>
         <input_file_ref idref="fl-e8"/>
      </object_component>
      <object_component id="oc-184">
         <name>.text:WidgetAdd</name>
         <load_address>0x49f2</load_address>
         <run_address>0x49f2</run_address>
         <size>0x1e</size>
         <input_file_ref idref="fl-e9"/>
      </object_component>
      <object_component id="oc-6b">
         <name>.text:decompress:ZI:__TI_zero_init_nomemset:__TI_zero_init_nomemset</name>
         <load_address>0x4a10</load_address>
         <run_address>0x4a10</run_address>
         <size>0x1c</size>
         <input_file_ref idref="fl-c5"/>
      </object_component>
      <object_component id="oc-473">
         <name>.text:memccpy</name>
         <load_address>0x4a2c</load_address>
         <run_address>0x4a2c</run_address>
         <size>0x1c</size>
         <input_file_ref idref="fl-dc"/>
      </object_component>
      <object_component id="oc-a9">
         <name>.text:UARTprintf</name>
         <load_address>0x4a48</load_address>
         <run_address>0x4a48</run_address>
         <size>0x1a</size>
         <input_file_ref idref="fl-6"/>
      </object_component>
      <object_component id="oc-54d">
         <name>.text:copysign</name>
         <load_address>0x4a62</load_address>
         <run_address>0x4a62</run_address>
         <size>0x1a</size>
         <input_file_ref idref="fl-e3"/>
      </object_component>
      <object_component id="oc-2dd">
         <name>.text:GPIOPinTypeGPIOOutput</name>
         <load_address>0x4a7c</load_address>
         <run_address>0x4a7c</run_address>
         <size>0x18</size>
         <input_file_ref idref="fl-ee"/>
      </object_component>
      <object_component id="oc-40c">
         <name>.text:_outs</name>
         <load_address>0x4a94</load_address>
         <run_address>0x4a94</run_address>
         <size>0x18</size>
         <input_file_ref idref="fl-c2"/>
      </object_component>
      <object_component id="oc-3c6">
         <name>.text:GrStringDraw</name>
         <load_address>0x4aac</load_address>
         <run_address>0x4aac</run_address>
         <size>0x16</size>
         <input_file_ref idref="fl-e8"/>
      </object_component>
      <object_component id="oc-275">
         <name>.text:Kentec320x240x16_SSD2119ColorTranslate</name>
         <load_address>0x4ac2</load_address>
         <run_address>0x4ac2</run_address>
         <size>0x16</size>
         <input_file_ref idref="fl-4"/>
      </object_component>
      <object_component id="oc-508">
         <name>.text:strchr</name>
         <load_address>0x4ad8</load_address>
         <run_address>0x4ad8</run_address>
         <size>0x16</size>
         <input_file_ref idref="fl-dd"/>
      </object_component>
      <object_component id="oc-286">
         <name>.text:CanvasMsgProc</name>
         <load_address>0x4aee</load_address>
         <run_address>0x4aee</run_address>
         <size>0x14</size>
         <input_file_ref idref="fl-e4"/>
      </object_component>
      <object_component id="oc-130">
         <name>.text:WidgetMutexGet</name>
         <load_address>0x4b02</load_address>
         <run_address>0x4b02</run_address>
         <size>0x14</size>
         <input_file_ref idref="fl-e9"/>
      </object_component>
      <object_component id="oc-444">
         <name>.text:strlen</name>
         <load_address>0x4b16</load_address>
         <run_address>0x4b16</run_address>
         <size>0x14</size>
         <input_file_ref idref="fl-de"/>
      </object_component>
      <object_component id="oc-2e9">
         <name>.text:GPIOPinTypeSSI</name>
         <load_address>0x4b2a</load_address>
         <run_address>0x4b2a</run_address>
         <size>0x12</size>
         <input_file_ref idref="fl-ee"/>
      </object_component>
      <object_component id="oc-2fb">
         <name>.text:SSIDataGetNonBlocking</name>
         <load_address>0x4b3c</load_address>
         <run_address>0x4b3c</run_address>
         <size>0x12</size>
         <input_file_ref idref="fl-f0"/>
      </object_component>
      <object_component id="oc-479">
         <name>.text:wcslen</name>
         <load_address>0x4b4e</load_address>
         <run_address>0x4b4e</run_address>
         <size>0x12</size>
         <input_file_ref idref="fl-e2"/>
      </object_component>
      <object_component id="oc-3e2">
         <name>.text:GrImageDraw</name>
         <load_address>0x4b60</load_address>
         <run_address>0x4b60</run_address>
         <size>0xe</size>
         <input_file_ref idref="fl-e6"/>
      </object_component>
      <object_component id="oc-1b">
         <name>.text:decompress:none:__TI_decompress_none</name>
         <load_address>0x4b6e</load_address>
         <run_address>0x4b6e</run_address>
         <size>0xe</size>
         <input_file_ref idref="fl-c6"/>
      </object_component>
      <object_component id="oc-227">
         <name>.text:SSIDataPut</name>
         <load_address>0x4b7c</load_address>
         <run_address>0x4b7c</run_address>
         <size>0xa</size>
         <input_file_ref idref="fl-f0"/>
      </object_component>
      <object_component id="oc-2f5">
         <name>.text:SSIEnable</name>
         <load_address>0x4b86</load_address>
         <run_address>0x4b86</run_address>
         <size>0xa</size>
         <input_file_ref idref="fl-f0"/>
      </object_component>
      <object_component id="oc-412">
         <name>.text:_outc</name>
         <load_address>0x4b90</load_address>
         <run_address>0x4b90</run_address>
         <size>0xa</size>
         <input_file_ref idref="fl-c2"/>
      </object_component>
      <object_component id="oc-324">
         <name>.text:GrMapISO8859_1_Unicode</name>
         <load_address>0x4b9a</load_address>
         <run_address>0x4b9a</run_address>
         <size>0x8</size>
         <input_file_ref idref="fl-eb"/>
      </object_component>
      <object_component id="oc-22d">
         <name>.text:SSIBusy</name>
         <load_address>0x4ba2</load_address>
         <run_address>0x4ba2</run_address>
         <size>0x8</size>
         <input_file_ref idref="fl-f0"/>
      </object_component>
      <object_component id="oc-47f">
         <name>.text:__aeabi_errno_addr</name>
         <load_address>0x4bac</load_address>
         <run_address>0x4bac</run_address>
         <size>0x8</size>
         <input_file_ref idref="fl-df"/>
      </object_component>
      <object_component id="oc-a3">
         <name>.text:GPIOPinWrite</name>
         <load_address>0x4bb4</load_address>
         <run_address>0x4bb4</run_address>
         <size>0x6</size>
         <input_file_ref idref="fl-ee"/>
      </object_component>
      <object_component id="oc-3b4">
         <name>.text:GrContextFontSet</name>
         <load_address>0x4bba</load_address>
         <run_address>0x4bba</run_address>
         <size>0x6</size>
         <input_file_ref idref="fl-e8"/>
      </object_component>
      <object_component id="oc-27">
         <name>.text:ResetISR</name>
         <load_address>0x4bc0</load_address>
         <run_address>0x4bc0</run_address>
         <size>0x6</size>
         <input_file_ref idref="fl-2"/>
      </object_component>
      <object_component id="oc-21a">
         <name>.text:SysCtlDelay</name>
         <load_address>0x4bc6</load_address>
         <run_address>0x4bc6</run_address>
         <size>0x6</size>
         <input_file_ref idref="fl-f1"/>
      </object_component>
      <object_component id="oc-131">
         <name>.text:WidgetMutexPut</name>
         <load_address>0x4bcc</load_address>
         <run_address>0x4bcc</run_address>
         <size>0x6</size>
         <input_file_ref idref="fl-e9"/>
      </object_component>
      <object_component id="oc-13e">
         <name>.text:WidgetDefaultMsgProc</name>
         <load_address>0x4bd2</load_address>
         <run_address>0x4bd2</run_address>
         <size>0x4</size>
         <input_file_ref idref="fl-e9"/>
      </object_component>
      <object_component id="oc-ec">
         <name>.text:_system_pre_init</name>
         <load_address>0x4bd6</load_address>
         <run_address>0x4bd6</run_address>
         <size>0x4</size>
         <input_file_ref idref="fl-d4"/>
      </object_component>
      <object_component id="oc-198">
         <name>.text:abort:abort</name>
         <load_address>0x4bda</load_address>
         <run_address>0x4bda</run_address>
         <size>0x4</size>
         <input_file_ref idref="fl-d6"/>
      </object_component>
      <object_component id="oc-424">
         <name>.const:.string:g_pui8Cm20Data</name>
         <load_address>0x4be0</load_address>
         <run_address>0x4be0</run_address>
         <size>0x95e</size>
         <input_file_ref idref="fl-ea"/>
      </object_component>
      <object_component id="oc-20c">
         <name>.const:g_pppui32XTALtoVCO</name>
         <load_address>0x5540</load_address>
         <run_address>0x5540</run_address>
         <size>0x1b0</size>
         <input_file_ref idref="fl-f1"/>
      </object_component>
      <object_component id="oc-4b1">
         <name>.const:.string:_ctypes_</name>
         <load_address>0x56f0</load_address>
         <run_address>0x56f0</run_address>
         <size>0x101</size>
         <input_file_ref idref="fl-db"/>
      </object_component>
      <object_component id="oc-3cc">
         <name>.const:g_sFontCm20</name>
         <load_address>0x57f4</load_address>
         <run_address>0x57f4</run_address>
         <size>0xc8</size>
         <input_file_ref idref="fl-ea"/>
      </object_component>
      <object_component id="oc-38b">
         <name>.const:g_pui32GPIOBaseAddrs</name>
         <load_address>0x58bc</load_address>
         <run_address>0x58bc</run_address>
         <size>0x90</size>
         <input_file_ref idref="fl-ee"/>
      </object_component>
      <object_component id="oc-209">
         <name>.const:g_pui32Xtals</name>
         <load_address>0x594c</load_address>
         <run_address>0x594c</run_address>
         <size>0x6c</size>
         <input_file_ref idref="fl-f1"/>
      </object_component>
      <object_component id="oc-2c5">
         <name>.const:g_sXTALtoMEMTIM</name>
         <load_address>0x59b8</load_address>
         <run_address>0x59b8</run_address>
         <size>0x30</size>
         <input_file_ref idref="fl-f1"/>
      </object_component>
      <object_component id="oc-190">
         <name>.const:g_sKentec320x240x16_SSD2119</name>
         <load_address>0x59e8</load_address>
         <run_address>0x59e8</run_address>
         <size>0x28</size>
         <input_file_ref idref="fl-4"/>
      </object_component>
      <object_component id="oc-104">
         <name>.const:g_pi32TouchParameters</name>
         <load_address>0x5a10</load_address>
         <run_address>0x5a10</run_address>
         <size>0x1c</size>
         <input_file_ref idref="fl-5"/>
      </object_component>
      <object_component id="oc-23b">
         <name>.const</name>
         <load_address>0x5a2c</load_address>
         <run_address>0x5a2c</run_address>
         <size>0x10</size>
         <input_file_ref idref="fl-e5"/>
      </object_component>
      <object_component id="oc-331">
         <name>.const:g_ui32UARTBase</name>
         <load_address>0x5a3c</load_address>
         <run_address>0x5a3c</run_address>
         <size>0xc</size>
         <input_file_ref idref="fl-6"/>
      </object_component>
      <object_component id="oc-32e">
         <name>.const:g_ui32UARTPeriph</name>
         <load_address>0x5a48</load_address>
         <run_address>0x5a48</run_address>
         <size>0xc</size>
         <input_file_ref idref="fl-6"/>
      </object_component>
      <object_component id="oc-20f">
         <name>.const</name>
         <load_address>0x5a54</load_address>
         <run_address>0x5a54</run_address>
         <size>0x8</size>
         <input_file_ref idref="fl-f1"/>
      </object_component>
      <object_component id="oc-5a4">
         <name>.cinit..data.load</name>
         <load_address>0x5a60</load_address>
         <run_address>0x5a60</run_address>
         <size>0x4c</size>
      </object_component>
      <object_component id="oc-5a2">
         <name>__TI_handler_table</name>
         <load_address>0x5aac</load_address>
         <run_address>0x5aac</run_address>
         <size>0xc</size>
      </object_component>
      <object_component id="oc-5a5">
         <name>.cinit..bss.load</name>
         <load_address>0x5ab8</load_address>
         <run_address>0x5ab8</run_address>
         <size>0x8</size>
      </object_component>
      <object_component id="oc-5a3">
         <name>__TI_cinit_table</name>
         <load_address>0x5ac0</load_address>
         <run_address>0x5ac0</run_address>
         <size>0x10</size>
      </object_component>
      <object_component id="oc-b5">
         <name>.data</name>
         <load_address>0x200006b8</load_address>
         <run_address>0x200006b8</run_address>
         <size>0x8</size>
         <input_file_ref idref="fl-3"/>
      </object_component>
      <object_component id="oc-283">
         <name>.data:g_Timer0_canvas</name>
         <load_address>0x20000608</load_address>
         <run_address>0x20000608</run_address>
         <size>0x40</size>
         <input_file_ref idref="fl-3"/>
      </object_component>
      <object_component id="oc-28c">
         <name>.data:g_Timer1_canvas</name>
         <load_address>0x20000648</load_address>
         <run_address>0x20000648</run_address>
         <size>0x40</size>
         <input_file_ref idref="fl-3"/>
      </object_component>
      <object_component id="oc-193">
         <name>.data:g_psPanels</name>
         <load_address>0x20000588</load_address>
         <run_address>0x20000588</run_address>
         <size>0x80</size>
         <input_file_ref idref="fl-3"/>
      </object_component>
      <object_component id="oc-107">
         <name>.data</name>
         <load_address>0x200006cc</load_address>
         <run_address>0x200006cc</run_address>
         <size>0x4</size>
         <input_file_ref idref="fl-5"/>
      </object_component>
      <object_component id="oc-2b1">
         <name>.data</name>
         <load_address>0x200006c0</load_address>
         <run_address>0x200006c0</run_address>
         <size>0x5</size>
         <input_file_ref idref="fl-6"/>
      </object_component>
      <object_component id="oc-518">
         <name>.data</name>
         <load_address>0x200006c8</load_address>
         <run_address>0x200006c8</run_address>
         <size>0x4</size>
         <input_file_ref idref="fl-df"/>
      </object_component>
      <object_component id="oc-b8">
         <name>.data</name>
         <load_address>0x20000688</load_address>
         <run_address>0x20000688</run_address>
         <size>0x2d</size>
         <input_file_ref idref="fl-e9"/>
      </object_component>
      <object_component id="oc-9b">
         <name>.bss</name>
         <uninitialized>true</uninitialized>
         <run_address>0x20000570</run_address>
         <size>0x8</size>
         <input_file_ref idref="fl-5"/>
      </object_component>
      <object_component id="oc-10a">
         <name>.bss:g_pi16Samples</name>
         <uninitialized>true</uninitialized>
         <run_address>0x20000560</run_address>
         <size>0x10</size>
         <input_file_ref idref="fl-5"/>
      </object_component>
      <object_component id="oc-137">
         <name>.bss:g_psMQ</name>
         <uninitialized>true</uninitialized>
         <run_address>0x20000400</run_address>
         <size>0x140</size>
         <input_file_ref idref="fl-e9"/>
      </object_component>
      <object_component id="oc-196">
         <name>.common:g_ui32SysClock</name>
         <uninitialized>true</uninitialized>
         <run_address>0x20000580</run_address>
         <size>0x4</size>
      </object_component>
      <object_component id="oc-bb">
         <name>.common:g_ui32Flags</name>
         <uninitialized>true</uninitialized>
         <run_address>0x2000057c</run_address>
         <size>0x4</size>
      </object_component>
      <object_component id="oc-a1">
         <name>.common:g_i16TouchX</name>
         <uninitialized>true</uninitialized>
         <run_address>0x20000584</run_address>
         <size>0x2</size>
      </object_component>
      <object_component id="oc-9e">
         <name>.common:g_i16TouchY</name>
         <uninitialized>true</uninitialized>
         <run_address>0x20000586</run_address>
         <size>0x2</size>
      </object_component>
      <object_component id="oc-23e">
         <name>.common:g_psGrLibDefaults</name>
         <uninitialized>true</uninitialized>
         <run_address>0x20000578</run_address>
         <size>0x4</size>
      </object_component>
      <object_component id="oc-4ab">
         <name>.common:g_pui8Dictionary</name>
         <uninitialized>true</uninitialized>
         <run_address>0x20000540</run_address>
         <size>0x20</size>
      </object_component>
      <object_component id="oc-24">
         <name>.stack</name>
         <uninitialized>true</uninitialized>
         <run_address>0x20000000</run_address>
         <size>0x4</size>
         <input_file_ref idref="fl-c8"/>
      </object_component>
      <object_component id="oc-5a7">
         <name>.stack</name>
         <uninitialized>true</uninitialized>
         <run_address>0x20000000</run_address>
         <size>0x0</size>
      </object_component>
      <object_component id="oc-53">
         <name>.debug_info</name>
         <load_address>0x0</load_address>
         <run_address>0x0</run_address>
         <size>0x35e</size>
         <input_file_ref idref="fl-2"/>
      </object_component>
      <object_component id="oc-13">
         <name>.debug_info</name>
         <load_address>0x35e</load_address>
         <run_address>0x35e</run_address>
         <size>0x11b</size>
         <input_file_ref idref="fl-2"/>
      </object_component>
      <object_component id="oc-29">
         <name>.debug_info</name>
         <load_address>0x479</load_address>
         <run_address>0x479</run_address>
         <size>0x14b</size>
         <input_file_ref idref="fl-2"/>
      </object_component>
      <object_component id="oc-2e">
         <name>.debug_info</name>
         <load_address>0x5c4</load_address>
         <run_address>0x5c4</run_address>
         <size>0x139</size>
         <input_file_ref idref="fl-2"/>
      </object_component>
      <object_component id="oc-3a">
         <name>.debug_info</name>
         <load_address>0x6fd</load_address>
         <run_address>0x6fd</run_address>
         <size>0x154</size>
         <input_file_ref idref="fl-2"/>
      </object_component>
      <object_component id="oc-34">
         <name>.debug_info</name>
         <load_address>0x851</load_address>
         <run_address>0x851</run_address>
         <size>0x140</size>
         <input_file_ref idref="fl-2"/>
      </object_component>
      <object_component id="oc-c7">
         <name>.debug_info</name>
         <load_address>0x991</load_address>
         <run_address>0x991</run_address>
         <size>0x26b</size>
         <input_file_ref idref="fl-2"/>
      </object_component>
      <object_component id="oc-5a">
         <name>.debug_info</name>
         <load_address>0xbfc</load_address>
         <run_address>0xbfc</run_address>
         <size>0x84</size>
         <input_file_ref idref="fl-2"/>
      </object_component>
      <object_component id="oc-157">
         <name>.debug_info</name>
         <load_address>0xc80</load_address>
         <run_address>0xc80</run_address>
         <size>0x2a4</size>
         <input_file_ref idref="fl-2"/>
      </object_component>
      <object_component id="oc-cc">
         <name>.debug_info</name>
         <load_address>0xf24</load_address>
         <run_address>0xf24</run_address>
         <size>0xbb</size>
         <input_file_ref idref="fl-2"/>
      </object_component>
      <object_component id="oc-bc">
         <name>.debug_info</name>
         <load_address>0xfdf</load_address>
         <run_address>0xfdf</run_address>
         <size>0x99f</size>
         <input_file_ref idref="fl-3"/>
      </object_component>
      <object_component id="oc-b6">
         <name>.debug_info</name>
         <load_address>0x197e</load_address>
         <run_address>0x197e</run_address>
         <size>0x12f</size>
         <input_file_ref idref="fl-3"/>
      </object_component>
      <object_component id="oc-284">
         <name>.debug_info</name>
         <load_address>0x1aad</load_address>
         <run_address>0x1aad</run_address>
         <size>0x11c</size>
         <input_file_ref idref="fl-3"/>
      </object_component>
      <object_component id="oc-28d">
         <name>.debug_info</name>
         <load_address>0x1bc9</load_address>
         <run_address>0x1bc9</run_address>
         <size>0x11c</size>
         <input_file_ref idref="fl-3"/>
      </object_component>
      <object_component id="oc-194">
         <name>.debug_info</name>
         <load_address>0x1ce5</load_address>
         <run_address>0x1ce5</run_address>
         <size>0x112</size>
         <input_file_ref idref="fl-3"/>
      </object_component>
      <object_component id="oc-345">
         <name>.debug_info</name>
         <load_address>0x1df7</load_address>
         <run_address>0x1df7</run_address>
         <size>0x215</size>
         <input_file_ref idref="fl-3"/>
      </object_component>
      <object_component id="oc-17f">
         <name>.debug_info</name>
         <load_address>0x200c</load_address>
         <run_address>0x200c</run_address>
         <size>0x17f</size>
         <input_file_ref idref="fl-3"/>
      </object_component>
      <object_component id="oc-f3">
         <name>.debug_info</name>
         <load_address>0x218b</load_address>
         <run_address>0x218b</run_address>
         <size>0x288</size>
         <input_file_ref idref="fl-3"/>
      </object_component>
      <object_component id="oc-4d">
         <name>.debug_info</name>
         <load_address>0x2413</load_address>
         <run_address>0x2413</run_address>
         <size>0x1c3</size>
         <input_file_ref idref="fl-3"/>
      </object_component>
      <object_component id="oc-47">
         <name>.debug_info</name>
         <load_address>0x25d6</load_address>
         <run_address>0x25d6</run_address>
         <size>0x1c3</size>
         <input_file_ref idref="fl-3"/>
      </object_component>
      <object_component id="oc-112">
         <name>.debug_info</name>
         <load_address>0x2799</load_address>
         <run_address>0x2799</run_address>
         <size>0x6bd</size>
         <input_file_ref idref="fl-3"/>
      </object_component>
      <object_component id="oc-14d">
         <name>.debug_info</name>
         <load_address>0x2e56</load_address>
         <run_address>0x2e56</run_address>
         <size>0xea</size>
         <input_file_ref idref="fl-3"/>
      </object_component>
      <object_component id="oc-117">
         <name>.debug_info</name>
         <load_address>0x2f40</load_address>
         <run_address>0x2f40</run_address>
         <size>0xc6</size>
         <input_file_ref idref="fl-3"/>
      </object_component>
      <object_component id="oc-bf">
         <name>.debug_info</name>
         <load_address>0x3006</load_address>
         <run_address>0x3006</run_address>
         <size>0x8b</size>
         <input_file_ref idref="fl-3"/>
      </object_component>
      <object_component id="oc-12b">
         <name>.debug_info</name>
         <load_address>0x3091</load_address>
         <run_address>0x3091</run_address>
         <size>0x2c</size>
         <input_file_ref idref="fl-3"/>
      </object_component>
      <object_component id="oc-152">
         <name>.debug_info</name>
         <load_address>0x30bd</load_address>
         <run_address>0x30bd</run_address>
         <size>0x35</size>
         <input_file_ref idref="fl-3"/>
      </object_component>
      <object_component id="oc-234">
         <name>.debug_info</name>
         <load_address>0x30f2</load_address>
         <run_address>0x30f2</run_address>
         <size>0x78e</size>
         <input_file_ref idref="fl-4"/>
      </object_component>
      <object_component id="oc-191">
         <name>.debug_info</name>
         <load_address>0x3880</load_address>
         <run_address>0x3880</run_address>
         <size>0x1a2</size>
         <input_file_ref idref="fl-4"/>
      </object_component>
      <object_component id="oc-21c">
         <name>.debug_info</name>
         <load_address>0x3a22</load_address>
         <run_address>0x3a22</run_address>
         <size>0x32e</size>
         <input_file_ref idref="fl-4"/>
      </object_component>
      <object_component id="oc-222">
         <name>.debug_info</name>
         <load_address>0x3d50</load_address>
         <run_address>0x3d50</run_address>
         <size>0x326</size>
         <input_file_ref idref="fl-4"/>
      </object_component>
      <object_component id="oc-270">
         <name>.debug_info</name>
         <load_address>0x4076</load_address>
         <run_address>0x4076</run_address>
         <size>0x524</size>
         <input_file_ref idref="fl-4"/>
      </object_component>
      <object_component id="oc-25e">
         <name>.debug_info</name>
         <load_address>0x459a</load_address>
         <run_address>0x459a</run_address>
         <size>0x56f</size>
         <input_file_ref idref="fl-4"/>
      </object_component>
      <object_component id="oc-258">
         <name>.debug_info</name>
         <load_address>0x4b09</load_address>
         <run_address>0x4b09</run_address>
         <size>0x422</size>
         <input_file_ref idref="fl-4"/>
      </object_component>
      <object_component id="oc-26a">
         <name>.debug_info</name>
         <load_address>0x4f2b</load_address>
         <run_address>0x4f2b</run_address>
         <size>0x45e</size>
         <input_file_ref idref="fl-4"/>
      </object_component>
      <object_component id="oc-264">
         <name>.debug_info</name>
         <load_address>0x5389</load_address>
         <run_address>0x5389</run_address>
         <size>0x4b1</size>
         <input_file_ref idref="fl-4"/>
      </object_component>
      <object_component id="oc-215">
         <name>.debug_info</name>
         <load_address>0x583a</load_address>
         <run_address>0x583a</run_address>
         <size>0x486</size>
         <input_file_ref idref="fl-4"/>
      </object_component>
      <object_component id="oc-173">
         <name>.debug_info</name>
         <load_address>0x5cc0</load_address>
         <run_address>0x5cc0</run_address>
         <size>0xda6</size>
         <input_file_ref idref="fl-4"/>
      </object_component>
      <object_component id="oc-27c">
         <name>.debug_info</name>
         <load_address>0x6a66</load_address>
         <run_address>0x6a66</run_address>
         <size>0x2d2</size>
         <input_file_ref idref="fl-4"/>
      </object_component>
      <object_component id="oc-276">
         <name>.debug_info</name>
         <load_address>0x6d38</load_address>
         <run_address>0x6d38</run_address>
         <size>0x31e</size>
         <input_file_ref idref="fl-4"/>
      </object_component>
      <object_component id="oc-9f">
         <name>.debug_info</name>
         <load_address>0x7056</load_address>
         <run_address>0x7056</run_address>
         <size>0x8ba</size>
         <input_file_ref idref="fl-5"/>
      </object_component>
      <object_component id="oc-105">
         <name>.debug_info</name>
         <load_address>0x7910</load_address>
         <run_address>0x7910</run_address>
         <size>0x17e</size>
         <input_file_ref idref="fl-5"/>
      </object_component>
      <object_component id="oc-108">
         <name>.debug_info</name>
         <load_address>0x7a8e</load_address>
         <run_address>0x7a8e</run_address>
         <size>0x1b4</size>
         <input_file_ref idref="fl-5"/>
      </object_component>
      <object_component id="oc-9c">
         <name>.debug_info</name>
         <load_address>0x7c42</load_address>
         <run_address>0x7c42</run_address>
         <size>0x199</size>
         <input_file_ref idref="fl-5"/>
      </object_component>
      <object_component id="oc-10b">
         <name>.debug_info</name>
         <load_address>0x7ddb</load_address>
         <run_address>0x7ddb</run_address>
         <size>0x16d</size>
         <input_file_ref idref="fl-5"/>
      </object_component>
      <object_component id="oc-96">
         <name>.debug_info</name>
         <load_address>0x7f48</load_address>
         <run_address>0x7f48</run_address>
         <size>0x2c2</size>
         <input_file_ref idref="fl-5"/>
      </object_component>
      <object_component id="oc-40">
         <name>.debug_info</name>
         <load_address>0x820a</load_address>
         <run_address>0x820a</run_address>
         <size>0x276</size>
         <input_file_ref idref="fl-5"/>
      </object_component>
      <object_component id="oc-12a">
         <name>.debug_info</name>
         <load_address>0x8480</load_address>
         <run_address>0x8480</run_address>
         <size>0x2f8</size>
         <input_file_ref idref="fl-6"/>
      </object_component>
      <object_component id="oc-2b2">
         <name>.debug_info</name>
         <load_address>0x8778</load_address>
         <run_address>0x8778</run_address>
         <size>0x139</size>
         <input_file_ref idref="fl-6"/>
      </object_component>
      <object_component id="oc-332">
         <name>.debug_info</name>
         <load_address>0x88b1</load_address>
         <run_address>0x88b1</run_address>
         <size>0x141</size>
         <input_file_ref idref="fl-6"/>
      </object_component>
      <object_component id="oc-32f">
         <name>.debug_info</name>
         <load_address>0x89f2</load_address>
         <run_address>0x89f2</run_address>
         <size>0x145</size>
         <input_file_ref idref="fl-6"/>
      </object_component>
      <object_component id="oc-1e0">
         <name>.debug_info</name>
         <load_address>0x8b37</load_address>
         <run_address>0x8b37</run_address>
         <size>0x230</size>
         <input_file_ref idref="fl-6"/>
      </object_component>
      <object_component id="oc-126">
         <name>.debug_info</name>
         <load_address>0x8d67</load_address>
         <run_address>0x8d67</run_address>
         <size>0x362</size>
         <input_file_ref idref="fl-6"/>
      </object_component>
      <object_component id="oc-ad">
         <name>.debug_info</name>
         <load_address>0x90c9</load_address>
         <run_address>0x90c9</run_address>
         <size>0x1fd</size>
         <input_file_ref idref="fl-6"/>
      </object_component>
      <object_component id="oc-2b4">
         <name>.debug_info</name>
         <load_address>0x92c6</load_address>
         <run_address>0x92c6</run_address>
         <size>0x27b</size>
         <input_file_ref idref="fl-6"/>
      </object_component>
      <object_component id="oc-245">
         <name>.debug_info</name>
         <load_address>0x9541</load_address>
         <run_address>0x9541</run_address>
         <size>0x293</size>
         <input_file_ref idref="fl-6"/>
      </object_component>
      <object_component id="oc-419">
         <name>.debug_info</name>
         <load_address>0x97d4</load_address>
         <run_address>0x97d4</run_address>
         <size>0x333</size>
         <input_file_ref idref="fl-c2"/>
      </object_component>
      <object_component id="oc-3af">
         <name>.debug_info</name>
         <load_address>0x9b07</load_address>
         <run_address>0x9b07</run_address>
         <size>0x1d1</size>
         <input_file_ref idref="fl-c2"/>
      </object_component>
      <object_component id="oc-40d">
         <name>.debug_info</name>
         <load_address>0x9cd8</load_address>
         <run_address>0x9cd8</run_address>
         <size>0x18d</size>
         <input_file_ref idref="fl-c2"/>
      </object_component>
      <object_component id="oc-413">
         <name>.debug_info</name>
         <load_address>0x9e65</load_address>
         <run_address>0x9e65</run_address>
         <size>0x16d</size>
         <input_file_ref idref="fl-c2"/>
      </object_component>
      <object_component id="oc-51f">
         <name>.debug_info</name>
         <load_address>0x9fd2</load_address>
         <run_address>0x9fd2</run_address>
         <size>0x2c</size>
         <input_file_ref idref="fl-c2"/>
      </object_component>
      <object_component id="oc-61">
         <name>.debug_info</name>
         <load_address>0x9ffe</load_address>
         <run_address>0x9ffe</run_address>
         <size>0x119</size>
         <input_file_ref idref="fl-c3"/>
      </object_component>
      <object_component id="oc-1e5">
         <name>.debug_info</name>
         <load_address>0xa117</load_address>
         <run_address>0xa117</run_address>
         <size>0x142</size>
         <input_file_ref idref="fl-c4"/>
      </object_component>
      <object_component id="oc-e5">
         <name>.debug_info</name>
         <load_address>0xa259</load_address>
         <run_address>0xa259</run_address>
         <size>0x2d4</size>
         <input_file_ref idref="fl-c5"/>
      </object_component>
      <object_component id="oc-6d">
         <name>.debug_info</name>
         <load_address>0xa52d</load_address>
         <run_address>0xa52d</run_address>
         <size>0x1d2</size>
         <input_file_ref idref="fl-c5"/>
      </object_component>
      <object_component id="oc-e0">
         <name>.debug_info</name>
         <load_address>0xa6ff</load_address>
         <run_address>0xa6ff</run_address>
         <size>0x46</size>
         <input_file_ref idref="fl-c5"/>
      </object_component>
      <object_component id="oc-163">
         <name>.debug_info</name>
         <load_address>0xa745</load_address>
         <run_address>0xa745</run_address>
         <size>0x2c</size>
         <input_file_ref idref="fl-c5"/>
      </object_component>
      <object_component id="oc-6a">
         <name>.debug_info</name>
         <load_address>0xa771</load_address>
         <run_address>0xa771</run_address>
         <size>0x2a8</size>
         <input_file_ref idref="fl-c6"/>
      </object_component>
      <object_component id="oc-1c">
         <name>.debug_info</name>
         <load_address>0xaa19</load_address>
         <run_address>0xaa19</run_address>
         <size>0x1ea</size>
         <input_file_ref idref="fl-c6"/>
      </object_component>
      <object_component id="oc-65">
         <name>.debug_info</name>
         <load_address>0xac03</load_address>
         <run_address>0xac03</run_address>
         <size>0x46</size>
         <input_file_ref idref="fl-c6"/>
      </object_component>
      <object_component id="oc-d8">
         <name>.debug_info</name>
         <load_address>0xac49</load_address>
         <run_address>0xac49</run_address>
         <size>0x2c</size>
         <input_file_ref idref="fl-c6"/>
      </object_component>
      <object_component id="oc-d6">
         <name>.debug_info</name>
         <load_address>0xac75</load_address>
         <run_address>0xac75</run_address>
         <size>0x29e</size>
         <input_file_ref idref="fl-c7"/>
      </object_component>
      <object_component id="oc-16">
         <name>.debug_info</name>
         <load_address>0xaf13</load_address>
         <run_address>0xaf13</run_address>
         <size>0x250</size>
         <input_file_ref idref="fl-c7"/>
      </object_component>
      <object_component id="oc-55">
         <name>.debug_info</name>
         <load_address>0xb163</load_address>
         <run_address>0xb163</run_address>
         <size>0x60</size>
         <input_file_ref idref="fl-c7"/>
      </object_component>
      <object_component id="oc-15c">
         <name>.debug_info</name>
         <load_address>0xb1c3</load_address>
         <run_address>0xb1c3</run_address>
         <size>0x46</size>
         <input_file_ref idref="fl-c7"/>
      </object_component>
      <object_component id="oc-d1">
         <name>.debug_info</name>
         <load_address>0xb209</load_address>
         <run_address>0xb209</run_address>
         <size>0x39</size>
         <input_file_ref idref="fl-c7"/>
      </object_component>
      <object_component id="oc-25">
         <name>.debug_info</name>
         <load_address>0xb242</load_address>
         <run_address>0xb242</run_address>
         <size>0x10b</size>
         <input_file_ref idref="fl-c8"/>
      </object_component>
      <object_component id="oc-80">
         <name>.debug_info</name>
         <load_address>0xb34d</load_address>
         <run_address>0xb34d</run_address>
         <size>0x1a9</size>
         <input_file_ref idref="fl-c8"/>
      </object_component>
      <object_component id="oc-486">
         <name>.debug_info</name>
         <load_address>0xb4f6</load_address>
         <run_address>0xb4f6</run_address>
         <size>0x590</size>
         <input_file_ref idref="fl-c9"/>
      </object_component>
      <object_component id="oc-451">
         <name>.debug_info</name>
         <load_address>0xba86</load_address>
         <run_address>0xba86</run_address>
         <size>0x21e</size>
         <input_file_ref idref="fl-c9"/>
      </object_component>
      <object_component id="oc-4e2">
         <name>.debug_info</name>
         <load_address>0xbca4</load_address>
         <run_address>0xbca4</run_address>
         <size>0x1b3</size>
         <input_file_ref idref="fl-c9"/>
      </object_component>
      <object_component id="oc-4e8">
         <name>.debug_info</name>
         <load_address>0xbe57</load_address>
         <run_address>0xbe57</run_address>
         <size>0x21b</size>
         <input_file_ref idref="fl-c9"/>
      </object_component>
      <object_component id="oc-45c">
         <name>.debug_info</name>
         <load_address>0xc072</load_address>
         <run_address>0xc072</run_address>
         <size>0x3c0</size>
         <input_file_ref idref="fl-c9"/>
      </object_component>
      <object_component id="oc-4ef">
         <name>.debug_info</name>
         <load_address>0xc432</load_address>
         <run_address>0xc432</run_address>
         <size>0x30a</size>
         <input_file_ref idref="fl-c9"/>
      </object_component>
      <object_component id="oc-4f5">
         <name>.debug_info</name>
         <load_address>0xc73c</load_address>
         <run_address>0xc73c</run_address>
         <size>0x215</size>
         <input_file_ref idref="fl-c9"/>
      </object_component>
      <object_component id="oc-462">
         <name>.debug_info</name>
         <load_address>0xc951</load_address>
         <run_address>0xc951</run_address>
         <size>0x215</size>
         <input_file_ref idref="fl-c9"/>
      </object_component>
      <object_component id="oc-468">
         <name>.debug_info</name>
         <load_address>0xcb66</load_address>
         <run_address>0xcb66</run_address>
         <size>0x304</size>
         <input_file_ref idref="fl-c9"/>
      </object_component>
      <object_component id="oc-46e">
         <name>.debug_info</name>
         <load_address>0xce6a</load_address>
         <run_address>0xce6a</run_address>
         <size>0x4b5</size>
         <input_file_ref idref="fl-c9"/>
      </object_component>
      <object_component id="oc-407">
         <name>.debug_info</name>
         <load_address>0xd31f</load_address>
         <run_address>0xd31f</run_address>
         <size>0x5f4</size>
         <input_file_ref idref="fl-c9"/>
      </object_component>
      <object_component id="oc-487">
         <name>.debug_info</name>
         <load_address>0xd913</load_address>
         <run_address>0xd913</run_address>
         <size>0x86</size>
         <input_file_ref idref="fl-c9"/>
      </object_component>
      <object_component id="oc-524">
         <name>.debug_info</name>
         <load_address>0xd999</load_address>
         <run_address>0xd999</run_address>
         <size>0x39</size>
         <input_file_ref idref="fl-c9"/>
      </object_component>
      <object_component id="oc-564">
         <name>.debug_info</name>
         <load_address>0xd9d2</load_address>
         <run_address>0xd9d2</run_address>
         <size>0xb6</size>
         <input_file_ref idref="fl-c9"/>
      </object_component>
      <object_component id="oc-529">
         <name>.debug_info</name>
         <load_address>0xda88</load_address>
         <run_address>0xda88</run_address>
         <size>0x46</size>
         <input_file_ref idref="fl-c9"/>
      </object_component>
      <object_component id="oc-48c">
         <name>.debug_info</name>
         <load_address>0xdace</load_address>
         <run_address>0xdace</run_address>
         <size>0x46</size>
         <input_file_ref idref="fl-c9"/>
      </object_component>
      <object_component id="oc-2ba">
         <name>.debug_info</name>
         <load_address>0xdb14</load_address>
         <run_address>0xdb14</run_address>
         <size>0x115</size>
         <input_file_ref idref="fl-ca"/>
      </object_component>
      <object_component id="oc-4df">
         <name>.debug_info</name>
         <load_address>0xdc29</load_address>
         <run_address>0xdc29</run_address>
         <size>0x14c</size>
         <input_file_ref idref="fl-cb"/>
      </object_component>
      <object_component id="oc-457">
         <name>.debug_info</name>
         <load_address>0xdd75</load_address>
         <run_address>0xdd75</run_address>
         <size>0x128</size>
         <input_file_ref idref="fl-cc"/>
      </object_component>
      <object_component id="oc-4c8">
         <name>.debug_info</name>
         <load_address>0xde9d</load_address>
         <run_address>0xde9d</run_address>
         <size>0x12a</size>
         <input_file_ref idref="fl-cc"/>
      </object_component>
      <object_component id="oc-4c3">
         <name>.debug_info</name>
         <load_address>0xdfc7</load_address>
         <run_address>0xdfc7</run_address>
         <size>0x13a</size>
         <input_file_ref idref="fl-cd"/>
      </object_component>
      <object_component id="oc-4bf">
         <name>.debug_info</name>
         <load_address>0xe101</load_address>
         <run_address>0xe101</run_address>
         <size>0x13a</size>
         <input_file_ref idref="fl-ce"/>
      </object_component>
      <object_component id="oc-4cd">
         <name>.debug_info</name>
         <load_address>0xe23b</load_address>
         <run_address>0xe23b</run_address>
         <size>0x12e</size>
         <input_file_ref idref="fl-cf"/>
      </object_component>
      <object_component id="oc-4d8">
         <name>.debug_info</name>
         <load_address>0xe369</load_address>
         <run_address>0xe369</run_address>
         <size>0x12c</size>
         <input_file_ref idref="fl-d0"/>
      </object_component>
      <object_component id="oc-4b7">
         <name>.debug_info</name>
         <load_address>0xe495</load_address>
         <run_address>0xe495</run_address>
         <size>0x134</size>
         <input_file_ref idref="fl-d1"/>
      </object_component>
      <object_component id="oc-e7">
         <name>.debug_info</name>
         <load_address>0xe5c9</load_address>
         <run_address>0xe5c9</run_address>
[...]
      </symbol>
      <symbol id="sm-e">
         <name>__TI_prof_data_start</name>
         <value>0xffffffff</value>
      </symbol>
      <symbol id="sm-f">
         <name>__TI_prof_data_size</name>
         <value>0xffffffff</value>
      </symbol>
      <symbol id="sm-6b">
         <name>ResetISR</name>
         <value>0x4bc1</value>
         <object_component_ref idref="oc-27"/>
      </symbol>
      <symbol id="sm-6c">
         <name>g_pfnVectors</name>
         <value>0x0</value>
         <object_component_ref idref="oc-12"/>
      </symbol>
      <symbol id="sm-fe">
         <name>g_ui32SysClock</name>
         <value>0x20000580</value>
      </symbol>
      <symbol id="sm-ff">
         <name>g_ui32Flags</name>
         <value>0x2000057c</value>
      </symbol>
      <symbol id="sm-100">
         <name>g_Timer0_canvas</name>
         <value>0x20000608</value>
         <object_component_ref idref="oc-283"/>
      </symbol>
      <symbol id="sm-101">
         <name>counter1</name>
         <value>0x200006bc</value>
         <object_component_ref idref="oc-b5"/>
      </symbol>
      <symbol id="sm-102">
         <name>counter0</name>
         <value>0x200006b8</value>
         <object_component_ref idref="oc-b5"/>
      </symbol>
      <symbol id="sm-103">
         <name>OnCanvasPaint</name>
         <value>0x3a41</value>
         <object_component_ref idref="oc-344"/>
      </symbol>
      <symbol id="sm-104">
         <name>main</name>
         <value>0x2745</value>
         <object_component_ref idref="oc-f2"/>
      </symbol>
      <symbol id="sm-105">
         <name>ConfigureUART</name>
         <value>0x41f1</value>
         <object_component_ref idref="oc-17e"/>
      </symbol>
      <symbol id="sm-106">
         <name>g_psPanels</name>
         <value>0x20000588</value>
         <object_component_ref idref="oc-193"/>
      </symbol>
      <symbol id="sm-107">
         <name>Timer0IntHandler</name>
         <value>0x37b5</value>
         <object_component_ref idref="oc-45"/>
      </symbol>
      <symbol id="sm-108">
         <name>g_Timer1_canvas</name>
         <value>0x20000648</value>
         <object_component_ref idref="oc-28c"/>
      </symbol>
      <symbol id="sm-109">
         <name>Timer1IntHandler</name>
         <value>0x3901</value>
         <object_component_ref idref="oc-4b"/>
      </symbol>
      <symbol id="sm-1c4">
         <name>Kentec320x240x16_SSD2119Init</name>
         <value>0xc51</value>
         <object_component_ref idref="oc-172"/>
      </symbol>
      <symbol id="sm-1c5">
         <name>g_sKentec320x240x16_SSD2119</name>
         <value>0x59e8</value>
         <object_component_ref idref="oc-190"/>
      </symbol>
      <symbol id="sm-21f">
         <name>g_i16TouchX</name>
         <value>0x20000584</value>
      </symbol>
      <symbol id="sm-220">
         <name>g_i16TouchY</name>
         <value>0x20000586</value>
      </symbol>
      <symbol id="sm-221">
         <name>g_pi32TouchParameters</name>
         <value>0x5a10</value>
         <object_component_ref idref="oc-104"/>
      </symbol>
      <symbol id="sm-222">
         <name>g_i16TouchMin</name>
         <value>0x200006cc</value>
         <object_component_ref idref="oc-107"/>
      </symbol>
      <symbol id="sm-223">
         <name>TouchScreenIntHandler</name>
         <value>0x2d91</value>
         <object_component_ref idref="oc-3f"/>
      </symbol>
      <symbol id="sm-291">
         <name>UARTStdioConfig</name>
         <value>0x4131</value>
         <object_component_ref idref="oc-242"/>
      </symbol>
      <symbol id="sm-292">
         <name>UARTwrite</name>
         <value>0x451d</value>
         <object_component_ref idref="oc-1de"/>
      </symbol>
      <symbol id="sm-293">
         <name>UARTprintf</name>
         <value>0x4a49</value>
         <object_component_ref idref="oc-a9"/>
      </symbol>
      <symbol id="sm-294">
         <name>UARTvprintf</name>
         <value>0x1ebd</value>
         <object_component_ref idref="oc-123"/>
      </symbol>
      <symbol id="sm-2bb">
         <name>sprintf</name>
         <value>0x4705</value>
         <object_component_ref idref="oc-3ae"/>
      </symbol>
      <symbol id="sm-2d6">
         <name>memcpy</name>
         <value>0x39a5</value>
         <object_component_ref idref="oc-5f"/>
      </symbol>
      <symbol id="sm-2d7">
         <name>__aeabi_memcpy</name>
         <value>0x39a5</value>
         <object_component_ref idref="oc-5f"/>
      </symbol>
      <symbol id="sm-2d8">
         <name>__aeabi_memcpy8</name>
         <value>0x39a5</value>
         <object_component_ref idref="oc-5f"/>
      </symbol>
      <symbol id="sm-2d9">
         <name>__aeabi_memcpy4</name>
         <value>0x39a5</value>
         <object_component_ref idref="oc-5f"/>
      </symbol>
      <symbol id="sm-2e8">
         <name>__aeabi_uidivmod</name>
         <value>0x46c5</value>
         <object_component_ref idref="oc-1e4"/>
      </symbol>
      <symbol id="sm-2e9">
         <name>__aeabi_uidiv</name>
         <value>0x46c5</value>
         <object_component_ref idref="oc-1e4"/>
      </symbol>
      <symbol id="sm-302">
         <name>__TI_zero_init_nomemset</name>
         <value>0x4a11</value>
         <object_component_ref idref="oc-6b"/>
      </symbol>
      <symbol id="sm-319">
         <name>__TI_decompress_none</name>
         <value>0x4b6f</value>
         <object_component_ref idref="oc-1b"/>
      </symbol>
      <symbol id="sm-33c">
         <name>__TI_decompress_lzss</name>
         <value>0x3f35</value>
         <object_component_ref idref="oc-15"/>
      </symbol>
      <symbol id="sm-34f">
         <name>__stack</name>
         <value>0x20000000</value>
         <object_component_ref idref="oc-24"/>
      </symbol>
      <symbol id="sm-350">
         <name>_c_int00_noargs</name>
         <value>0x482d</value>
         <object_component_ref idref="oc-7d"/>
      </symbol>
      <symbol id="sm-4b5">
         <name>__TI_printfi</name>
         <value>0x201</value>
         <object_component_ref idref="oc-406"/>
      </symbol>
      <symbol id="sm-4bf">
         <name>__aeabi_idiv0</name>
         <value>0x29eb</value>
         <object_component_ref idref="oc-2b8"/>
      </symbol>
      <symbol id="sm-4c0">
         <name>__aeabi_ldiv0</name>
         <value>0x29eb</value>
         <object_component_ref idref="oc-2b8"/>
      </symbol>
      <symbol id="sm-4d7">
         <name>__aeabi_dsub</name>
         <value>0x227d</value>
         <object_component_ref idref="oc-4dc"/>
      </symbol>
      <symbol id="sm-4d8">
         <name>__aeabi_dadd</name>
         <value>0x2287</value>
         <object_component_ref idref="oc-4dc"/>
      </symbol>
      <symbol id="sm-4fa">
         <name>__aeabi_cdcmpeq</name>
         <value>0x3bf5</value>
         <object_component_ref idref="oc-456"/>
      </symbol>
      <symbol id="sm-4fb">
         <name>__aeabi_cdcmple</name>
         <value>0x3bf5</value>
         <object_component_ref idref="oc-456"/>
      </symbol>
      <symbol id="sm-4fc">
         <name>__aeabi_cdrcmple</name>
         <value>0x3c7b</value>
         <object_component_ref idref="oc-4c7"/>
      </symbol>
      <symbol id="sm-510">
         <name>__aeabi_ddiv</name>
         <value>0x2b29</value>
         <object_component_ref idref="oc-4c2"/>
      </symbol>
      <symbol id="sm-51b">
         <name>__aeabi_dmul</name>
         <value>0x3219</value>
         <object_component_ref idref="oc-4bd"/>
      </symbol>
      <symbol id="sm-525">
         <name>__aeabi_d2iz</name>
         <value>0x45ad</value>
         <object_component_ref idref="oc-4cc"/>
      </symbol>
      <symbol id="sm-52f">
         <name>__aeabi_i2d</name>
         <value>0x488f</value>
         <object_component_ref idref="oc-4d7"/>
      </symbol>
      <symbol id="sm-53c">
         <name>__aeabi_uldivmod</name>
         <value>0x3ad9</value>
         <object_component_ref idref="oc-4b6"/>
      </symbol>
      <symbol id="sm-54b">
         <name>__aeabi_memset</name>
         <value>0x3d7f</value>
         <object_component_ref idref="oc-e6"/>
      </symbol>
      <symbol id="sm-54c">
         <name>memset</name>
         <value>0x3d85</value>
         <object_component_ref idref="oc-e6"/>
      </symbol>
      <symbol id="sm-54d">
         <name>__aeabi_memset8</name>
         <value>0x3d7f</value>
         <object_component_ref idref="oc-e6"/>
      </symbol>
      <symbol id="sm-54e">
         <name>__aeabi_memset4</name>
         <value>0x3d7f</value>
         <object_component_ref idref="oc-e6"/>
      </symbol>
      <symbol id="sm-54f">
         <name>__aeabi_memclr8</name>
         <value>0x3d7d</value>
         <object_component_ref idref="oc-e6"/>
      </symbol>
      <symbol id="sm-550">
         <name>__aeabi_memclr4</name>
         <value>0x3d7d</value>
         <object_component_ref idref="oc-e6"/>
      </symbol>
      <symbol id="sm-551">
         <name>__aeabi_memclr</name>
         <value>0x3d7d</value>
         <object_component_ref idref="oc-e6"/>
      </symbol>
      <symbol id="sm-579">
         <name>__TI_auto_init_nobinit_nopinit</name>
         <value>0x4681</value>
         <object_component_ref idref="oc-1a4"/>
      </symbol>
      <symbol id="sm-583">
         <name>_system_pre_init</name>
         <value>0x4bd7</value>
         <object_component_ref idref="oc-ec"/>
      </symbol>
      <symbol id="sm-58f">
         <name>C$$EXIT</name>
         <value>0x4bdb</value>
         <object_component_ref idref="oc-198"/>
      </symbol>
      <symbol id="sm-590">
         <name>abort</name>
         <value>0x4bdb</value>
         <object_component_ref idref="oc-198"/>
      </symbol>
      <symbol id="sm-5a0">
         <name>__TI_ltoa</name>
         <value>0x42fd</value>
         <object_component_ref idref="oc-4d1"/>
      </symbol>
      <symbol id="sm-5b7">
         <name>atoi</name>
         <value>0x443d</value>
         <object_component_ref idref="oc-44a"/>
      </symbol>
      <symbol id="sm-5c2">
         <name>_ctypes_</name>
         <value>0x56f0</value>
         <object_component_ref idref="oc-4b1"/>
      </symbol>
      <symbol id="sm-5d2">
         <name>memccpy</name>
         <value>0x4a2d</value>
         <object_component_ref idref="oc-473"/>
      </symbol>
      <symbol id="sm-5e2">
         <name>strchr</name>
         <value>0x4ad9</value>
         <object_component_ref idref="oc-508"/>
      </symbol>
      <symbol id="sm-5f0">
         <name>strlen</name>
         <value>0x4b17</value>
         <object_component_ref idref="oc-444"/>
      </symbol>
      <symbol id="sm-606">
         <name>__aeabi_errno_addr</name>
         <value>0x4bad</value>
         <object_component_ref idref="oc-47f"/>
      </symbol>
      <symbol id="sm-607">
         <name>errno</name>
         <value>0x200006c8</value>
         <object_component_ref idref="oc-518"/>
      </symbol>
      <symbol id="sm-627">
         <name>frexpl</name>
         <value>0x40cd</value>
         <object_component_ref idref="oc-4fc"/>
      </symbol>
      <symbol id="sm-628">
         <name>frexp</name>
         <value>0x40cd</value>
         <object_component_ref idref="oc-4fc"/>
      </symbol>
      <symbol id="sm-645">
         <name>scalbn</name>
         <value>0x3109</value>
         <object_component_ref idref="oc-502"/>
      </symbol>
      <symbol id="sm-646">
         <name>scalbnl</name>
         <value>0x3109</value>
         <object_component_ref idref="oc-502"/>
      </symbol>
      <symbol id="sm-647">
         <name>ldexpl</name>
         <value>0x3109</value>
         <object_component_ref idref="oc-502"/>
      </symbol>
      <symbol id="sm-648">
         <name>ldexp</name>
         <value>0x3109</value>
         <object_component_ref idref="oc-502"/>
      </symbol>
      <symbol id="sm-661">
         <name>wcslen</name>
         <value>0x4b4f</value>
         <object_component_ref idref="oc-479"/>
      </symbol>
      <symbol id="sm-66b">
         <name>copysign</name>
         <value>0x4a63</value>
         <object_component_ref idref="oc-54d"/>
      </symbol>
      <symbol id="sm-66c">
         <name>copysignl</name>
         <value>0x4a63</value>
         <object_component_ref idref="oc-54d"/>
      </symbol>
      <symbol id="sm-6a1">
         <name>CanvasMsgProc</name>
         <value>0x4aef</value>
         <object_component_ref idref="oc-286"/>
      </symbol>
      <symbol id="sm-6cc">
         <name>GrContextInit</name>
         <value>0x3e65</value>
         <object_component_ref idref="oc-178"/>
      </symbol>
      <symbol id="sm-6cd">
         <name>GrContextClipRegionSet</name>
         <value>0x3f9d</value>
         <object_component_ref idref="oc-3d0"/>
      </symbol>
      <symbol id="sm-6ce">
         <name>g_psDefaultCodePointMapTable</name>
         <value>0x5a2c</value>
         <object_component_ref idref="oc-23b"/>
      </symbol>
      <symbol id="sm-725">
         <name>GrImageDraw</name>
         <value>0x4b61</value>
         <object_component_ref idref="oc-3e2"/>
      </symbol>
      <symbol id="sm-73c">
         <name>GrRectFill</name>
         <value>0x3b6f</value>
         <object_component_ref idref="oc-3d6"/>
      </symbol>
      <symbol id="sm-73d">
         <name>GrRectDraw</name>
         <value>0x4003</value>
         <object_component_ref idref="oc-3dc"/>
      </symbol>
      <symbol id="sm-7e9">
         <name>GrFontInfoGet</name>
         <value>0x496b</value>
         <object_component_ref idref="oc-309"/>
      </symbol>
      <symbol id="sm-7ea">
         <name>GrDefaultStringRenderer</name>
         <value>0x34d5</value>
         <object_component_ref idref="oc-235"/>
      </symbol>
      <symbol id="sm-7eb">
         <name>GrFontGlyphRender</name>
         <value>0x1a69</value>
         <object_component_ref idref="oc-31b"/>
      </symbol>
      <symbol id="sm-7ec">
         <name>GrFontHeightGet</name>
         <value>0x48e9</value>
         <object_component_ref idref="oc-3e8"/>
      </symbol>
      <symbol id="sm-7ed">
         <name>GrContextFontSet</name>
         <value>0x4bbb</value>
         <object_component_ref idref="oc-3b4"/>
      </symbol>
      <symbol id="sm-7ee">
         <name>GrFontGlyphDataGet</name>
         <value>0x4991</value>
         <object_component_ref idref="oc-315"/>
      </symbol>
      <symbol id="sm-7ef">
         <name>GrStringDraw</name>
         <value>0x4aad</value>
         <object_component_ref idref="oc-3c6"/>
      </symbol>
      <symbol id="sm-7f0">
         <name>GrFontCodepageGet</name>
         <value>0x49d5</value>
         <object_component_ref idref="oc-495"/>
      </symbol>
      <symbol id="sm-7f1">
         <name>GrStringNextCharGet</name>
         <value>0x4861</value>
         <object_component_ref idref="oc-30f"/>
      </symbol>
      <symbol id="sm-7f2">
         <name>GrStringWidthGet</name>
         <value>0x3ecd</value>
         <object_component_ref idref="oc-3ba"/>
      </symbol>
      <symbol id="sm-7f3">
         <name>GrFontBaselineGet</name>
         <value>0x48bd</value>
         <object_component_ref idref="oc-3c0"/>
      </symbol>
      <symbol id="sm-880">
         <name>g_sRoot</name>
         <value>0x20000688</value>
         <object_component_ref idref="oc-b8"/>
      </symbol>
      <symbol id="sm-881">
         <name>WidgetMessageQueueAdd</name>
         <value>0x3315</value>
         <object_component_ref idref="oc-af"/>
      </symbol>
      <symbol id="sm-882">
         <name>WidgetMessageSendPostOrder</name>
         <value>0x364d</value>
         <object_component_ref idref="oc-250"/>
      </symbol>
      <symbol id="sm-883">
         <name>WidgetAdd</name>
         <value>0x49f3</value>
         <object_component_ref idref="oc-184"/>
      </symbol>
      <symbol id="sm-884">
         <name>WidgetDefaultMsgProc</name>
         <value>0x4bd3</value>
         <object_component_ref idref="oc-13e"/>
      </symbol>
      <symbol id="sm-885">
         <name>WidgetMutexPut</name>
         <value>0x4bcd</value>
         <object_component_ref idref="oc-131"/>
      </symbol>
      <symbol id="sm-886">
         <name>WidgetMessageQueueProcess</name>
         <value>0x4069</value>
         <object_component_ref idref="oc-18a"/>
      </symbol>
      <symbol id="sm-887">
         <name>WidgetMutexGet</name>
         <value>0x4b03</value>
         <object_component_ref idref="oc-130"/>
      </symbol>
      <symbol id="sm-888">
         <name>WidgetMessageSendPreOrder</name>
         <value>0x4191</value>
         <object_component_ref idref="oc-24a"/>
      </symbol>
      <symbol id="sm-89a">
         <name>g_sFontCm20</name>
         <value>0x57f4</value>
         <object_component_ref idref="oc-3cc"/>
      </symbol>
      <symbol id="sm-8a7">
         <name>GrMapISO8859_1_Unicode</name>
         <value>0x4b9b</value>
         <object_component_ref idref="oc-324"/>
      </symbol>
      <symbol id="sm-8c0">
         <name>GrLineDrawH</name>
         <value>0x45f5</value>
         <object_component_ref idref="oc-42d"/>
      </symbol>
      <symbol id="sm-8c1">
         <name>GrLineDrawV</name>
         <value>0x463b</value>
         <object_component_ref idref="oc-433"/>
      </symbol>
      <symbol id="sm-904">
         <name>GPIOPinConfigure</name>
         <value>0x44d5</value>
         <object_component_ref idref="oc-2e3"/>
      </symbol>
      <symbol id="sm-905">
         <name>GPIOPinTypeGPIOOutput</name>
         <value>0x4a7d</value>
         <object_component_ref idref="oc-2dd"/>
      </symbol>
      <symbol id="sm-906">
         <name>GPIODirModeSet</name>
         <value>0x4941</value>
         <object_component_ref idref="oc-384"/>
      </symbol>
      <symbol id="sm-907">
         <name>GPIOPinWrite</name>
         <value>0x4bb5</value>
         <object_component_ref idref="oc-a3"/>
      </symbol>
      <symbol id="sm-908">
         <name>GPIOPadConfigSet</name>
         <value>0x2c5f</value>
         <object_component_ref idref="oc-37e"/>
      </symbol>
      <symbol id="sm-909">
         <name>GPIOPinTypeSSI</name>
         <value>0x4b2b</value>
         <object_component_ref idref="oc-2e9"/>
      </symbol>
      <symbol id="sm-93a">
         <name>SSIDataPut</name>
         <value>0x4b7d</value>
         <object_component_ref idref="oc-227"/>
      </symbol>
      <symbol id="sm-93b">
         <name>SSIDataGetNonBlocking</name>
         <value>0x4b3d</value>
         <object_component_ref idref="oc-2fb"/>
      </symbol>
      <symbol id="sm-93c">
         <name>SSIConfigSetExpClk</name>
         <value>0x4783</value>
         <object_component_ref idref="oc-2ef"/>
      </symbol>
      <symbol id="sm-93d">
         <name>SSIEnable</name>
         <value>0x4b87</value>
         <object_component_ref idref="oc-2f5"/>
      </symbol>
      <symbol id="sm-93e">
         <name>SSIBusy</name>
         <value>0x4ba3</value>
         <object_component_ref idref="oc-22d"/>
      </symbol>
      <symbol id="sm-9af">
         <name>SysCtlDelay</name>
         <value>0x4bc7</value>
         <object_component_ref idref="oc-21a"/>
      </symbol>
      <symbol id="sm-9b0">
         <name>SysCtlPeripheralEnable</name>
         <value>0x47f9</value>
         <object_component_ref idref="oc-2d7"/>
      </symbol>
      <symbol id="sm-9b1">
         <name>SysCtlClockFreqSet</name>
         <value>0x1cbd</value>
         <object_component_ref idref="oc-16c"/>
      </symbol>
      <symbol id="sm-9b4">
         <name>__TI_static_base__</name>
         <value>0x0</value>
      </symbol>
      <symbol id="sm-9b7">
         <name>__mpu_init</name>
         <value>0x0</value>
      </symbol>
      <symbol id="sm-9b8">
         <name>_system_post_cinit</name>
         <value>0x0</value>
      </symbol>
   </symbol_table>
   <title>Link successful</title>
</link_info>
